Archive member included to satisfy reference by file (symbol)

C:/environ/arm-gnu-toolchain/arm-gnu-toolchain-13.3.rel1-mingw-w64-i686-arm-none-eabi/bin/../lib/gcc/arm-none-eabi/13.3.1/thumb/v7-m/nofp\libg.a(libc_a-exit.o)
                              C:/environ/arm-gnu-toolchain/arm-gnu-toolchain-13.3.rel1-mingw-w64-i686-arm-none-eabi/bin/../lib/gcc/arm-none-eabi/13.3.1/thumb/v7-m/nofp/crt0.o (exit)
C:/environ/arm-gnu-toolchain/arm-gnu-toolchain-13.3.rel1-mingw-w64-i686-arm-none-eabi/bin/../lib/gcc/arm-none-eabi/13.3.1/thumb/v7-m/nofp\libg.a(libc_a-findfp.o)
                              C:/environ/arm-gnu-toolchain/arm-gnu-toolchain-13.3.rel1-mingw-w64-i686-arm-none-eabi/bin/../lib/gcc/arm-none-eabi/13.3.1/thumb/v7-m/nofp\libg.a(libc_a-exit.o) (__stdio_exit_handler)
C:/environ/arm-gnu-toolchain/arm-gnu-toolchain-13.3.rel1-mingw-w64-i686-arm-none-eabi/bin/../lib/gcc/arm-none-eabi/13.3.1/thumb/v7-m/nofp\libg.a(libc_a-fwalk.o)
                              C:/environ/arm-gnu-toolchain/arm-gnu-toolchain-13.3.rel1-mingw-w64-i686-arm-none-eabi/bin/../lib/gcc/arm-none-eabi/13.3.1/thumb/v7-m/nofp\libg.a(libc_a-findfp.o) (_fwalk_sglue)
C:/environ/arm-gnu-toolchain/arm-gnu-toolchain-13.3.rel1-mingw-w64-i686-arm-none-eabi/bin/../lib/gcc/arm-none-eabi/13.3.1/thumb/v7-m/nofp\libg.a(libc_a-stdio.o)
                              C:/environ/arm-gnu-toolchain/arm-gnu-toolchain-13.3.rel1-mingw-w64-i686-arm-none-eabi/bin/../lib/gcc/arm-none-eabi/13.3.1/thumb/v7-m/nofp\libg.a(libc_a-findfp.o) (__sread)
C:/environ/arm-gnu-toolchain/arm-gnu-toolchain-13.3.rel1-mingw-w64-i686-arm-none-eabi/bin/../lib/gcc/arm-none-eabi/13.3.1/thumb/v7-m/nofp\libg.a(libc_a-memset.o)
                              C:/environ/arm-gnu-toolchain/arm-gnu-toolchain-13.3.rel1-mingw-w64-i686-arm-none-eabi/bin/../lib/gcc/arm-none-eabi/13.3.1/thumb/v7-m/nofp/crt0.o (memset)
C:/environ/arm-gnu-toolchain/arm-gnu-toolchain-13.3.rel1-mingw-w64-i686-arm-none-eabi/bin/../lib/gcc/arm-none-eabi/13.3.1/thumb/v7-m/nofp\libg.a(libc_a-closer.o)
                              C:/environ/arm-gnu-toolchain/arm-gnu-toolchain-13.3.rel1-mingw-w64-i686-arm-none-eabi/bin/../lib/gcc/arm-none-eabi/13.3.1/thumb/v7-m/nofp\libg.a(libc_a-stdio.o) (_close_r)
C:/environ/arm-gnu-toolchain/arm-gnu-toolchain-13.3.rel1-mingw-w64-i686-arm-none-eabi/bin/../lib/gcc/arm-none-eabi/13.3.1/thumb/v7-m/nofp\libg.a(libc_a-reent.o)
                              C:/environ/arm-gnu-toolchain/arm-gnu-toolchain-13.3.rel1-mingw-w64-i686-arm-none-eabi/bin/../lib/gcc/arm-none-eabi/13.3.1/thumb/v7-m/nofp\libg.a(libc_a-closer.o) (errno)
C:/environ/arm-gnu-toolchain/arm-gnu-toolchain-13.3.rel1-mingw-w64-i686-arm-none-eabi/bin/../lib/gcc/arm-none-eabi/13.3.1/thumb/v7-m/nofp\libg.a(libc_a-impure.o)
                              C:/environ/arm-gnu-toolchain/arm-gnu-toolchain-13.3.rel1-mingw-w64-i686-arm-none-eabi/bin/../lib/gcc/arm-none-eabi/13.3.1/thumb/v7-m/nofp\libg.a(libc_a-reent.o) (_impure_ptr)
C:/environ/arm-gnu-toolchain/arm-gnu-toolchain-13.3.rel1-mingw-w64-i686-arm-none-eabi/bin/../lib/gcc/arm-none-eabi/13.3.1/thumb/v7-m/nofp\libg.a(libc_a-lseekr.o)
                              C:/environ/arm-gnu-toolchain/arm-gnu-toolchain-13.3.rel1-mingw-w64-i686-arm-none-eabi/bin/../lib/gcc/arm-none-eabi/13.3.1/thumb/v7-m/nofp\libg.a(libc_a-stdio.o) (_lseek_r)
C:/environ/arm-gnu-toolchain/arm-gnu-toolchain-13.3.rel1-mingw-w64-i686-arm-none-eabi/bin/../lib/gcc/arm-none-eabi/13.3.1/thumb/v7-m/nofp\libg.a(libc_a-readr.o)
                              C:/environ/arm-gnu-toolchain/arm-gnu-toolchain-13.3.rel1-mingw-w64-i686-arm-none-eabi/bin/../lib/gcc/arm-none-eabi/13.3.1/thumb/v7-m/nofp\libg.a(libc_a-stdio.o) (_read_r)
C:/environ/arm-gnu-toolchain/arm-gnu-toolchain-13.3.rel1-mingw-w64-i686-arm-none-eabi/bin/../lib/gcc/arm-none-eabi/13.3.1/thumb/v7-m/nofp\libg.a(libc_a-writer.o)
                              C:/environ/arm-gnu-toolchain/arm-gnu-toolchain-13.3.rel1-mingw-w64-i686-arm-none-eabi/bin/../lib/gcc/arm-none-eabi/13.3.1/thumb/v7-m/nofp\libg.a(libc_a-stdio.o) (_write_r)
C:/environ/arm-gnu-toolchain/arm-gnu-toolchain-13.3.rel1-mingw-w64-i686-arm-none-eabi/bin/../lib/gcc/arm-none-eabi/13.3.1/thumb/v7-m/nofp\libg.a(libc_a-errno.o)
                              CMakeFiles/Transimit.elf.dir/Core/Src/syscalls.c.obj (__errno)
C:/environ/arm-gnu-toolchain/arm-gnu-toolchain-13.3.rel1-mingw-w64-i686-arm-none-eabi/bin/../lib/gcc/arm-none-eabi/13.3.1/thumb/v7-m/nofp\libg.a(libc_a-init.o)
                              C:/environ/arm-gnu-toolchain/arm-gnu-toolchain-13.3.rel1-mingw-w64-i686-arm-none-eabi/bin/../lib/gcc/arm-none-eabi/13.3.1/thumb/v7-m/nofp/crt0.o (__libc_init_array)
C:/environ/arm-gnu-toolchain/arm-gnu-toolchain-13.3.rel1-mingw-w64-i686-arm-none-eabi/bin/../lib/gcc/arm-none-eabi/13.3.1/thumb/v7-m/nofp\libg.a(libc_a-lock.o)
[...]
Memory Configuration

Name             Origin             Length             Attributes
RAM              0x20000000         0x00005000         xrw
FLASH            0x08000000         0x00010000         xr
*default*        0x00000000         0xffffffff

Linker script and memory map

LOAD C:/environ/arm-gnu-toolchain/arm-gnu-toolchain-13.3.rel1-mingw-w64-i686-arm-none-eabi/bin/../lib/gcc/arm-none-eabi/13.3.1/thumb/v7-m/nofp/crti.o
LOAD C:/environ/arm-gnu-toolchain/arm-gnu-toolchain-13.3.rel1-mingw-w64-i686-arm-none-eabi/bin/../lib/gcc/arm-none-eabi/13.3.1/thumb/v7-m/nofp/crtbegin.o
LOAD C:/environ/arm-gnu-toolchain/arm-gnu-toolchain-13.3.rel1-mingw-w64-i686-arm-none-eabi/bin/../lib/gcc/arm-none-eabi/13.3.1/thumb/v7-m/nofp/crt0.o
LOAD CMakeFiles/Transimit.elf.dir/Core/Src/gpio.c.obj
LOAD CMakeFiles/Transimit.elf.dir/Core/Src/main.c.obj
LOAD CMakeFiles/Transimit.elf.dir/Core/Src/stm32f1xx_hal_msp.c.obj
LOAD CMakeFiles/Transimit.elf.dir/Core/Src/stm32f1xx_it.c.obj
LOAD CMakeFiles/Transimit.elf.dir/Core/Src/syscalls.c.obj
LOAD CMakeFiles/Transimit.elf.dir/Core/Src/sysmem.c.obj
LOAD CMakeFiles/Transimit.elf.dir/Core/Src/system_stm32f1xx.c.obj
LOAD CMakeFiles/Transimit.elf.dir/Core/Src/usart.c.obj
LOAD CMakeFiles/Transimit.elf.dir/Core/Startup/startup_stm32f103c8tx.s.obj
LOAD CMakeFiles/Transimit.elf.dir/Drivers/STM32F1xx_HAL_Driver/Src/stm32f1xx_hal.c.obj
LOAD CMakeFiles/Transimit.elf.dir/Drivers/STM32F1xx_HAL_Driver/Src/stm32f1xx_hal_cortex.c.obj
LOAD CMakeFiles/Transimit.elf.dir/Drivers/STM32F1xx_HAL_Driver/Src/stm32f1xx_hal_dma.c.obj
LOAD CMakeFiles/Transimit.elf.dir/Drivers/STM32F1xx_HAL_Driver/Src/stm32f1xx_hal_exti.c.obj
LOAD CMakeFiles/Transimit.elf.dir/Drivers/STM32F1xx_HAL_Driver/Src/stm32f1xx_hal_flash.c.obj
LOAD CMakeFiles/Transimit.elf.dir/Drivers/STM32F1xx_HAL_Driver/Src/stm32f1xx_hal_flash_ex.c.obj
LOAD CMakeFiles/Transimit.elf.dir/Drivers/STM32F1xx_HAL_Driver/Src/stm32f1xx_hal_gpio.c.obj
LOAD CMakeFiles/Transimit.elf.dir/Drivers/STM32F1xx_HAL_Driver/Src/stm32f1xx_hal_gpio_ex.c.obj
LOAD CMakeFiles/Transimit.elf.dir/Drivers/STM32F1xx_HAL_Driver/Src/stm32f1xx_hal_pwr.c.obj
LOAD CMakeFiles/Transimit.elf.dir/Drivers/STM32F1xx_HAL_Driver/Src/stm32f1xx_hal_rcc.c.obj
LOAD CMakeFiles/Transimit.elf.dir/Drivers/STM32F1xx_HAL_Driver/Src/stm32f1xx_hal_rcc_ex.c.obj
LOAD CMakeFiles/Transimit.elf.dir/Drivers/STM32F1xx_HAL_Driver/Src/stm32f1xx_hal_tim.c.obj
LOAD CMakeFiles/Transimit.elf.dir/Drivers/STM32F1xx_HAL_Driver/Src/stm32f1xx_hal_tim_ex.c.obj
LOAD CMakeFiles/Transimit.elf.dir/Drivers/STM32F1xx_HAL_Driver/Src/stm32f1xx_hal_uart.c.obj
START GROUP
LOAD C:/environ/arm-gnu-toolchain/arm-gnu-toolchain-13.3.rel1-mingw-w64-i686-arm-none-eabi/bin/../lib/gcc/arm-none-eabi/13.3.1/thumb/v7-m/nofp\libgcc.a
LOAD C:/environ/arm-gnu-toolchain/arm-gnu-toolchain-13.3.rel1-mingw-w64-i686-arm-none-eabi/bin/../lib/gcc/arm-none-eabi/13.3.1/thumb/v7-m/nofp\libg.a
LOAD C:/environ/arm-gnu-toolchain/arm-gnu-toolchain-13.3.rel1-mingw-w64-i686-arm-none-eabi/bin/../lib/gcc/arm-none-eabi/13.3.1/thumb/v7-m/nofp\libc.a
END GROUP
LOAD C:/environ/arm-gnu-toolchain/arm-gnu-toolchain-13.3.rel1-mingw-w64-i686-arm-none-eabi/bin/../lib/gcc/arm-none-eabi/13.3.1/thumb/v7-m/nofp/crtend.o
LOAD C:/environ/arm-gnu-toolchain/arm-gnu-toolchain-13.3.rel1-mingw-w64-i686-arm-none-eabi/bin/../lib/gcc/arm-none-eabi/13.3.1/thumb/v7-m/nofp/crtn.o
                0x20005000                        _estack = (ORIGIN (RAM) + LENGTH (RAM))
                0x00000200                        _Min_Heap_Size = 0x200
                0x00000400                        _Min_Stack_Size = 0x400

.isr_vector     0x08000000      0x10c
                0x08000000                        . = ALIGN (0x4)
 *(.isr_vector)
 .isr_vector    0x08000000      0x10c CMakeFiles/Transimit.elf.dir/Core/Startup/startup_stm32f103c8tx.s.obj
                0x08000000                g_pfnVectors
                0x0800010c                        . = ALIGN (0x4)

.text           0x0800010c     0x180c
                0x0800010c                        . = ALIGN (0x4)
 *(.text)
 *(.text*)
 .text.deregister_tm_clones
                0x0800010c       0x1c C:/environ/arm-gnu-toolchain/arm-gnu-toolchain-13.3.rel1-mingw-w64-i686-arm-none-eabi/bin/../lib/gcc/arm-none-eabi/13.3.1/thumb/v7-m/nofp/crtbegin.o
 .text.register_tm_clones
                0x08000128       0x24 C:/environ/arm-gnu-toolchain/arm-gnu-toolchain-13.3.rel1-mingw-w64-i686-arm-none-eabi/bin/../lib/gcc/arm-none-eabi/13.3.1/thumb/v7-m/nofp/crtbegin.o
 .text.__do_global_dtors_aux
                0x0800014c       0x28 C:/environ/arm-gnu-toolchain/arm-gnu-toolchain-13.3.rel1-mingw-w64-i686-arm-none-eabi/bin/../lib/gcc/arm-none-eabi/13.3.1/thumb/v7-m/nofp/crtbegin.o
 .text.frame_dummy
                0x08000174       0x24 C:/environ/arm-gnu-toolchain/arm-gnu-toolchain-13.3.rel1-mingw-w64-i686-arm-none-eabi/bin/../lib/gcc/arm-none-eabi/13.3.1/thumb/v7-m/nofp/crtbegin.o
 .text.MX_GPIO_Init
                0x08000198       0x30 CMakeFiles/Transimit.elf.dir/Core/Src/gpio.c.obj
                0x08000198                MX_GPIO_Init
 .text.isAllZero
                0x080001c8       0x18 CMakeFiles/Transimit.elf.dir/Core/Src/main.c.obj
                0x080001c8                isAllZero
 .text.Error_Handler
                0x080001e0        0x4 CMakeFiles/Transimit.elf.dir/Core/Src/main.c.obj
                0x080001e0                Error_Handler
 .text.SystemClock_Config
                0x080001e4       0x64 CMakeFiles/Transimit.elf.dir/Core/Src/main.c.obj
                0x080001e4                SystemClock_Config
 .text.main     0x08000248       0x88 CMakeFiles/Transimit.elf.dir/Core/Src/main.c.obj
                0x08000248                main
 .text.HAL_MspInit
                0x080002d0       0x44 CMakeFiles/Transimit.elf.dir/Core/Src/stm32f1xx_hal_msp.c.obj
                0x080002d0                HAL_MspInit
 .text.NMI_Handler
                0x08000314        0x2 CMakeFiles/Transimit.elf.dir/Core/Src/stm32f1xx_it.c.obj
                0x08000314                NMI_Handler
 .text.HardFault_Handler
                0x08000316        0x2 CMakeFiles/Transimit.elf.dir/Core/Src/stm32f1xx_it.c.obj
                0x08000316                HardFault_Handler
 .text.MemManage_Handler
                0x08000318        0x2 CMakeFiles/Transimit.elf.dir/Core/Src/stm32f1xx_it.c.obj
                0x08000318                MemManage_Handler
 .text.BusFault_Handler
                0x0800031a        0x2 CMakeFiles/Transimit.elf.dir/Core/Src/stm32f1xx_it.c.obj
                0x0800031a                BusFault_Handler
 .text.UsageFault_Handler
                0x0800031c        0x2 CMakeFiles/Transimit.elf.dir/Core/Src/stm32f1xx_it.c.obj
                0x0800031c                UsageFault_Handler
 .text.SVC_Handler
                0x0800031e        0x2 CMakeFiles/Transimit.elf.dir/Core/Src/stm32f1xx_it.c.obj
                0x0800031e                SVC_Handler
 .text.DebugMon_Handler
                0x08000320        0x2 CMakeFiles/Transimit.elf.dir/Core/Src/stm32f1xx_it.c.obj
                0x08000320                DebugMon_Handler
 .text.PendSV_Handler
                0x08000322        0x2 CMakeFiles/Transimit.elf.dir/Core/Src/stm32f1xx_it.c.obj
                0x08000322                PendSV_Handler
 .text.SysTick_Handler
                0x08000324        0x8 CMakeFiles/Transimit.elf.dir/Core/Src/stm32f1xx_it.c.obj
                0x08000324                SysTick_Handler
 .text.USART1_IRQHandler
                0x0800032c       0x10 CMakeFiles/Transimit.elf.dir/Core/Src/stm32f1xx_it.c.obj
                0x0800032c                USART1_IRQHandler
 .text.USART2_IRQHandler
                0x0800033c       0x10 CMakeFiles/Transimit.elf.dir/Core/Src/stm32f1xx_it.c.obj
                0x0800033c                USART2_IRQHandler
 .text.SystemInit
                0x0800034c        0x2 CMakeFiles/Transimit.elf.dir/Core/Src/system_stm32f1xx.c.obj
                0x0800034c                SystemInit
 *fill*         0x0800034e        0x2 
 .text.MX_USART1_UART_Init
                0x08000350       0x34 CMakeFiles/Transimit.elf.dir/Core/Src/usart.c.obj
                0x08000350                MX_USART1_UART_Init
 .text.MX_USART2_UART_Init
                0x08000384       0x34 CMakeFiles/Transimit.elf.dir/Core/Src/usart.c.obj
                0x08000384                MX_USART2_UART_Init
 .text.HAL_UART_MspInit
                0x080003b8       0xf4 CMakeFiles/Transimit.elf.dir/Core/Src/usart.c.obj
                0x080003b8                HAL_UART_MspInit
 .text.Reset_Handler
                0x080004ac       0x48 CMakeFiles/Transimit.elf.dir/Core/Startup/startup_stm32f103c8tx.s.obj
                0x080004ac                Reset_Handler
 .text.Default_Handler
                0x080004f4        0x2 CMakeFiles/Transimit.elf.dir/Core/Startup/startup_stm32f103c8tx.s.obj
                0x080004f4                RTC_Alarm_IRQHandler
                0x080004f4                EXTI2_IRQHandler
                0x080004f4                TIM1_CC_IRQHandler
                0x080004f4                PVD_IRQHandler
                0x080004f4                EXTI3_IRQHandler
                0x080004f4                EXTI0_IRQHandler
                0x080004f4                I2C2_EV_IRQHandler
                0x080004f4                ADC1_2_IRQHandler
                0x080004f4                SPI1_IRQHandler
                0x080004f4                TAMPER_IRQHandler
                0x080004f4                DMA1_Channel4_IRQHandler
                0x080004f4                USART3_IRQHandler
                0x080004f4                RTC_IRQHandler
                0x080004f4                DMA1_Channel7_IRQHandler
                0x080004f4                CAN1_RX1_IRQHandler
                0x080004f4                TIM4_IRQHandler
                0x080004f4                I2C1_EV_IRQHandler
                0x080004f4                DMA1_Channel6_IRQHandler
                0x080004f4                TIM3_IRQHandler
                0x080004f4                RCC_IRQHandler
                0x080004f4                TIM1_TRG_COM_IRQHandler
                0x080004f4                DMA1_Channel1_IRQHandler
                0x080004f4                Default_Handler
                0x080004f4                EXTI15_10_IRQHandler
                0x080004f4                EXTI9_5_IRQHandler
                0x080004f4                SPI2_IRQHandler
                0x080004f4                DMA1_Channel5_IRQHandler
                0x080004f4                EXTI4_IRQHandler
                0x080004f4                USB_LP_CAN1_RX0_IRQHandler
                0x080004f4                USB_HP_CAN1_TX_IRQHandler
                0x080004f4                DMA1_Channel3_IRQHandler
                0x080004f4                TIM1_UP_IRQHandler
                0x080004f4                WWDG_IRQHandler
                0x080004f4                TIM2_IRQHandler
                0x080004f4                TIM1_BRK_IRQHandler
                0x080004f4                EXTI1_IRQHandler
                0x080004f4                I2C2_ER_IRQHandler
                0x080004f4                DMA1_Channel2_IRQHandler
                0x080004f4                CAN1_SCE_IRQHandler
                0x080004f4                FLASH_IRQHandler
                0x080004f4                I2C1_ER_IRQHandler
                0x080004f4                USBWakeUp_IRQHandler
 *fill*         0x080004f6        0x2 
 .text.HAL_InitTick
                0x080004f8       0x4c CMakeFiles/Transimit.elf.dir/Drivers/STM32F1xx_HAL_Driver/Src/stm32f1xx_hal.c.obj
                0x080004f8                HAL_InitTick
 .text.HAL_Init
                0x08000544       0x24 CMakeFiles/Transimit.elf.dir/Drivers/STM32F1xx_HAL_Driver/Src/stm32f1xx_hal.c.obj
                0x08000544                HAL_Init
 .text.HAL_IncTick
                0x08000568       0x18 CMakeFiles/Transimit.elf.dir/Drivers/STM32F1xx_HAL_Driver/Src/stm32f1xx_hal.c.obj
                0x08000568                HAL_IncTick
 .text.HAL_GetTick
                0x08000580        0xc CMakeFiles/Transimit.elf.dir/Drivers/STM32F1xx_HAL_Driver/Src/stm32f1xx_hal.c.obj
                0x08000580                HAL_GetTick
 .text.HAL_Delay
                0x0800058c       0x28 CMakeFiles/Transimit.elf.dir/Drivers/STM32F1xx_HAL_Driver/Src/stm32f1xx_hal.c.obj
                0x0800058c                HAL_Delay
 .text.__NVIC_SetPriority
                0x080005b4       0x28 CMakeFiles/Transimit.elf.dir/Drivers/STM32F1xx_HAL_Driver/Src/stm32f1xx_hal_cortex.c.obj
 .text.NVIC_EncodePriority
                0x080005dc       0x3e CMakeFiles/Transimit.elf.dir/Drivers/STM32F1xx_HAL_Driver/Src/stm32f1xx_hal_cortex.c.obj
 *fill*         0x0800061a        0x2 
 .text.HAL_NVIC_SetPriorityGrouping
                0x0800061c       0x24 CMakeFiles/Transimit.elf.dir/Drivers/STM32F1xx_HAL_Driver/Src/stm32f1xx_hal_cortex.c.obj
                0x0800061c                HAL_NVIC_SetPriorityGrouping
 .text.HAL_NVIC_SetPriority
                0x08000640       0x20 CMakeFiles/Transimit.elf.dir/Drivers/STM32F1xx_HAL_Driver/Src/stm32f1xx_hal_cortex.c.obj
                0x08000640                HAL_NVIC_SetPriority
 .text.HAL_NVIC_EnableIRQ
                0x08000660       0x1c CMakeFiles/Transimit.elf.dir/Drivers/STM32F1xx_HAL_Driver/Src/stm32f1xx_hal_cortex.c.obj
                0x08000660                HAL_NVIC_EnableIRQ
 .text.HAL_SYSTICK_Config
                0x0800067c       0x28 CMakeFiles/Transimit.elf.dir/Drivers/STM32F1xx_HAL_Driver/Src/stm32f1xx_hal_cortex.c.obj
                0x0800067c                HAL_SYSTICK_Config
 .text.HAL_DMA_Abort
                0x080006a4       0x46 CMakeFiles/Transimit.elf.dir/Drivers/STM32F1xx_HAL_Driver/Src/stm32f1xx_hal_dma.c.obj
                0x080006a4                HAL_DMA_Abort
 *fill*         0x080006ea        0x2 
 .text.HAL_DMA_Abort_IT
                0x080006ec       0x98 CMakeFiles/Transimit.elf.dir/Drivers/STM32F1xx_HAL_Driver/Src/stm32f1xx_hal_dma.c.obj
                0x080006ec                HAL_DMA_Abort_IT
 .text.HAL_GPIO_Init
                0x08000784      0x21c CMakeFiles/Transimit.elf.dir/Drivers/STM32F1xx_HAL_Driver/Src/stm32f1xx_hal_gpio.c.obj
                0x08000784                HAL_GPIO_Init
 .text.RCC_Delay
                0x080009a0       0x2c CMakeFiles/Transimit.elf.dir/Drivers/STM32F1xx_HAL_Driver/Src/stm32f1xx_hal_rcc.c.obj
 .text.HAL_RCC_OscConfig
                0x080009cc      0x410 CMakeFiles/Transimit.elf.dir/Drivers/STM32F1xx_HAL_Driver/Src/stm32f1xx_hal_rcc.c.obj
                0x080009cc                HAL_RCC_OscConfig
 .text.HAL_RCC_GetSysClockFreq
                0x08000ddc       0x54 CMakeFiles/Transimit.elf.dir/Drivers/STM32F1xx_HAL_Driver/Src/stm32f1xx_hal_rcc.c.obj
                0x08000ddc                HAL_RCC_GetSysClockFreq
 .text.HAL_RCC_ClockConfig
                0x08000e30      0x16c CMakeFiles/Transimit.elf.dir/Drivers/STM32F1xx_HAL_Driver/Src/stm32f1xx_hal_rcc.c.obj
                0x08000e30                HAL_RCC_ClockConfig
 .text.HAL_RCC_GetHCLKFreq
                0x08000f9c        0xc CMakeFiles/Transimit.elf.dir/Drivers/STM32F1xx_HAL_Driver/Src/stm32f1xx_hal_rcc.c.obj
                0x08000f9c                HAL_RCC_GetHCLKFreq
 .text.HAL_RCC_GetPCLK1Freq
                0x08000fa8       0x20 CMakeFiles/Transimit.elf.dir/Drivers/STM32F1xx_HAL_Driver/Src/stm32f1xx_hal_rcc.c.obj
                0x08000fa8                HAL_RCC_GetPCLK1Freq
 .text.HAL_RCC_GetPCLK2Freq
                0x08000fc8       0x20 CMakeFiles/Transimit.elf.dir/Drivers/STM32F1xx_HAL_Driver/Src/stm32f1xx_hal_rcc.c.obj
                0x08000fc8                HAL_RCC_GetPCLK2Freq
 .text.UART_EndRxTransfer
                0x08000fe8       0x5c CMakeFiles/Transimit.elf.dir/Drivers/STM32F1xx_HAL_Driver/Src/stm32f1xx_hal_uart.c.obj
 .text.UART_Transmit_IT
                0x08001044       0x60 CMakeFiles/Transimit.elf.dir/Drivers/STM32F1xx_HAL_Driver/Src/stm32f1xx_hal_uart.c.obj
 .text.UART_SetConfig
                0x080010a4       0x94 CMakeFiles/Transimit.elf.dir/Drivers/STM32F1xx_HAL_Driver/Src/stm32f1xx_hal_uart.c.obj
 .text.UART_WaitOnFlagUntilTimeout
                0x08001138       0x84 CMakeFiles/Transimit.elf.dir/Drivers/STM32F1xx_HAL_Driver/Src/stm32f1xx_hal_uart.c.obj
 .text.HAL_UART_Init
                0x080011bc       0x60 CMakeFiles/Transimit.elf.dir/Drivers/STM32F1xx_HAL_Driver/Src/stm32f1xx_hal_uart.c.obj
                0x080011bc                HAL_UART_Init
 .text.HAL_UART_Transmit
                0x0800121c       0xbe CMakeFiles/Transimit.elf.dir/Drivers/STM32F1xx_HAL_Driver/Src/stm32f1xx_hal_uart.c.obj
                0x0800121c                HAL_UART_Transmit
 .text.HAL_UART_Receive
                0x080012da       0xca CMakeFiles/Transimit.elf.dir/Drivers/STM32F1xx_HAL_Driver/Src/stm32f1xx_hal_uart.c.obj
                0x080012da                HAL_UART_Receive
 .text.HAL_UART_TxCpltCallback
                0x080013a4        0x2 CMakeFiles/Transimit.elf.dir/Drivers/STM32F1xx_HAL_Driver/Src/stm32f1xx_hal_uart.c.obj
                0x080013a4                HAL_UART_TxCpltCallback
 .text.UART_EndTransmit_IT
                0x080013a6       0x1a CMakeFiles/Transimit.elf.dir/Drivers/STM32F1xx_HAL_Driver/Src/stm32f1xx_hal_uart.c.obj
 .text.HAL_UART_RxCpltCallback
                0x080013c0        0x2 CMakeFiles/Transimit.elf.dir/Drivers/STM32F1xx_HAL_Driver/Src/stm32f1xx_hal_uart.c.obj
                0x080013c0                HAL_UART_RxCpltCallback
 .text.HAL_UART_ErrorCallback
                0x080013c2        0x2 CMakeFiles/Transimit.elf.dir/Drivers/STM32F1xx_HAL_Driver/Src/stm32f1xx_hal_uart.c.obj
                0x080013c2                HAL_UART_ErrorCallback
 .text.UART_DMAAbortOnError
                0x080013c4       0x10 CMakeFiles/Transimit.elf.dir/Drivers/STM32F1xx_HAL_Driver/Src/stm32f1xx_hal_uart.c.obj
 .text.HAL_UARTEx_RxEventCallback
                0x080013d4        0x2 CMakeFiles/Transimit.elf.dir/Drivers/STM32F1xx_HAL_Driver/Src/stm32f1xx_hal_uart.c.obj
                0x080013d4                HAL_UARTEx_RxEventCallback
 .text.UART_Receive_IT
                0x080013d6       0xe6 CMakeFiles/Transimit.elf.dir/Drivers/STM32F1xx_HAL_Driver/Src/stm32f1xx_hal_uart.c.obj
 .text.HAL_UART_IRQHandler
                0x080014bc      0x284 CMakeFiles/Transimit.elf.dir/Drivers/STM32F1xx_HAL_Driver/Src/stm32f1xx_hal_uart.c.obj
                0x080014bc                HAL_UART_IRQHandler
 .text.memset   0x08001740       0xa0 C:/environ/arm-gnu-toolchain/arm-gnu-toolchain-13.3.rel1-mingw-w64-i686-arm-none-eabi/bin/../lib/gcc/arm-none-eabi/13.3.1/thumb/v7-m/nofp\libg.a(libc_a-memset.o)
                0x08001740                memset
 .text.__libc_init_array
                0x080017e0       0x50 C:/environ/arm-gnu-toolchain/arm-gnu-toolchain-13.3.rel1-mingw-w64-i686-arm-none-eabi/bin/../lib/gcc/arm-none-eabi/13.3.1/thumb/v7-m/nofp\libg.a(libc_a-init.o)
                0x080017e0                __libc_init_array
 .text.__retarget_lock_acquire_recursive
                0x08001830        0x4 C:/environ/arm-gnu-toolchain/arm-gnu-toolchain-13.3.rel1-mingw-w64-i686-arm-none-eabi/bin/../lib/gcc/arm-none-eabi/13.3.1/thumb/v7-m/nofp\libg.a(libc_a-lock.o)
                0x08001830                __retarget_lock_acquire_recursive
 .text.__retarget_lock_release_recursive
                0x08001834        0x4 C:/environ/arm-gnu-toolchain/arm-gnu-toolchain-13.3.rel1-mingw-w64-i686-arm-none-eabi/bin/../lib/gcc/arm-none-eabi/13.3.1/thumb/v7-m/nofp\libg.a(libc_a-lock.o)
                0x08001834                __retarget_lock_release_recursive
 .text.startup.register_fini
                0x08001838       0x14 C:/environ/arm-gnu-toolchain/arm-gnu-toolchain-13.3.rel1-mingw-w64-i686-arm-none-eabi/bin/../lib/gcc/arm-none-eabi/13.3.1/thumb/v7-m/nofp\libg.a(libc_a-__call_atexit.o)
 .text.atexit   0x0800184c        0xc C:/environ/arm-gnu-toolchain/arm-gnu-toolchain-13.3.rel1-mingw-w64-i686-arm-none-eabi/bin/../lib/gcc/arm-none-eabi/13.3.1/thumb/v7-m/nofp\libg.a(libc_a-atexit.o)
                0x0800184c                atexit
 .text.__libc_fini_array
                0x08001858       0x28 C:/environ/arm-gnu-toolchain/arm-gnu-toolchain-13.3.rel1-mingw-w64-i686-arm-none-eabi/bin/../lib/gcc/arm-none-eabi/13.3.1/thumb/v7-m/nofp\libg.a(libc_a-fini.o)
                0x08001858                __libc_fini_array
 .text.__register_exitproc
                0x08001880       0x80 C:/environ/arm-gnu-toolchain/arm-gnu-toolchain-13.3.rel1-mingw-w64-i686-arm-none-eabi/bin/../lib/gcc/arm-none-eabi/13.3.1/thumb/v7-m/nofp\libg.a(libc_a-__atexit.o)
                0x08001880                __register_exitproc
 *(.glue_7)
 .glue_7        0x08001900        0x0 linker stubs
 *(.glue_7t)
 .glue_7t       0x08001900        0x0 linker stubs
 *(.eh_frame)
 .eh_frame      0x08001900        0x0 C:/environ/arm-gnu-toolchain/arm-gnu-toolchain-13.3.rel1-mingw-w64-i686-arm-none-eabi/bin/../lib/gcc/arm-none-eabi/13.3.1/thumb/v7-m/nofp/crtbegin.o
 *(.init)
 .init          0x08001900        0x4 C:/environ/arm-gnu-toolchain/arm-gnu-toolchain-13.3.rel1-mingw-w64-i686-arm-none-eabi/bin/../lib/gcc/arm-none-eabi/13.3.1/thumb/v7-m/nofp/crti.o
                0x08001900                _init
 .init          0x08001904        0x8 C:/environ/arm-gnu-toolchain/arm-gnu-toolchain-13.3.rel1-mingw-w64-i686-arm-none-eabi/bin/../lib/gcc/arm-none-eabi/13.3.1/thumb/v7-m/nofp/crtn.o
 *(.fini)
 .fini          0x0800190c        0x4 C:/environ/arm-gnu-toolchain/arm-gnu-toolchain-13.3.rel1-mingw-w64-i686-arm-none-eabi/bin/../lib/gcc/arm-none-eabi/13.3.1/thumb/v7-m/nofp/crti.o
                0x0800190c                _fini
 .fini          0x08001910        0x8 C:/environ/arm-gnu-toolchain/arm-gnu-toolchain-13.3.rel1-mingw-w64-i686-arm-none-eabi/bin/../lib/gcc/arm-none-eabi/13.3.1/thumb/v7-m/nofp/crtn.o
                0x08001918                        . = ALIGN (0x4)
                0x08001918                        _etext = .

.vfp11_veneer   0x08001918        0x0
 .vfp11_veneer  0x08001918        0x0 linker stubs

.v4_bx          0x08001918        0x0
 .v4_bx         0x08001918        0x0 linker stubs

.iplt           0x08001918        0x0
 .iplt          0x08001918        0x0 C:/environ/arm-gnu-toolchain/arm-gnu-toolchain-13.3.rel1-mingw-w64-i686-arm-none-eabi/bin/../lib/gcc/arm-none-eabi/13.3.1/thumb/v7-m/nofp/crtbegin.o

.rodata         0x08001918       0x2c
                0x08001918                        . = ALIGN (0x4)
 *(.rodata)
 *(.rodata*)
 .rodata.APBPrescTable
                0x08001918        0x8 CMakeFiles/Transimit.elf.dir/Core/Src/system_stm32f1xx.c.obj
                0x08001918                APBPrescTable
 .rodata.AHBPrescTable
                0x08001920       0x10 CMakeFiles/Transimit.elf.dir/Core/Src/system_stm32f1xx.c.obj
                0x08001920                AHBPrescTable
 .rodata.aPredivFactorTable.0
                0x08001930        0x2 CMakeFiles/Transimit.elf.dir/Drivers/STM32F1xx_HAL_Driver/Src/stm32f1xx_hal_rcc.c.obj
 *fill*         0x08001932        0x2 
 .rodata.aPLLMULFactorTable.1
                0x08001934       0x10 CMakeFiles/Transimit.elf.dir/Drivers/STM32F1xx_HAL_Driver/Src/stm32f1xx_hal_rcc.c.obj
                0x08001944                        . = ALIGN (0x4)

.ARM.extab      0x08001944        0x0
                0x08001944                        . = ALIGN (0x4)
 *(.ARM.extab* .gnu.linkonce.armextab.*)
                0x08001944                        . = ALIGN (0x4)

.ARM            0x08001944        0x0
                0x08001944                        . = ALIGN (0x4)
                0x08001944                        __exidx_start = .
 *(.ARM.exidx*)
                0x08001944                        __exidx_end = .
                0x08001944                        . = ALIGN (0x4)

.preinit_array  0x08001944        0x0
                0x08001944                        . = ALIGN (0x4)
                0x08001944                        PROVIDE (__preinit_array_start = .)
 *(.preinit_array*)
                0x08001944                        PROVIDE (__preinit_array_end = .)
                0x08001944                        . = ALIGN (0x4)

.init_array     0x08001944        0x8
                0x08001944                        . = ALIGN (0x4)
                0x08001944                        PROVIDE (__init_array_start = .)
 *(SORT_BY_NAME(.init_array.*))
 .init_array.00000
                0x08001944        0x4 C:/environ/arm-gnu-toolchain/arm-gnu-toolchain-13.3.rel1-mingw-w64-i686-arm-none-eabi/bin/../lib/gcc/arm-none-eabi/13.3.1/thumb/v7-m/nofp\libg.a(libc_a-__call_atexit.o)
 *(.init_array*)
 .init_array    0x08001948        0x4 C:/environ/arm-gnu-toolchain/arm-gnu-toolchain-13.3.rel1-mingw-w64-i686-arm-none-eabi/bin/../lib/gcc/arm-none-eabi/13.3.1/thumb/v7-m/nofp/crtbegin.o
                0x0800194c                        PROVIDE (__init_array_end = .)
                0x0800194c                        . = ALIGN (0x4)

.fini_array     0x0800194c        0x4
                0x0800194c                        . = ALIGN (0x4)
                0x0800194c                        PROVIDE (__fini_array_start = .)
 *(SORT_BY_NAME(.fini_array.*))
 *(.fini_array*)
 .fini_array    0x0800194c        0x4 C:/environ/arm-gnu-toolchain/arm-gnu-toolchain-13.3.rel1-mingw-w64-i686-arm-none-eabi/bin/../lib/gcc/arm-none-eabi/13.3.1/thumb/v7-m/nofp/crtbegin.o
                0x08001950                        PROVIDE (__fini_array_end = .)
                0x08001950                        . = ALIGN (0x4)
                0x08001950                        _sidata = LOADADDR (.data)

.rel.dyn        0x08001950        0x0
 .rel.iplt      0x08001950        0x0 C:/environ/arm-gnu-toolchain/arm-gnu-toolchain-13.3.rel1-mingw-w64-i686-arm-none-eabi/bin/../lib/gcc/arm-none-eabi/13.3.1/thumb/v7-m/nofp/crtbegin.o

.data           0x20000000       0x10 load address 0x08001950
                0x20000000                        . = ALIGN (0x4)
                0x20000000                        _sdata = .
 *(.data)
 *(.data*)
 .data.SystemCoreClock
                0x20000000        0x4 CMakeFiles/Transimit.elf.dir/Core/Src/system_stm32f1xx.c.obj
                0x20000000                SystemCoreClock
 .data.uwTickFreq
                0x20000004        0x1 CMakeFiles/Transimit.elf.dir/Drivers/STM32F1xx_HAL_Driver/Src/stm32f1xx_hal.c.obj
                0x20000004                uwTickFreq
 *fill*         0x20000005        0x3 
 .data.uwTickPrio
                0x20000008        0x4 CMakeFiles/Transimit.elf.dir/Drivers/STM32F1xx_HAL_Driver/Src/stm32f1xx_hal.c.obj
                0x20000008                uwTickPrio
 .data.__atexit_recursive_mutex
                0x2000000c        0x4 C:/environ/arm-gnu-toolchain/arm-gnu-toolchain-13.3.rel1-mingw-w64-i686-arm-none-eabi/bin/../lib/gcc/arm-none-eabi/13.3.1/thumb/v7-m/nofp\libg.a(libc_a-__call_atexit.o)
                0x2000000c                __atexit_recursive_mutex
 *(.RamFunc)
 *(.RamFunc*)
                0x20000010                        . = ALIGN (0x4)
                0x20000010                        _edata = .

.tm_clone_table
                0x20000010        0x0 load address 0x08001960
 .tm_clone_table
                0x20000010        0x0 C:/environ/arm-gnu-toolchain/arm-gnu-toolchain-13.3.rel1-mingw-w64-i686-arm-none-eabi/bin/../lib/gcc/arm-none-eabi/13.3.1/thumb/v7-m/nofp/crtbegin.o
 .tm_clone_table
                0x20000010        0x0 C:/environ/arm-gnu-toolchain/arm-gnu-toolchain-13.3.rel1-mingw-w64-i686-arm-none-eabi/bin/../lib/gcc/arm-none-eabi/13.3.1/thumb/v7-m/nofp/crtend.o

.igot.plt       0x20000010        0x0 load address 0x08001960
 .igot.plt      0x20000010        0x0 C:/environ/arm-gnu-toolchain/arm-gnu-toolchain-13.3.rel1-mingw-w64-i686-arm-none-eabi/bin/../lib/gcc/arm-none-eabi/13.3.1/thumb/v7-m/nofp/crtbegin.o
                0x20000010                        . = ALIGN (0x4)

.bss            0x20000010      0x248 load address 0x08001960
                0x20000010                        _sbss = .
                0x20000010                        __bss_start__ = _sbss
 *(.bss)
 *(.bss*)
 .bss.completed.1
                0x20000010        0x1 C:/environ/arm-gnu-toolchain/arm-gnu-toolchain-13.3.rel1-mingw-w64-i686-arm-none-eabi/bin/../lib/gcc/arm-none-eabi/13.3.1/thumb/v7-m/nofp/crtbegin.o
 *fill*         0x20000011        0x3 
 .bss.object.0  0x20000014       0x18 C:/environ/arm-gnu-toolchain/arm-gnu-toolchain-13.3.rel1-mingw-w64-i686-arm-none-eabi/bin/../lib/gcc/arm-none-eabi/13.3.1/thumb/v7-m/nofp/crtbegin.o
 .bss.huart2    0x2000002c       0x48 CMakeFiles/Transimit.elf.dir/Core/Src/usart.c.obj
                0x2000002c                huart2
 .bss.huart1    0x20000074       0x48 CMakeFiles/Transimit.elf.dir/Core/Src/usart.c.obj
                0x20000074                huart1
 .bss.uwTick    0x200000bc        0x4 CMakeFiles/Transimit.elf.dir/Drivers/STM32F1xx_HAL_Driver/Src/stm32f1xx_hal.c.obj
                0x200000bc                uwTick
 .bss.__lock___atexit_recursive_mutex
                0x200000c0        0x1 C:/environ/arm-gnu-toolchain/arm-gnu-toolchain-13.3.rel1-mingw-w64-i686-arm-none-eabi/bin/../lib/gcc/arm-none-eabi/13.3.1/thumb/v7-m/nofp\libg.a(libc_a-lock.o)
                0x200000c0                __lock___atexit_recursive_mutex
 *fill*         0x200000c1        0x3 
 .bss.__atexit  0x200000c4        0x4 C:/environ/arm-gnu-toolchain/arm-gnu-toolchain-13.3.rel1-mingw-w64-i686-arm-none-eabi/bin/../lib/gcc/arm-none-eabi/13.3.1/thumb/v7-m/nofp\libg.a(libc_a-__call_atexit.o)
                0x200000c4                __atexit
 .bss.__atexit0
                0x200000c8      0x190 C:/environ/arm-gnu-toolchain/arm-gnu-toolchain-13.3.rel1-mingw-w64-i686-arm-none-eabi/bin/../lib/gcc/arm-none-eabi/13.3.1/thumb/v7-m/nofp\libg.a(libc_a-__atexit.o)
                0x200000c8                __atexit0
 *(COMMON)
                0x20000258                        . = ALIGN (0x4)
                0x20000258                        _ebss = .
                0x20000258                        __bss_end__ = _ebss

._user_heap_stack
                0x20000258      0x600 load address 0x08001960
                0x20000258                        . = ALIGN (0x8)
                [!provide]                        PROVIDE (end = .)
                0x20000258                        PROVIDE (_end = .)
                0x20000458                        . = (. + _Min_Heap_Size)
 *fill*         0x20000258      0x200 
                0x20000858                        . = (. + _Min_Stack_Size)
 *fill*         0x20000458      0x400 
                0x20000858                        . = ALIGN (0x8)

/DISCARD/
 libc.a(*)
 libm.a(*)
 libgcc.a(*)

.ARM.attributes
                0x00000000       0x29
 *(.ARM.attributes)
 .ARM.attributes
                0x00000000       0x1d C:/environ/arm-gnu-toolchain/arm-gnu-toolchain-13.3.rel1-mingw-w64-i686-arm-none-eabi/bin/../lib/gcc/arm-none-eabi/13.3.1/thumb/v7-m/nofp/crti.o
 .ARM.attributes
                0x0000001d       0x2d C:/environ/arm-gnu-toolchain/arm-gnu-toolchain-13.3.rel1-mingw-w64-i686-arm-none-eabi/bin/../lib/gcc/arm-none-eabi/13.3.1/thumb/v7-m/nofp/crtbegin.o
 .ARM.attributes
                0x0000004a       0x2d CMakeFiles/Transimit.elf.dir/Core/Src/gpio.c.obj
 .ARM.attributes
                0x00000077       0x2d CMakeFiles/Transimit.elf.dir/Core/Src/main.c.obj
 .ARM.attributes
                0x000000a4       0x2d CMakeFiles/Transimit.elf.dir/Core/Src/stm32f1xx_hal_msp.c.obj
 .ARM.attributes
                0x000000d1       0x2d CMakeFiles/Transimit.elf.dir/Core/Src/stm32f1xx_it.c.obj
 .ARM.attributes
                0x000000fe       0x2d CMakeFiles/Transimit.elf.dir/Core/Src/system_stm32f1xx.c.obj
 .ARM.attributes
                0x0000012b       0x2d CMakeFiles/Transimit.elf.dir/Core/Src/usart.c.obj
 .ARM.attributes
                0x00000158       0x21 CMakeFiles/Transimit.elf.dir/Core/Startup/startup_stm32f103c8tx.s.obj
 .ARM.attributes
                0x00000179       0x2d CMakeFiles/Transimit.elf.dir/Drivers/STM32F1xx_HAL_Driver/Src/stm32f1xx_hal.c.obj
 .ARM.attributes
                0x000001a6       0x2d CMakeFiles/Transimit.elf.dir/Drivers/STM32F1xx_HAL_Driver/Src/stm32f1xx_hal_cortex.c.obj
 .ARM.attributes
                0x000001d3       0x2d CMakeFiles/Transimit.elf.dir/Drivers/STM32F1xx_HAL_Driver/Src/stm32f1xx_hal_dma.c.obj
 .ARM.attributes
                0x00000200       0x2d CMakeFiles/Transimit.elf.dir/Drivers/STM32F1xx_HAL_Driver/Src/stm32f1xx_hal_gpio.c.obj
 .ARM.attributes
                0x0000022d       0x2d CMakeFiles/Transimit.elf.dir/Drivers/STM32F1xx_HAL_Driver/Src/stm32f1xx_hal_rcc.c.obj
 .ARM.attributes
                0x0000025a       0x2d CMakeFiles/Transimit.elf.dir/Drivers/STM32F1xx_HAL_Driver/Src/stm32f1xx_hal_uart.c.obj
 .ARM.attributes
                0x00000287       0x2d C:/environ/arm-gnu-toolchain/arm-gnu-toolchain-13.3.rel1-mingw-w64-i686-arm-none-eabi/bin/../lib/gcc/arm-none-eabi/13.3.1/thumb/v7-m/nofp\libg.a(libc_a-memset.o)
 .ARM.attributes
                0x000002b4       0x2d C:/environ/arm-gnu-toolchain/arm-gnu-toolchain-13.3.rel1-mingw-w64-i686-arm-none-eabi/bin/../lib/gcc/arm-none-eabi/13.3.1/thumb/v7-m/nofp\libg.a(libc_a-init.o)
 .ARM.attributes
                0x000002e1       0x2d C:/environ/arm-gnu-toolchain/arm-gnu-toolchain-13.3.rel1-mingw-w64-i686-arm-none-eabi/bin/../lib/gcc/arm-none-eabi/13.3.1/thumb/v7-m/nofp\libg.a(libc_a-lock.o)
 .ARM.attributes
                0x0000030e       0x2d C:/environ/arm-gnu-toolchain/arm-gnu-toolchain-13.3.rel1-mingw-w64-i686-arm-none-eabi/bin/../lib/gcc/arm-none-eabi/13.3.1/thumb/v7-m/nofp\libg.a(libc_a-__call_atexit.o)
 .ARM.attributes
                0x0000033b       0x2d C:/environ/arm-gnu-toolchain/arm-gnu-toolchain-13.3.rel1-mingw-w64-i686-arm-none-eabi/bin/../lib/gcc/arm-none-eabi/13.3.1/thumb/v7-m/nofp\libg.a(libc_a-atexit.o)
 .ARM.attributes
                0x00000368       0x2d C:/environ/arm-gnu-toolchain/arm-gnu-toolchain-13.3.rel1-mingw-w64-i686-arm-none-eabi/bin/../lib/gcc/arm-none-eabi/13.3.1/thumb/v7-m/nofp\libg.a(libc_a-fini.o)
 .ARM.attributes
                0x00000395       0x2d C:/environ/arm-gnu-toolchain/arm-gnu-toolchain-13.3.rel1-mingw-w64-i686-arm-none-eabi/bin/../lib/gcc/arm-none-eabi/13.3.1/thumb/v7-m/nofp\libg.a(libc_a-__atexit.o)
 .ARM.attributes
                0x000003c2       0x2d C:/environ/arm-gnu-toolchain/arm-gnu-toolchain-13.3.rel1-mingw-w64-i686-arm-none-eabi/bin/../lib/gcc/arm-none-eabi/13.3.1/thumb/v7-m/nofp/crtend.o
 .ARM.attributes
                0x000003ef       0x1d C:/environ/arm-gnu-toolchain/arm-gnu-toolchain-13.3.rel1-mingw-w64-i686-arm-none-eabi/bin/../lib/gcc/arm-none-eabi/13.3.1/thumb/v7-m/nofp/crtn.o
OUTPUT(Transimit.elf elf32-littlearm)
LOAD linker stubs
LOAD C:/environ/arm-gnu-toolchain/arm-gnu-toolchain-13.3.rel1-mingw-w64-i686-arm-none-eabi/bin/../lib/gcc/arm-none-eabi/13.3.1/thumb/v7-m/nofp\libc.a
LOAD C:/environ/arm-gnu-toolchain/arm-gnu-toolchain-13.3.rel1-mingw-w64-i686-arm-none-eabi/bin/../lib/gcc/arm-none-eabi/13.3.1/thumb/v7-m/nofp\libm.a
LOAD C:/environ/arm-gnu-toolchain/arm-gnu-toolchain-13.3.rel1-mingw-w64-i686-arm-none-eabi/bin/../lib/gcc/arm-none-eabi/13.3.1/thumb/v7-m/nofp\libgcc.a

.debug_info     0x00000000     0x8d0b
 .debug_info    0x00000000      0x165 CMakeFiles/Transimit.elf.dir/Core/Src/gpio.c.obj
 .debug_info    0x00000165      0x979 CMakeFiles/Transimit.elf.dir/Core/Src/main.c.obj
 .debug_info    0x00000ade      0x1f4 CMakeFiles/Transimit.elf.dir/Core/Src/stm32f1xx_hal_msp.c.obj
 .debug_info    0x00000cd2      0x629 CMakeFiles/Transimit.elf.dir/Core/Src/stm32f1xx_it.c.obj
 .debug_info    0x000012fb      0x22d CMakeFiles/Transimit.elf.dir/Core/Src/system_stm32f1xx.c.obj
 .debug_info    0x00001528      0xafe CMakeFiles/Transimit.elf.dir/Core/Src/usart.c.obj
 .debug_info    0x00002026       0x30 CMakeFiles/Transimit.elf.dir/Core/Startup/startup_stm32f103c8tx.s.obj
 .debug_info    0x00002056      0x7a2 CMakeFiles/Transimit.elf.dir/Drivers/STM32F1xx_HAL_Driver/Src/stm32f1xx_hal.c.obj
 .debug_info    0x000027f8      0xcd9 CMakeFiles/Transimit.elf.dir/Drivers/STM32F1xx_HAL_Driver/Src/stm32f1xx_hal_cortex.c.obj
 .debug_info    0x000034d1      0x7f2 CMakeFiles/Transimit.elf.dir/Drivers/STM32F1xx_HAL_Driver/Src/stm32f1xx_hal_dma.c.obj
 .debug_info    0x00003cc3      0x604 CMakeFiles/Transimit.elf.dir/Drivers/STM32F1xx_HAL_Driver/Src/stm32f1xx_hal_gpio.c.obj
 .debug_info    0x000042c7      0x9c7 CMakeFiles/Transimit.elf.dir/Drivers/STM32F1xx_HAL_Driver/Src/stm32f1xx_hal_rcc.c.obj
 .debug_info    0x00004c8e     0x407d CMakeFiles/Transimit.elf.dir/Drivers/STM32F1xx_HAL_Driver/Src/stm32f1xx_hal_uart.c.obj

.debug_abbrev   0x00000000     0x18c6
 .debug_abbrev  0x00000000       0xc4 CMakeFiles/Transimit.elf.dir/Core/Src/gpio.c.obj
 .debug_abbrev  0x000000c4      0x275 CMakeFiles/Transimit.elf.dir/Core/Src/main.c.obj
 .debug_abbrev  0x00000339       0xed CMakeFiles/Transimit.elf.dir/Core/Src/stm32f1xx_hal_msp.c.obj
 .debug_abbrev  0x00000426      0x181 CMakeFiles/Transimit.elf.dir/Core/Src/stm32f1xx_it.c.obj
 .debug_abbrev  0x000005a7      0x143 CMakeFiles/Transimit.elf.dir/Core/Src/system_stm32f1xx.c.obj
 .debug_abbrev  0x000006ea      0x227 CMakeFiles/Transimit.elf.dir/Core/Src/usart.c.obj
 .debug_abbrev  0x00000911       0x24 CMakeFiles/Transimit.elf.dir/Core/Startup/startup_stm32f103c8tx.s.obj
 .debug_abbrev  0x00000935      0x22d CMakeFiles/Transimit.elf.dir/Drivers/STM32F1xx_HAL_Driver/Src/stm32f1xx_hal.c.obj
 .debug_abbrev  0x00000b62      0x36d CMakeFiles/Transimit.elf.dir/Drivers/STM32F1xx_HAL_Driver/Src/stm32f1xx_hal_cortex.c.obj
 .debug_abbrev  0x00000ecf      0x244 CMakeFiles/Transimit.elf.dir/Drivers/STM32F1xx_HAL_Driver/Src/stm32f1xx_hal_dma.c.obj
 .debug_abbrev  0x00001113      0x1f7 CMakeFiles/Transimit.elf.dir/Drivers/STM32F1xx_HAL_Driver/Src/stm32f1xx_hal_gpio.c.obj
 .debug_abbrev  0x0000130a      0x2a0 CMakeFiles/Transimit.elf.dir/Drivers/STM32F1xx_HAL_Driver/Src/stm32f1xx_hal_rcc.c.obj
 .debug_abbrev  0x000015aa      0x31c CMakeFiles/Transimit.elf.dir/Drivers/STM32F1xx_HAL_Driver/Src/stm32f1xx_hal_uart.c.obj

.debug_aranges  0x00000000      0x680
 .debug_aranges
                0x00000000       0x20 CMakeFiles/Transimit.elf.dir/Core/Src/gpio.c.obj
 .debug_aranges
                0x00000020       0x38 CMakeFiles/Transimit.elf.dir/Core/Src/main.c.obj
 .debug_aranges
                0x00000058       0x20 CMakeFiles/Transimit.elf.dir/Core/Src/stm32f1xx_hal_msp.c.obj
 .debug_aranges
                0x00000078       0x70 CMakeFiles/Transimit.elf.dir/Core/Src/stm32f1xx_it.c.obj
 .debug_aranges
                0x000000e8       0x28 CMakeFiles/Transimit.elf.dir/Core/Src/system_stm32f1xx.c.obj
 .debug_aranges
                0x00000110       0x38 CMakeFiles/Transimit.elf.dir/Core/Src/usart.c.obj
 .debug_aranges
                0x00000148       0x28 CMakeFiles/Transimit.elf.dir/Core/Startup/startup_stm32f103c8tx.s.obj
 .debug_aranges
                0x00000170       0xe0 CMakeFiles/Transimit.elf.dir/Drivers/STM32F1xx_HAL_Driver/Src/stm32f1xx_hal.c.obj
 .debug_aranges
                0x00000250       0xc0 CMakeFiles/Transimit.elf.dir/Drivers/STM32F1xx_HAL_Driver/Src/stm32f1xx_hal_cortex.c.obj
 .debug_aranges
                0x00000310       0x80 CMakeFiles/Transimit.elf.dir/Drivers/STM32F1xx_HAL_Driver/Src/stm32f1xx_hal_dma.c.obj
 .debug_aranges
                0x00000390       0x58 CMakeFiles/Transimit.elf.dir/Drivers/STM32F1xx_HAL_Driver/Src/stm32f1xx_hal_gpio.c.obj
 .debug_aranges
                0x000003e8       0x90 CMakeFiles/Transimit.elf.dir/Drivers/STM32F1xx_HAL_Driver/Src/stm32f1xx_hal_rcc.c.obj
 .debug_aranges
                0x00000478      0x208 CMakeFiles/Transimit.elf.dir/Drivers/STM32F1xx_HAL_Driver/Src/stm32f1xx_hal_uart.c.obj

.debug_rnglists
                0x00000000      0x4e9
 .debug_rnglists
                0x00000000       0x13 CMakeFiles/Transimit.elf.dir/Core/Src/gpio.c.obj
 .debug_rnglists
                0x00000013       0x32 CMakeFiles/Transimit.elf.dir/Core/Src/main.c.obj
 .debug_rnglists
                0x00000045       0x13 CMakeFiles/Transimit.elf.dir/Core/Src/stm32f1xx_hal_msp.c.obj
 .debug_rnglists
                0x00000058       0x4f CMakeFiles/Transimit.elf.dir/Core/Src/stm32f1xx_it.c.obj
 .debug_rnglists
                0x000000a7       0x1a CMakeFiles/Transimit.elf.dir/Core/Src/system_stm32f1xx.c.obj
 .debug_rnglists
                0x000000c1       0x26 CMakeFiles/Transimit.elf.dir/Core/Src/usart.c.obj
 .debug_rnglists
                0x000000e7       0x19 CMakeFiles/Transimit.elf.dir/Core/Startup/startup_stm32f103c8tx.s.obj
 .debug_rnglists
                0x00000100       0xa3 CMakeFiles/Transimit.elf.dir/Drivers/STM32F1xx_HAL_Driver/Src/stm32f1xx_hal.c.obj
 .debug_rnglists
                0x000001a3       0x8b CMakeFiles/Transimit.elf.dir/Drivers/STM32F1xx_HAL_Driver/Src/stm32f1xx_hal_cortex.c.obj
 .debug_rnglists
                0x0000022e       0x5e CMakeFiles/Transimit.elf.dir/Drivers/STM32F1xx_HAL_Driver/Src/stm32f1xx_hal_dma.c.obj
 .debug_rnglists
                0x0000028c       0x3f CMakeFiles/Transimit.elf.dir/Drivers/STM32F1xx_HAL_Driver/Src/stm32f1xx_hal_gpio.c.obj
 .debug_rnglists
                0x000002cb       0x7d CMakeFiles/Transimit.elf.dir/Drivers/STM32F1xx_HAL_Driver/Src/stm32f1xx_hal_rcc.c.obj
 .debug_rnglists
                0x00000348      0x1a1 CMakeFiles/Transimit.elf.dir/Drivers/STM32F1xx_HAL_Driver/Src/stm32f1xx_hal_uart.c.obj

.debug_line     0x00000000     0x753b
 .debug_line    0x00000000      0x1d3 CMakeFiles/Transimit.elf.dir/Core/Src/gpio.c.obj
 .debug_line    0x000001d3      0x4a0 CMakeFiles/Transimit.elf.dir/Core/Src/main.c.obj
 .debug_line    0x00000673      0x1e7 CMakeFiles/Transimit.elf.dir/Core/Src/stm32f1xx_hal_msp.c.obj
 .debug_line    0x0000085a      0x355 CMakeFiles/Transimit.elf.dir/Core/Src/stm32f1xx_it.c.obj
 .debug_line    0x00000baf      0x2af CMakeFiles/Transimit.elf.dir/Core/Src/system_stm32f1xx.c.obj
 .debug_line    0x00000e5e      0x490 CMakeFiles/Transimit.elf.dir/Core/Src/usart.c.obj
 .debug_line    0x000012ee       0x78 CMakeFiles/Transimit.elf.dir/Core/Startup/startup_stm32f103c8tx.s.obj
 .debug_line    0x00001366      0x5d8 CMakeFiles/Transimit.elf.dir/Drivers/STM32F1xx_HAL_Driver/Src/stm32f1xx_hal.c.obj
 .debug_line    0x0000193e      0x731 CMakeFiles/Transimit.elf.dir/Drivers/STM32F1xx_HAL_Driver/Src/stm32f1xx_hal_cortex.c.obj
 .debug_line    0x0000206f      0xb79 CMakeFiles/Transimit.elf.dir/Drivers/STM32F1xx_HAL_Driver/Src/stm32f1xx_hal_dma.c.obj
 .debug_line    0x00002be8      0x65a CMakeFiles/Transimit.elf.dir/Drivers/STM32F1xx_HAL_Driver/Src/stm32f1xx_hal_gpio.c.obj
 .debug_line    0x00003242      0xd34 CMakeFiles/Transimit.elf.dir/Drivers/STM32F1xx_HAL_Driver/Src/stm32f1xx_hal_rcc.c.obj
 .debug_line    0x00003f76     0x35c5 CMakeFiles/Transimit.elf.dir/Drivers/STM32F1xx_HAL_Driver/Src/stm32f1xx_hal_uart.c.obj

.debug_str      0x00000000     0x20e3
 .debug_str     0x00000000     0x20e3 CMakeFiles/Transimit.elf.dir/Core/Src/gpio.c.obj
                                0x213 (size before relaxing)
 .debug_str     0x000020e3      0x811 CMakeFiles/Transimit.elf.dir/Core/Src/main.c.obj
 .debug_str     0x000020e3      0x24d CMakeFiles/Transimit.elf.dir/Core/Src/stm32f1xx_hal_msp.c.obj
 .debug_str     0x000020e3      0x6a4 CMakeFiles/Transimit.elf.dir/Core/Src/stm32f1xx_it.c.obj
 .debug_str     0x000020e3      0x282 CMakeFiles/Transimit.elf.dir/Core/Src/system_stm32f1xx.c.obj
 .debug_str     0x000020e3      0xa36 CMakeFiles/Transimit.elf.dir/Core/Src/usart.c.obj
 .debug_str     0x000020e3       0x93 CMakeFiles/Transimit.elf.dir/Core/Startup/startup_stm32f103c8tx.s.obj
 .debug_str     0x000020e3      0x85c CMakeFiles/Transimit.elf.dir/Drivers/STM32F1xx_HAL_Driver/Src/stm32f1xx_hal.c.obj
 .debug_str     0x000020e3      0x901 CMakeFiles/Transimit.elf.dir/Drivers/STM32F1xx_HAL_Driver/Src/stm32f1xx_hal_cortex.c.obj
 .debug_str     0x000020e3      0x62b CMakeFiles/Transimit.elf.dir/Drivers/STM32F1xx_HAL_Driver/Src/stm32f1xx_hal_dma.c.obj
 .debug_str     0x000020e3      0x42e CMakeFiles/Transimit.elf.dir/Drivers/STM32F1xx_HAL_Driver/Src/stm32f1xx_hal_gpio.c.obj
 .debug_str     0x000020e3      0x659 CMakeFiles/Transimit.elf.dir/Drivers/STM32F1xx_HAL_Driver/Src/stm32f1xx_hal_rcc.c.obj
 .debug_str     0x000020e3      0xd22 CMakeFiles/Transimit.elf.dir/Drivers/STM32F1xx_HAL_Driver/Src/stm32f1xx_hal_uart.c.obj

.comment        0x00000000       0x45
 .comment       0x00000000       0x45 CMakeFiles/Transimit.elf.dir/Core/Src/gpio.c.obj
                                 0x46 (size before relaxing)
 .comment       0x00000045       0x46 CMakeFiles/Transimit.elf.dir/Core/Src/main.c.obj
 .comment       0x00000045       0x46 CMakeFiles/Transimit.elf.dir/Core/Src/stm32f1xx_hal_msp.c.obj
 .comment       0x00000045       0x46 CMakeFiles/Transimit.elf.dir/Core/Src/stm32f1xx_it.c.obj
 .comment       0x00000045       0x46 CMakeFiles/Transimit.elf.dir/Core/Src/system_stm32f1xx.c.obj
 .comment       0x00000045       0x46 CMakeFiles/Transimit.elf.dir/Core/Src/usart.c.obj
 .comment       0x00000045       0x46 CMakeFiles/Transimit.elf.dir/Drivers/STM32F1xx_HAL_Driver/Src/stm32f1xx_hal.c.obj
 .comment       0x00000045       0x46 CMakeFiles/Transimit.elf.dir/Drivers/STM32F1xx_HAL_Driver/Src/stm32f1xx_hal_cortex.c.obj
 .comment       0x00000045       0x46 CMakeFiles/Transimit.elf.dir/Drivers/STM32F1xx_HAL_Driver/Src/stm32f1xx_hal_dma.c.obj
 .comment       0x00000045       0x46 CMakeFiles/Transimit.elf.dir/Drivers/STM32F1xx_HAL_Driver/Src/stm32f1xx_hal_gpio.c.obj
 .comment       0x00000045       0x46 CMakeFiles/Transimit.elf.dir/Drivers/STM32F1xx_HAL_Driver/Src/stm32f1xx_hal_rcc.c.obj
 .comment       0x00000045       0x46 CMakeFiles/Transimit.elf.dir/Drivers/STM32F1xx_HAL_Driver/Src/stm32f1xx_hal_uart.c.obj

.debug_frame    0x00000000     0x1110
 .debug_frame   0x00000000       0x28 CMakeFiles/Transimit.elf.dir/Core/Src/gpio.c.obj
 .debug_frame   0x00000028       0x68 CMakeFiles/Transimit.elf.dir/Core/Src/main.c.obj
 .debug_frame   0x00000090       0x28 CMakeFiles/Transimit.elf.dir/Core/Src/stm32f1xx_hal_msp.c.obj
 .debug_frame   0x000000b8       0xd8 CMakeFiles/Transimit.elf.dir/Core/Src/stm32f1xx_it.c.obj
 .debug_frame   0x00000190       0x30 CMakeFiles/Transimit.elf.dir/Core/Src/system_stm32f1xx.c.obj
 .debug_frame   0x000001c0       0x7c CMakeFiles/Transimit.elf.dir/Core/Src/usart.c.obj
 .debug_frame   0x0000023c      0x1cc CMakeFiles/Transimit.elf.dir/Drivers/STM32F1xx_HAL_Driver/Src/stm32f1xx_hal.c.obj
 .debug_frame   0x00000408      0x19c CMakeFiles/Transimit.elf.dir/Drivers/STM32F1xx_HAL_Driver/Src/stm32f1xx_hal_cortex.c.obj
 .debug_frame   0x000005a4      0x144 CMakeFiles/Transimit.elf.dir/Drivers/STM32F1xx_HAL_Driver/Src/stm32f1xx_hal_dma.c.obj
 .debug_frame   0x000006e8       0xe4 CMakeFiles/Transimit.elf.dir/Drivers/STM32F1xx_HAL_Driver/Src/stm32f1xx_hal_gpio.c.obj
 .debug_frame   0x000007cc      0x184 CMakeFiles/Transimit.elf.dir/Drivers/STM32F1xx_HAL_Driver/Src/stm32f1xx_hal_rcc.c.obj
 .debug_frame   0x00000950      0x5d4 CMakeFiles/Transimit.elf.dir/Drivers/STM32F1xx_HAL_Driver/Src/stm32f1xx_hal_uart.c.obj
 .debug_frame   0x00000f24       0x2c C:/environ/arm-gnu-toolchain/arm-gnu-toolchain-13.3.rel1-mingw-w64-i686-arm-none-eabi/bin/../lib/gcc/arm-none-eabi/13.3.1/thumb/v7-m/nofp\libg.a(libc_a-memset.o)
 .debug_frame   0x00000f50       0x2c C:/environ/arm-gnu-toolchain/arm-gnu-toolchain-13.3.rel1-mingw-w64-i686-arm-none-eabi/bin/../lib/gcc/arm-none-eabi/13.3.1/thumb/v7-m/nofp\libg.a(libc_a-init.o)
 .debug_frame   0x00000f7c       0xb0 C:/environ/arm-gnu-toolchain/arm-gnu-toolchain-13.3.rel1-mingw-w64-i686-arm-none-eabi/bin/../lib/gcc/arm-none-eabi/13.3.1/thumb/v7-m/nofp\libg.a(libc_a-lock.o)
 .debug_frame   0x0000102c       0x5c C:/environ/arm-gnu-toolchain/arm-gnu-toolchain-13.3.rel1-mingw-w64-i686-arm-none-eabi/bin/../lib/gcc/arm-none-eabi/13.3.1/thumb/v7-m/nofp\libg.a(libc_a-__call_atexit.o)
 .debug_frame   0x00001088       0x20 C:/environ/arm-gnu-toolchain/arm-gnu-toolchain-13.3.rel1-mingw-w64-i686-arm-none-eabi/bin/../lib/gcc/arm-none-eabi/13.3.1/thumb/v7-m/nofp\libg.a(libc_a-atexit.o)
 .debug_frame   0x000010a8       0x34 C:/environ/arm-gnu-toolchain/arm-gnu-toolchain-13.3.rel1-mingw-w64-i686-arm-none-eabi/bin/../lib/gcc/arm-none-eabi/13.3.1/thumb/v7-m/nofp\libg.a(libc_a-fini.o)
 .debug_frame   0x000010dc       0x34 C:/environ/arm-gnu-toolchain/arm-gnu-toolchain-13.3.rel1-mingw-w64-i686-arm-none-eabi/bin/../lib/gcc/arm-none-eabi/13.3.1/thumb/v7-m/nofp\libg.a(libc_a-__atexit.o)

.debug_loclists
                0x00000000     0x4231
 .debug_loclists
                0x00000000       0x6a CMakeFiles/Transimit.elf.dir/Core/Src/main.c.obj
 .debug_loclists
                0x0000006a       0x17 CMakeFiles/Transimit.elf.dir/Core/Src/stm32f1xx_hal_msp.c.obj
 .debug_loclists
                0x00000081       0xb7 CMakeFiles/Transimit.elf.dir/Core/Src/system_stm32f1xx.c.obj
 .debug_loclists
                0x00000138       0xa7 CMakeFiles/Transimit.elf.dir/Core/Src/usart.c.obj
 .debug_loclists
                0x000001df       0xe1 CMakeFiles/Transimit.elf.dir/Drivers/STM32F1xx_HAL_Driver/Src/stm32f1xx_hal.c.obj
 .debug_loclists
                0x000002c0      0x530 CMakeFiles/Transimit.elf.dir/Drivers/STM32F1xx_HAL_Driver/Src/stm32f1xx_hal_cortex.c.obj
 .debug_loclists
                0x000007f0      0x562 CMakeFiles/Transimit.elf.dir/Drivers/STM32F1xx_HAL_Driver/Src/stm32f1xx_hal_dma.c.obj
 .debug_loclists
                0x00000d52      0x318 CMakeFiles/Transimit.elf.dir/Drivers/STM32F1xx_HAL_Driver/Src/stm32f1xx_hal_gpio.c.obj
 .debug_loclists
                0x0000106a      0x42e CMakeFiles/Transimit.elf.dir/Drivers/STM32F1xx_HAL_Driver/Src/stm32f1xx_hal_rcc.c.obj
 .debug_loclists
                0x00001498     0x2d99 CMakeFiles/Transimit.elf.dir/Drivers/STM32F1xx_HAL_Driver/Src/stm32f1xx_hal_uart.c.obj

.debug_line_str
                0x00000000       0x77
 .debug_line_str
                0x00000000       0x77 CMakeFiles/Transimit.elf.dir/Core/Startup/startup_stm32f103c8tx.s.obj
