Archive member included to satisfy reference by file (symbol)

C:/environ/arm-gnu-toolchain/arm-gnu-toolchain-13.3.rel1-mingw-w64-i686-arm-none-eabi/bin/../lib/gcc/arm-none-eabi/13.3.1/thumb/v7-m/nofp\libgcc.a(_arm_muldf3.o)
                              CMakeFiles/ELE_COM.elf.dir/Core/Src/Kine.c.obj (__aeabi_dmul)
C:/environ/arm-gnu-toolchain/arm-gnu-toolchain-13.3.rel1-mingw-w64-i686-arm-none-eabi/bin/../lib/gcc/arm-none-eabi/13.3.1/thumb/v7-m/nofp\libgcc.a(_arm_addsubdf3.o)
                              CMakeFiles/ELE_COM.elf.dir/Core/Src/Kine.c.obj (__aeabi_dsub)
C:/environ/arm-gnu-toolchain/arm-gnu-toolchain-13.3.rel1-mingw-w64-i686-arm-none-eabi/bin/../lib/gcc/arm-none-eabi/13.3.1/thumb/v7-m/nofp\libgcc.a(_arm_muldivdf3.o)
                              CMakeFiles/ELE_COM.elf.dir/Core/Src/Kine.c.obj (__aeabi_ddiv)
C:/environ/arm-gnu-toolchain/arm-gnu-toolchain-13.3.rel1-mingw-w64-i686-arm-none-eabi/bin/../lib/gcc/arm-none-eabi/13.3.1/thumb/v7-m/nofp\libgcc.a(_arm_cmpdf2.o)
                              CMakeFiles/ELE_COM.elf.dir/Core/Src/servo.c.obj (__aeabi_dcmpgt)
C:/environ/arm-gnu-toolchain/arm-gnu-toolchain-13.3.rel1-mingw-w64-i686-arm-none-eabi/bin/../lib/gcc/arm-none-eabi/13.3.1/thumb/v7-m/nofp\libgcc.a(_arm_fixdfsi.o)
                              CMakeFiles/ELE_COM.elf.dir/Core/Src/servo.c.obj (__aeabi_d2iz)
C:/environ/arm-gnu-toolchain/arm-gnu-toolchain-13.3.rel1-mingw-w64-i686-arm-none-eabi/bin/../lib/gcc/arm-none-eabi/13.3.1/thumb/v7-m/nofp\libg.a(libc_a-exit.o)
                              C:/environ/arm-gnu-toolchain/arm-gnu-toolchain-13.3.rel1-mingw-w64-i686-arm-none-eabi/bin/../lib/gcc/arm-none-eabi/13.3.1/thumb/v7-m/nofp/crt0.o (exit)
C:/environ/arm-gnu-toolchain/arm-gnu-toolchain-13.3.rel1-mingw-w64-i686-arm-none-eabi/bin/../lib/gcc/arm-none-eabi/13.3.1/thumb/v7-m/nofp\libg.a(libc_a-findfp.o)
                              C:/environ/arm-gnu-toolchain/arm-gnu-toolchain-13.3.rel1-mingw-w64-i686-arm-none-eabi/bin/../lib/gcc/arm-none-eabi/13.3.1/thumb/v7-m/nofp\libg.a(libc_a-exit.o) (__stdio_exit_handler)
C:/environ/arm-gnu-toolchain/arm-gnu-toolchain-13.3.rel1-mingw-w64-i686-arm-none-eabi/bin/../lib/gcc/arm-none-eabi/13.3.1/thumb/v7-m/nofp\libg.a(libc_a-fwalk.o)
                              C:/environ/arm-gnu-toolchain/arm-gnu-toolchain-13.3.rel1-mingw-w64-i686-arm-none-eabi/bin/../lib/gcc/arm-none-eabi/13.3.1/thumb/v7-m/nofp\libg.a(libc_a-findfp.o) (_fwalk_sglue)
C:/environ/arm-gnu-toolchain/arm-gnu-toolchain-13.3.rel1-mingw-w64-i686-arm-none-eabi/bin/../lib/gcc/arm-none-eabi/13.3.1/thumb/v7-m/nofp\libg.a(libc_a-stdio.o)
                              C:/environ/arm-gnu-toolchain/arm-gnu-toolchain-13.3.rel1-mingw-w64-i686-arm-none-eabi/bin/../lib/gcc/arm-none-eabi/13.3.1/thumb/v7-m/nofp\libg.a(libc_a-findfp.o) (__sread)
C:/environ/arm-gnu-toolchain/arm-gnu-toolchain-13.3.rel1-mingw-w64-i686-arm-none-eabi/bin/../lib/gcc/arm-none-eabi/13.3.1/thumb/v7-m/nofp\libg.a(libc_a-memset.o)
                              C:/environ/arm-gnu-toolchain/arm-gnu-toolchain-13.3.rel1-mingw-w64-i686-arm-none-eabi/bin/../lib/gcc/arm-none-eabi/13.3.1/thumb/v7-m/nofp/crt0.o (memset)
C:/environ/arm-gnu-toolchain/arm-gnu-toolchain-13.3.rel1-mingw-w64-i686-arm-none-eabi/bin/../lib/gcc/arm-none-eabi/13.3.1/thumb/v7-m/nofp\libg.a(libc_a-closer.o)
                              C:/environ/arm-gnu-toolchain/arm-gnu-toolchain-13.3.rel1-mingw-w64-i686-arm-none-eabi/bin/../lib/gcc/arm-none-eabi/13.3.1/thumb/v7-m/nofp\libg.a(libc_a-stdio.o) (_close_r)
C:/environ/arm-gnu-toolchain/arm-gnu-toolchain-13.3.rel1-mingw-w64-i686-arm-none-eabi/bin/../lib/gcc/arm-none-eabi/13.3.1/thumb/v7-m/nofp\libg.a(libc_a-reent.o)
                              C:/environ/arm-gnu-toolchain/arm-gnu-toolchain-13.3.rel1-mingw-w64-i686-arm-none-eabi/bin/../lib/gcc/arm-none-eabi/13.3.1/thumb/v7-m/nofp\libg.a(libc_a-closer.o) (errno)
C:/environ/arm-gnu-toolchain/arm-gnu-toolchain-13.3.rel1-mingw-w64-i686-arm-none-eabi/bin/../lib/gcc/arm-none-eabi/13.3.1/thumb/v7-m/nofp\libg.a(libc_a-impure.o)
                              C:/environ/arm-gnu-toolchain/arm-gnu-toolchain-13.3.rel1-mingw-w64-i686-arm-none-eabi/bin/../lib/gcc/arm-none-eabi/13.3.1/thumb/v7-m/nofp\libg.a(libc_a-reent.o) (_impure_ptr)
C:/environ/arm-gnu-toolchain/arm-gnu-toolchain-13.3.rel1-mingw-w64-i686-arm-none-eabi/bin/../lib/gcc/arm-none-eabi/13.3.1/thumb/v7-m/nofp\libg.a(libc_a-lseekr.o)
                              C:/environ/arm-gnu-toolchain/arm-gnu-toolchain-13.3.rel1-mingw-w64-i686-arm-none-eabi/bin/../lib/gcc/arm-none-eabi/13.3.1/thumb/v7-m/nofp\libg.a(libc_a-stdio.o) (_lseek_r)
C:/environ/arm-gnu-toolchain/arm-gnu-toolchain-13.3.rel1-mingw-w64-i686-arm-none-eabi/bin/../lib/gcc/arm-none-eabi/13.3.1/thumb/v7-m/nofp\libg.a(libc_a-readr.o)
                              C:/environ/arm-gnu-toolchain/arm-gnu-toolchain-13.3.rel1-mingw-w64-i686-arm-none-eabi/bin/../lib/gcc/arm-none-eabi/13.3.1/thumb/v7-m/nofp\libg.a(libc_a-stdio.o) (_read_r)
[...]
Memory Configuration

Name             Origin             Length             Attributes
RAM              0x20000000         0x00005000         xrw
FLASH            0x08000000         0x00010000         xr
*default*        0x00000000         0xffffffff

Linker script and memory map

LOAD C:/environ/arm-gnu-toolchain/arm-gnu-toolchain-13.3.rel1-mingw-w64-i686-arm-none-eabi/bin/../lib/gcc/arm-none-eabi/13.3.1/thumb/v7-m/nofp/crti.o
LOAD C:/environ/arm-gnu-toolchain/arm-gnu-toolchain-13.3.rel1-mingw-w64-i686-arm-none-eabi/bin/../lib/gcc/arm-none-eabi/13.3.1/thumb/v7-m/nofp/crtbegin.o
LOAD C:/environ/arm-gnu-toolchain/arm-gnu-toolchain-13.3.rel1-mingw-w64-i686-arm-none-eabi/bin/../lib/gcc/arm-none-eabi/13.3.1/thumb/v7-m/nofp/crt0.o
LOAD CMakeFiles/ELE_COM.elf.dir/Core/Src/Kine.c.obj
LOAD CMakeFiles/ELE_COM.elf.dir/Core/Src/gpio.c.obj
LOAD CMakeFiles/ELE_COM.elf.dir/Core/Src/main.c.obj
LOAD CMakeFiles/ELE_COM.elf.dir/Core/Src/servo.c.obj
LOAD CMakeFiles/ELE_COM.elf.dir/Core/Src/stm32f1xx_hal_msp.c.obj
LOAD CMakeFiles/ELE_COM.elf.dir/Core/Src/stm32f1xx_it.c.obj
LOAD CMakeFiles/ELE_COM.elf.dir/Core/Src/syscalls.c.obj
LOAD CMakeFiles/ELE_COM.elf.dir/Core/Src/sysmem.c.obj
LOAD CMakeFiles/ELE_COM.elf.dir/Core/Src/system_stm32f1xx.c.obj
LOAD CMakeFiles/ELE_COM.elf.dir/Core/Src/tim.c.obj
LOAD CMakeFiles/ELE_COM.elf.dir/Core/Src/usart.c.obj
LOAD CMakeFiles/ELE_COM.elf.dir/Core/Startup/startup_stm32f103c8tx.s.obj
LOAD CMakeFiles/ELE_COM.elf.dir/Drivers/STM32F1xx_HAL_Driver/Src/stm32f1xx_hal.c.obj
LOAD CMakeFiles/ELE_COM.elf.dir/Drivers/STM32F1xx_HAL_Driver/Src/stm32f1xx_hal_cortex.c.obj
LOAD CMakeFiles/ELE_COM.elf.dir/Drivers/STM32F1xx_HAL_Driver/Src/stm32f1xx_hal_dma.c.obj
LOAD CMakeFiles/ELE_COM.elf.dir/Drivers/STM32F1xx_HAL_Driver/Src/stm32f1xx_hal_exti.c.obj
LOAD CMakeFiles/ELE_COM.elf.dir/Drivers/STM32F1xx_HAL_Driver/Src/stm32f1xx_hal_flash.c.obj
LOAD CMakeFiles/ELE_COM.elf.dir/Drivers/STM32F1xx_HAL_Driver/Src/stm32f1xx_hal_flash_ex.c.obj
LOAD CMakeFiles/ELE_COM.elf.dir/Drivers/STM32F1xx_HAL_Driver/Src/stm32f1xx_hal_gpio.c.obj
LOAD CMakeFiles/ELE_COM.elf.dir/Drivers/STM32F1xx_HAL_Driver/Src/stm32f1xx_hal_gpio_ex.c.obj
LOAD CMakeFiles/ELE_COM.elf.dir/Drivers/STM32F1xx_HAL_Driver/Src/stm32f1xx_hal_pwr.c.obj
LOAD CMakeFiles/ELE_COM.elf.dir/Drivers/STM32F1xx_HAL_Driver/Src/stm32f1xx_hal_rcc.c.obj
LOAD CMakeFiles/ELE_COM.elf.dir/Drivers/STM32F1xx_HAL_Driver/Src/stm32f1xx_hal_rcc_ex.c.obj
LOAD CMakeFiles/ELE_COM.elf.dir/Drivers/STM32F1xx_HAL_Driver/Src/stm32f1xx_hal_tim.c.obj
LOAD CMakeFiles/ELE_COM.elf.dir/Drivers/STM32F1xx_HAL_Driver/Src/stm32f1xx_hal_tim_ex.c.obj
LOAD CMakeFiles/ELE_COM.elf.dir/Drivers/STM32F1xx_HAL_Driver/Src/stm32f1xx_hal_uart.c.obj
START GROUP
LOAD C:/environ/arm-gnu-toolchain/arm-gnu-toolchain-13.3.rel1-mingw-w64-i686-arm-none-eabi/bin/../lib/gcc/arm-none-eabi/13.3.1/thumb/v7-m/nofp\libgcc.a
LOAD C:/environ/arm-gnu-toolchain/arm-gnu-toolchain-13.3.rel1-mingw-w64-i686-arm-none-eabi/bin/../lib/gcc/arm-none-eabi/13.3.1/thumb/v7-m/nofp\libg.a
LOAD C:/environ/arm-gnu-toolchain/arm-gnu-toolchain-13.3.rel1-mingw-w64-i686-arm-none-eabi/bin/../lib/gcc/arm-none-eabi/13.3.1/thumb/v7-m/nofp\libc.a
END GROUP
LOAD C:/environ/arm-gnu-toolchain/arm-gnu-toolchain-13.3.rel1-mingw-w64-i686-arm-none-eabi/bin/../lib/gcc/arm-none-eabi/13.3.1/thumb/v7-m/nofp/crtend.o
LOAD C:/environ/arm-gnu-toolchain/arm-gnu-toolchain-13.3.rel1-mingw-w64-i686-arm-none-eabi/bin/../lib/gcc/arm-none-eabi/13.3.1/thumb/v7-m/nofp/crtn.o
                0x20005000                        _estack = (ORIGIN (RAM) + LENGTH (RAM))
                0x00000200                        _Min_Heap_Size = 0x200
                0x00000400                        _Min_Stack_Size = 0x400

.isr_vector     0x08000000      0x10c
                0x08000000                        . = ALIGN (0x4)
 *(.isr_vector)
 .isr_vector    0x08000000      0x10c CMakeFiles/ELE_COM.elf.dir/Core/Startup/startup_stm32f103c8tx.s.obj
                0x08000000                g_pfnVectors
                0x0800010c                        . = ALIGN (0x4)

.text           0x0800010c     0x2c28
                0x0800010c                        . = ALIGN (0x4)
 *(.text)
 .text          0x0800010c      0x378 C:/environ/arm-gnu-toolchain/arm-gnu-toolchain-13.3.rel1-mingw-w64-i686-arm-none-eabi/bin/../lib/gcc/arm-none-eabi/13.3.1/thumb/v7-m/nofp\libgcc.a(_arm_addsubdf3.o)
                0x0800010c                __aeabi_drsub
                0x08000114                __aeabi_dsub
                0x08000114                __subdf3
                0x08000118                __aeabi_dadd
                0x08000118                __adddf3
                0x08000390                __floatunsidf
                0x08000390                __aeabi_ui2d
                0x080003b0                __floatsidf
                0x080003b0                __aeabi_i2d
                0x080003d4                __aeabi_f2d
                0x080003d4                __extendsfdf2
                0x08000418                __floatundidf
                0x08000418                __aeabi_ul2d
                0x08000428                __floatdidf
                0x08000428                __aeabi_l2d
 .text          0x08000484      0x424 C:/environ/arm-gnu-toolchain/arm-gnu-toolchain-13.3.rel1-mingw-w64-i686-arm-none-eabi/bin/../lib/gcc/arm-none-eabi/13.3.1/thumb/v7-m/nofp\libgcc.a(_arm_muldivdf3.o)
                0x08000484                __aeabi_dmul
                0x08000484                __muldf3
                0x080006d8                __divdf3
                0x080006d8                __aeabi_ddiv
 .text          0x080008a8       0x50 C:/environ/arm-gnu-toolchain/arm-gnu-toolchain-13.3.rel1-mingw-w64-i686-arm-none-eabi/bin/../lib/gcc/arm-none-eabi/13.3.1/thumb/v7-m/nofp\libgcc.a(_arm_fixdfsi.o)
                0x080008a8                __aeabi_d2iz
                0x080008a8                __fixdfsi
 *(.text*)
 .text.deregister_tm_clones
                0x080008f8       0x1c C:/environ/arm-gnu-toolchain/arm-gnu-toolchain-13.3.rel1-mingw-w64-i686-arm-none-eabi/bin/../lib/gcc/arm-none-eabi/13.3.1/thumb/v7-m/nofp/crtbegin.o
 .text.register_tm_clones
                0x08000914       0x24 C:/environ/arm-gnu-toolchain/arm-gnu-toolchain-13.3.rel1-mingw-w64-i686-arm-none-eabi/bin/../lib/gcc/arm-none-eabi/13.3.1/thumb/v7-m/nofp/crtbegin.o
 .text.__do_global_dtors_aux
                0x08000938       0x28 C:/environ/arm-gnu-toolchain/arm-gnu-toolchain-13.3.rel1-mingw-w64-i686-arm-none-eabi/bin/../lib/gcc/arm-none-eabi/13.3.1/thumb/v7-m/nofp/crtbegin.o
 .text.frame_dummy
                0x08000960       0x24 C:/environ/arm-gnu-toolchain/arm-gnu-toolchain-13.3.rel1-mingw-w64-i686-arm-none-eabi/bin/../lib/gcc/arm-none-eabi/13.3.1/thumb/v7-m/nofp/crtbegin.o
 .text.Arm_Init
                0x08000984       0x44 CMakeFiles/ELE_COM.elf.dir/Core/Src/Kine.c.obj
                0x08000984                Arm_Init
 .text.Arm_Move_fake
                0x080009c8      0x290 CMakeFiles/ELE_COM.elf.dir/Core/Src/Kine.c.obj
                0x080009c8                Arm_Move_fake
 .text.MX_GPIO_Init
                0x08000c58       0xb8 CMakeFiles/ELE_COM.elf.dir/Core/Src/gpio.c.obj
                0x08000c58                MX_GPIO_Init
 .text.HAL_UART_RxCpltCallback
                0x08000d10       0x20 CMakeFiles/ELE_COM.elf.dir/Core/Src/main.c.obj
                0x08000d10                HAL_UART_RxCpltCallback
 .text.Error_Handler
                0x08000d30        0x4 CMakeFiles/ELE_COM.elf.dir/Core/Src/main.c.obj
                0x08000d30                Error_Handler
 .text.SystemClock_Config
                0x08000d34       0x64 CMakeFiles/ELE_COM.elf.dir/Core/Src/main.c.obj
                0x08000d34                SystemClock_Config
 .text.main     0x08000d98       0x90 CMakeFiles/ELE_COM.elf.dir/Core/Src/main.c.obj
                0x08000d98                main
 .text.Servo_Init
                0x08000e28       0x34 CMakeFiles/ELE_COM.elf.dir/Core/Src/servo.c.obj
                0x08000e28                Servo_Init
 .text.Servo_angle
                0x08000e5c       0x6c CMakeFiles/ELE_COM.elf.dir/Core/Src/servo.c.obj
                0x08000e5c                Servo_angle
 .text.HAL_MspInit
                0x08000ec8       0x44 CMakeFiles/ELE_COM.elf.dir/Core/Src/stm32f1xx_hal_msp.c.obj
                0x08000ec8                HAL_MspInit
 .text.NMI_Handler
                0x08000f0c        0x2 CMakeFiles/ELE_COM.elf.dir/Core/Src/stm32f1xx_it.c.obj
                0x08000f0c                NMI_Handler
 .text.HardFault_Handler
                0x08000f0e        0x2 CMakeFiles/ELE_COM.elf.dir/Core/Src/stm32f1xx_it.c.obj
                0x08000f0e                HardFault_Handler
 .text.MemManage_Handler
                0x08000f10        0x2 CMakeFiles/ELE_COM.elf.dir/Core/Src/stm32f1xx_it.c.obj
                0x08000f10                MemManage_Handler
 .text.BusFault_Handler
                0x08000f12        0x2 CMakeFiles/ELE_COM.elf.dir/Core/Src/stm32f1xx_it.c.obj
                0x08000f12                BusFault_Handler
 .text.UsageFault_Handler
                0x08000f14        0x2 CMakeFiles/ELE_COM.elf.dir/Core/Src/stm32f1xx_it.c.obj
                0x08000f14                UsageFault_Handler
 .text.SVC_Handler
                0x08000f16        0x2 CMakeFiles/ELE_COM.elf.dir/Core/Src/stm32f1xx_it.c.obj
                0x08000f16                SVC_Handler
 .text.DebugMon_Handler
                0x08000f18        0x2 CMakeFiles/ELE_COM.elf.dir/Core/Src/stm32f1xx_it.c.obj
                0x08000f18                DebugMon_Handler
 .text.PendSV_Handler
                0x08000f1a        0x2 CMakeFiles/ELE_COM.elf.dir/Core/Src/stm32f1xx_it.c.obj
                0x08000f1a                PendSV_Handler
 .text.SysTick_Handler
                0x08000f1c        0x8 CMakeFiles/ELE_COM.elf.dir/Core/Src/stm32f1xx_it.c.obj
                0x08000f1c                SysTick_Handler
 .text.USART2_IRQHandler
                0x08000f24       0x10 CMakeFiles/ELE_COM.elf.dir/Core/Src/stm32f1xx_it.c.obj
                0x08000f24                USART2_IRQHandler
 .text.SystemInit
                0x08000f34        0x2 CMakeFiles/ELE_COM.elf.dir/Core/Src/system_stm32f1xx.c.obj
                0x08000f34                SystemInit
 *fill*         0x08000f36        0x2 
 .text.HAL_TIM_PWM_MspInit
                0x08000f38       0x88 CMakeFiles/ELE_COM.elf.dir/Core/Src/tim.c.obj
                0x08000f38                HAL_TIM_PWM_MspInit
 .text.HAL_TIM_MspPostInit
                0x08000fc0       0xec CMakeFiles/ELE_COM.elf.dir/Core/Src/tim.c.obj
                0x08000fc0                HAL_TIM_MspPostInit
 .text.MX_TIM1_Init
                0x080010ac       0xb8 CMakeFiles/ELE_COM.elf.dir/Core/Src/tim.c.obj
                0x080010ac                MX_TIM1_Init
 .text.MX_TIM2_Init
                0x08001164       0x80 CMakeFiles/ELE_COM.elf.dir/Core/Src/tim.c.obj
                0x08001164                MX_TIM2_Init
 .text.MX_TIM3_Init
                0x080011e4       0x84 CMakeFiles/ELE_COM.elf.dir/Core/Src/tim.c.obj
                0x080011e4                MX_TIM3_Init
 .text.MX_TIM4_Init
                0x08001268       0x84 CMakeFiles/ELE_COM.elf.dir/Core/Src/tim.c.obj
                0x08001268                MX_TIM4_Init
 .text.MX_USART2_UART_Init
                0x080012ec       0x34 CMakeFiles/ELE_COM.elf.dir/Core/Src/usart.c.obj
                0x080012ec                MX_USART2_UART_Init
 .text.HAL_UART_MspInit
                0x08001320       0x88 CMakeFiles/ELE_COM.elf.dir/Core/Src/usart.c.obj
                0x08001320                HAL_UART_MspInit
 .text.Reset_Handler
                0x080013a8       0x48 CMakeFiles/ELE_COM.elf.dir/Core/Startup/startup_stm32f103c8tx.s.obj
                0x080013a8                Reset_Handler
 .text.Default_Handler
                0x080013f0        0x2 CMakeFiles/ELE_COM.elf.dir/Core/Startup/startup_stm32f103c8tx.s.obj
                0x080013f0                RTC_Alarm_IRQHandler
                0x080013f0                EXTI2_IRQHandler
                0x080013f0                TIM1_CC_IRQHandler
                0x080013f0                PVD_IRQHandler
                0x080013f0                EXTI3_IRQHandler
                0x080013f0                EXTI0_IRQHandler
                0x080013f0                I2C2_EV_IRQHandler
                0x080013f0                ADC1_2_IRQHandler
                0x080013f0                SPI1_IRQHandler
                0x080013f0                TAMPER_IRQHandler
                0x080013f0                DMA1_Channel4_IRQHandler
                0x080013f0                USART3_IRQHandler
                0x080013f0                RTC_IRQHandler
                0x080013f0                DMA1_Channel7_IRQHandler
                0x080013f0                CAN1_RX1_IRQHandler
                0x080013f0                TIM4_IRQHandler
                0x080013f0                I2C1_EV_IRQHandler
                0x080013f0                DMA1_Channel6_IRQHandler
                0x080013f0                TIM3_IRQHandler
                0x080013f0                RCC_IRQHandler
                0x080013f0                TIM1_TRG_COM_IRQHandler
                0x080013f0                DMA1_Channel1_IRQHandler
                0x080013f0                Default_Handler
                0x080013f0                EXTI15_10_IRQHandler
                0x080013f0                EXTI9_5_IRQHandler
                0x080013f0                SPI2_IRQHandler
                0x080013f0                DMA1_Channel5_IRQHandler
                0x080013f0                EXTI4_IRQHandler
                0x080013f0                USB_LP_CAN1_RX0_IRQHandler
                0x080013f0                USB_HP_CAN1_TX_IRQHandler
                0x080013f0                DMA1_Channel3_IRQHandler
                0x080013f0                TIM1_UP_IRQHandler
                0x080013f0                WWDG_IRQHandler
                0x080013f0                TIM2_IRQHandler
                0x080013f0                TIM1_BRK_IRQHandler
                0x080013f0                EXTI1_IRQHandler
                0x080013f0                I2C2_ER_IRQHandler
                0x080013f0                DMA1_Channel2_IRQHandler
                0x080013f0                CAN1_SCE_IRQHandler
                0x080013f0                FLASH_IRQHandler
                0x080013f0                USART1_IRQHandler
                0x080013f0                I2C1_ER_IRQHandler
                0x080013f0                USBWakeUp_IRQHandler
 *fill*         0x080013f2        0x2 
 .text.HAL_InitTick
                0x080013f4       0x4c CMakeFiles/ELE_COM.elf.dir/Drivers/STM32F1xx_HAL_Driver/Src/stm32f1xx_hal.c.obj
                0x080013f4                HAL_InitTick
 .text.HAL_Init
                0x08001440       0x24 CMakeFiles/ELE_COM.elf.dir/Drivers/STM32F1xx_HAL_Driver/Src/stm32f1xx_hal.c.obj
                0x08001440                HAL_Init
 .text.HAL_IncTick
                0x08001464       0x18 CMakeFiles/ELE_COM.elf.dir/Drivers/STM32F1xx_HAL_Driver/Src/stm32f1xx_hal.c.obj
                0x08001464                HAL_IncTick
 .text.HAL_GetTick
                0x0800147c        0xc CMakeFiles/ELE_COM.elf.dir/Drivers/STM32F1xx_HAL_Driver/Src/stm32f1xx_hal.c.obj
                0x0800147c                HAL_GetTick
 .text.HAL_Delay
                0x08001488       0x28 CMakeFiles/ELE_COM.elf.dir/Drivers/STM32F1xx_HAL_Driver/Src/stm32f1xx_hal.c.obj
                0x08001488                HAL_Delay
 .text.__NVIC_SetPriority
                0x080014b0       0x28 CMakeFiles/ELE_COM.elf.dir/Drivers/STM32F1xx_HAL_Driver/Src/stm32f1xx_hal_cortex.c.obj
 .text.NVIC_EncodePriority
                0x080014d8       0x3e CMakeFiles/ELE_COM.elf.dir/Drivers/STM32F1xx_HAL_Driver/Src/stm32f1xx_hal_cortex.c.obj
 *fill*         0x08001516        0x2 
 .text.HAL_NVIC_SetPriorityGrouping
                0x08001518       0x24 CMakeFiles/ELE_COM.elf.dir/Drivers/STM32F1xx_HAL_Driver/Src/stm32f1xx_hal_cortex.c.obj
                0x08001518                HAL_NVIC_SetPriorityGrouping
 .text.HAL_NVIC_SetPriority
                0x0800153c       0x20 CMakeFiles/ELE_COM.elf.dir/Drivers/STM32F1xx_HAL_Driver/Src/stm32f1xx_hal_cortex.c.obj
                0x0800153c                HAL_NVIC_SetPriority
 .text.HAL_NVIC_EnableIRQ
                0x0800155c       0x1c CMakeFiles/ELE_COM.elf.dir/Drivers/STM32F1xx_HAL_Driver/Src/stm32f1xx_hal_cortex.c.obj
                0x0800155c                HAL_NVIC_EnableIRQ
 .text.HAL_SYSTICK_Config
                0x08001578       0x28 CMakeFiles/ELE_COM.elf.dir/Drivers/STM32F1xx_HAL_Driver/Src/stm32f1xx_hal_cortex.c.obj
                0x08001578                HAL_SYSTICK_Config
 .text.HAL_DMA_Abort
                0x080015a0       0x46 CMakeFiles/ELE_COM.elf.dir/Drivers/STM32F1xx_HAL_Driver/Src/stm32f1xx_hal_dma.c.obj
                0x080015a0                HAL_DMA_Abort
 *fill*         0x080015e6        0x2 
 .text.HAL_DMA_Abort_IT
                0x080015e8       0x98 CMakeFiles/ELE_COM.elf.dir/Drivers/STM32F1xx_HAL_Driver/Src/stm32f1xx_hal_dma.c.obj
                0x080015e8                HAL_DMA_Abort_IT
 .text.HAL_GPIO_Init
                0x08001680      0x21c CMakeFiles/ELE_COM.elf.dir/Drivers/STM32F1xx_HAL_Driver/Src/stm32f1xx_hal_gpio.c.obj
                0x08001680                HAL_GPIO_Init
 .text.HAL_GPIO_WritePin
                0x0800189c        0xc CMakeFiles/ELE_COM.elf.dir/Drivers/STM32F1xx_HAL_Driver/Src/stm32f1xx_hal_gpio.c.obj
                0x0800189c                HAL_GPIO_WritePin
 .text.RCC_Delay
                0x080018a8       0x2c CMakeFiles/ELE_COM.elf.dir/Drivers/STM32F1xx_HAL_Driver/Src/stm32f1xx_hal_rcc.c.obj
 .text.HAL_RCC_OscConfig
                0x080018d4      0x410 CMakeFiles/ELE_COM.elf.dir/Drivers/STM32F1xx_HAL_Driver/Src/stm32f1xx_hal_rcc.c.obj
                0x080018d4                HAL_RCC_OscConfig
 .text.HAL_RCC_GetSysClockFreq
                0x08001ce4       0x54 CMakeFiles/ELE_COM.elf.dir/Drivers/STM32F1xx_HAL_Driver/Src/stm32f1xx_hal_rcc.c.obj
                0x08001ce4                HAL_RCC_GetSysClockFreq
 .text.HAL_RCC_ClockConfig
                0x08001d38      0x16c CMakeFiles/ELE_COM.elf.dir/Drivers/STM32F1xx_HAL_Driver/Src/stm32f1xx_hal_rcc.c.obj
                0x08001d38                HAL_RCC_ClockConfig
 .text.HAL_RCC_GetHCLKFreq
                0x08001ea4        0xc CMakeFiles/ELE_COM.elf.dir/Drivers/STM32F1xx_HAL_Driver/Src/stm32f1xx_hal_rcc.c.obj
                0x08001ea4                HAL_RCC_GetHCLKFreq
 .text.HAL_RCC_GetPCLK1Freq
                0x08001eb0       0x20 CMakeFiles/ELE_COM.elf.dir/Drivers/STM32F1xx_HAL_Driver/Src/stm32f1xx_hal_rcc.c.obj
                0x08001eb0                HAL_RCC_GetPCLK1Freq
 .text.HAL_RCC_GetPCLK2Freq
                0x08001ed0       0x20 CMakeFiles/ELE_COM.elf.dir/Drivers/STM32F1xx_HAL_Driver/Src/stm32f1xx_hal_rcc.c.obj
                0x08001ed0                HAL_RCC_GetPCLK2Freq
 .text.TIM_OC1_SetConfig
                0x08001ef0       0x54 CMakeFiles/ELE_COM.elf.dir/Drivers/STM32F1xx_HAL_Driver/Src/stm32f1xx_hal_tim.c.obj
 .text.TIM_OC3_SetConfig
                0x08001f44       0x5c CMakeFiles/ELE_COM.elf.dir/Drivers/STM32F1xx_HAL_Driver/Src/stm32f1xx_hal_tim.c.obj
 .text.TIM_OC4_SetConfig
                0x08001fa0       0x48 CMakeFiles/ELE_COM.elf.dir/Drivers/STM32F1xx_HAL_Driver/Src/stm32f1xx_hal_tim.c.obj
 .text.TIM_Base_SetConfig
                0x08001fe8       0x74 CMakeFiles/ELE_COM.elf.dir/Drivers/STM32F1xx_HAL_Driver/Src/stm32f1xx_hal_tim.c.obj
                0x08001fe8                TIM_Base_SetConfig
 .text.HAL_TIM_PWM_Init
                0x0800205c       0x58 CMakeFiles/ELE_COM.elf.dir/Drivers/STM32F1xx_HAL_Driver/Src/stm32f1xx_hal_tim.c.obj
                0x0800205c                HAL_TIM_PWM_Init
 .text.TIM_OC2_SetConfig
                0x080020b4       0x5c CMakeFiles/ELE_COM.elf.dir/Drivers/STM32F1xx_HAL_Driver/Src/stm32f1xx_hal_tim.c.obj
                0x080020b4                TIM_OC2_SetConfig
 .text.HAL_TIM_PWM_ConfigChannel
                0x08002110       0xdc CMakeFiles/ELE_COM.elf.dir/Drivers/STM32F1xx_HAL_Driver/Src/stm32f1xx_hal_tim.c.obj
                0x08002110                HAL_TIM_PWM_ConfigChannel
 .text.TIM_CCxChannelCmd
                0x080021ec       0x1e CMakeFiles/ELE_COM.elf.dir/Drivers/STM32F1xx_HAL_Driver/Src/stm32f1xx_hal_tim.c.obj
                0x080021ec                TIM_CCxChannelCmd
 *fill*         0x0800220a        0x2 
 .text.HAL_TIM_PWM_Start
                0x0800220c       0xdc CMakeFiles/ELE_COM.elf.dir/Drivers/STM32F1xx_HAL_Driver/Src/stm32f1xx_hal_tim.c.obj
                0x0800220c                HAL_TIM_PWM_Start
 .text.HAL_TIMEx_MasterConfigSynchronization
                0x080022e8       0x6c CMakeFiles/ELE_COM.elf.dir/Drivers/STM32F1xx_HAL_Driver/Src/stm32f1xx_hal_tim_ex.c.obj
                0x080022e8                HAL_TIMEx_MasterConfigSynchronization
 .text.HAL_TIMEx_ConfigBreakDeadTime
                0x08002354       0x52 CMakeFiles/ELE_COM.elf.dir/Drivers/STM32F1xx_HAL_Driver/Src/stm32f1xx_hal_tim_ex.c.obj
                0x08002354                HAL_TIMEx_ConfigBreakDeadTime
 .text.UART_EndRxTransfer
                0x080023a6       0x5c CMakeFiles/ELE_COM.elf.dir/Drivers/STM32F1xx_HAL_Driver/Src/stm32f1xx_hal_uart.c.obj
 .text.UART_Transmit_IT
                0x08002402       0x60 CMakeFiles/ELE_COM.elf.dir/Drivers/STM32F1xx_HAL_Driver/Src/stm32f1xx_hal_uart.c.obj
 *fill*         0x08002462        0x2 
 .text.UART_SetConfig
                0x08002464       0x94 CMakeFiles/ELE_COM.elf.dir/Drivers/STM32F1xx_HAL_Driver/Src/stm32f1xx_hal_uart.c.obj
 .text.UART_WaitOnFlagUntilTimeout
                0x080024f8       0x84 CMakeFiles/ELE_COM.elf.dir/Drivers/STM32F1xx_HAL_Driver/Src/stm32f1xx_hal_uart.c.obj
 .text.HAL_UART_Init
                0x0800257c       0x60 CMakeFiles/ELE_COM.elf.dir/Drivers/STM32F1xx_HAL_Driver/Src/stm32f1xx_hal_uart.c.obj
                0x0800257c                HAL_UART_Init
 .text.HAL_UART_Transmit
                0x080025dc       0xbe CMakeFiles/ELE_COM.elf.dir/Drivers/STM32F1xx_HAL_Driver/Src/stm32f1xx_hal_uart.c.obj
                0x080025dc                HAL_UART_Transmit
 .text.HAL_UART_Receive
                0x0800269a       0xca CMakeFiles/ELE_COM.elf.dir/Drivers/STM32F1xx_HAL_Driver/Src/stm32f1xx_hal_uart.c.obj
                0x0800269a                HAL_UART_Receive
 .text.HAL_UART_TxCpltCallback
                0x08002764        0x2 CMakeFiles/ELE_COM.elf.dir/Drivers/STM32F1xx_HAL_Driver/Src/stm32f1xx_hal_uart.c.obj
                0x08002764                HAL_UART_TxCpltCallback
 .text.UART_EndTransmit_IT
                0x08002766       0x1a CMakeFiles/ELE_COM.elf.dir/Drivers/STM32F1xx_HAL_Driver/Src/stm32f1xx_hal_uart.c.obj
 .text.HAL_UART_ErrorCallback
                0x08002780        0x2 CMakeFiles/ELE_COM.elf.dir/Drivers/STM32F1xx_HAL_Driver/Src/stm32f1xx_hal_uart.c.obj
                0x08002780                HAL_UART_ErrorCallback
 .text.UART_DMAAbortOnError
                0x08002782       0x10 CMakeFiles/ELE_COM.elf.dir/Drivers/STM32F1xx_HAL_Driver/Src/stm32f1xx_hal_uart.c.obj
 .text.HAL_UARTEx_RxEventCallback
                0x08002792        0x2 CMakeFiles/ELE_COM.elf.dir/Drivers/STM32F1xx_HAL_Driver/Src/stm32f1xx_hal_uart.c.obj
                0x08002792                HAL_UARTEx_RxEventCallback
 .text.UART_Receive_IT
                0x08002794       0xe6 CMakeFiles/ELE_COM.elf.dir/Drivers/STM32F1xx_HAL_Driver/Src/stm32f1xx_hal_uart.c.obj
 *fill*         0x0800287a        0x2 
 .text.HAL_UART_IRQHandler
                0x0800287c      0x284 CMakeFiles/ELE_COM.elf.dir/Drivers/STM32F1xx_HAL_Driver/Src/stm32f1xx_hal_uart.c.obj
                0x0800287c                HAL_UART_IRQHandler
 .text.UART_Start_Receive_IT
                0x08002b00       0x36 CMakeFiles/ELE_COM.elf.dir/Drivers/STM32F1xx_HAL_Driver/Src/stm32f1xx_hal_uart.c.obj
                0x08002b00                UART_Start_Receive_IT
 .text.HAL_UART_Receive_IT
                0x08002b36       0x26 CMakeFiles/ELE_COM.elf.dir/Drivers/STM32F1xx_HAL_Driver/Src/stm32f1xx_hal_uart.c.obj
                0x08002b36                HAL_UART_Receive_IT
 .text.memset   0x08002b5c       0xa0 C:/environ/arm-gnu-toolchain/arm-gnu-toolchain-13.3.rel1-mingw-w64-i686-arm-none-eabi/bin/../lib/gcc/arm-none-eabi/13.3.1/thumb/v7-m/nofp\libg.a(libc_a-memset.o)
                0x08002b5c                memset
 .text.__libc_init_array
                0x08002bfc       0x50 C:/environ/arm-gnu-toolchain/arm-gnu-toolchain-13.3.rel1-mingw-w64-i686-arm-none-eabi/bin/../lib/gcc/arm-none-eabi/13.3.1/thumb/v7-m/nofp\libg.a(libc_a-init.o)
                0x08002bfc                __libc_init_array
 .text.__retarget_lock_acquire_recursive
                0x08002c4c        0x4 C:/environ/arm-gnu-toolchain/arm-gnu-toolchain-13.3.rel1-mingw-w64-i686-arm-none-eabi/bin/../lib/gcc/arm-none-eabi/13.3.1/thumb/v7-m/nofp\libg.a(libc_a-lock.o)
                0x08002c4c                __retarget_lock_acquire_recursive
 .text.__retarget_lock_release_recursive
                0x08002c50        0x4 C:/environ/arm-gnu-toolchain/arm-gnu-toolchain-13.3.rel1-mingw-w64-i686-arm-none-eabi/bin/../lib/gcc/arm-none-eabi/13.3.1/thumb/v7-m/nofp\libg.a(libc_a-lock.o)
                0x08002c50                __retarget_lock_release_recursive
 .text.startup.register_fini
                0x08002c54       0x14 C:/environ/arm-gnu-toolchain/arm-gnu-toolchain-13.3.rel1-mingw-w64-i686-arm-none-eabi/bin/../lib/gcc/arm-none-eabi/13.3.1/thumb/v7-m/nofp\libg.a(libc_a-__call_atexit.o)
 .text.atexit   0x08002c68        0xc C:/environ/arm-gnu-toolchain/arm-gnu-toolchain-13.3.rel1-mingw-w64-i686-arm-none-eabi/bin/../lib/gcc/arm-none-eabi/13.3.1/thumb/v7-m/nofp\libg.a(libc_a-atexit.o)
                0x08002c68                atexit
 .text.__libc_fini_array
                0x08002c74       0x28 C:/environ/arm-gnu-toolchain/arm-gnu-toolchain-13.3.rel1-mingw-w64-i686-arm-none-eabi/bin/../lib/gcc/arm-none-eabi/13.3.1/thumb/v7-m/nofp\libg.a(libc_a-fini.o)
                0x08002c74                __libc_fini_array
 .text.__register_exitproc
                0x08002c9c       0x80 C:/environ/arm-gnu-toolchain/arm-gnu-toolchain-13.3.rel1-mingw-w64-i686-arm-none-eabi/bin/../lib/gcc/arm-none-eabi/13.3.1/thumb/v7-m/nofp\libg.a(libc_a-__atexit.o)
                0x08002c9c                __register_exitproc
 *(.glue_7)
 .glue_7        0x08002d1c        0x0 linker stubs
 *(.glue_7t)
 .glue_7t       0x08002d1c        0x0 linker stubs
 *(.eh_frame)
 .eh_frame      0x08002d1c        0x0 C:/environ/arm-gnu-toolchain/arm-gnu-toolchain-13.3.rel1-mingw-w64-i686-arm-none-eabi/bin/../lib/gcc/arm-none-eabi/13.3.1/thumb/v7-m/nofp/crtbegin.o
 *(.init)
 .init          0x08002d1c        0x4 C:/environ/arm-gnu-toolchain/arm-gnu-toolchain-13.3.rel1-mingw-w64-i686-arm-none-eabi/bin/../lib/gcc/arm-none-eabi/13.3.1/thumb/v7-m/nofp/crti.o
                0x08002d1c                _init
 .init          0x08002d20        0x8 C:/environ/arm-gnu-toolchain/arm-gnu-toolchain-13.3.rel1-mingw-w64-i686-arm-none-eabi/bin/../lib/gcc/arm-none-eabi/13.3.1/thumb/v7-m/nofp/crtn.o
 *(.fini)
 .fini          0x08002d28        0x4 C:/environ/arm-gnu-toolchain/arm-gnu-toolchain-13.3.rel1-mingw-w64-i686-arm-none-eabi/bin/../lib/gcc/arm-none-eabi/13.3.1/thumb/v7-m/nofp/crti.o
                0x08002d28                _fini
 .fini          0x08002d2c        0x8 C:/environ/arm-gnu-toolchain/arm-gnu-toolchain-13.3.rel1-mingw-w64-i686-arm-none-eabi/bin/../lib/gcc/arm-none-eabi/13.3.1/thumb/v7-m/nofp/crtn.o
                0x08002d34                        . = ALIGN (0x4)
                0x08002d34                        _etext = .

.vfp11_veneer   0x08002d34        0x0
 .vfp11_veneer  0x08002d34        0x0 linker stubs

.v4_bx          0x08002d34        0x0
 .v4_bx         0x08002d34        0x0 linker stubs

.iplt           0x08002d34        0x0
 .iplt          0x08002d34        0x0 C:/environ/arm-gnu-toolchain/arm-gnu-toolchain-13.3.rel1-mingw-w64-i686-arm-none-eabi/bin/../lib/gcc/arm-none-eabi/13.3.1/thumb/v7-m/nofp/crtbegin.o

.rodata         0x08002d34       0x44
                0x08002d34                        . = ALIGN (0x4)
 *(.rodata)
 *(.rodata*)
 .rodata.main.str1.4
                0x08002d34       0x16 CMakeFiles/ELE_COM.elf.dir/Core/Src/main.c.obj
 *fill*         0x08002d4a        0x2 
 .rodata.APBPrescTable
                0x08002d4c        0x8 CMakeFiles/ELE_COM.elf.dir/Core/Src/system_stm32f1xx.c.obj
                0x08002d4c                APBPrescTable
 .rodata.AHBPrescTable
                0x08002d54       0x10 CMakeFiles/ELE_COM.elf.dir/Core/Src/system_stm32f1xx.c.obj
                0x08002d54                AHBPrescTable
 .rodata.aPredivFactorTable.0
                0x08002d64        0x2 CMakeFiles/ELE_COM.elf.dir/Drivers/STM32F1xx_HAL_Driver/Src/stm32f1xx_hal_rcc.c.obj
 *fill*         0x08002d66        0x2 
 .rodata.aPLLMULFactorTable.1
                0x08002d68       0x10 CMakeFiles/ELE_COM.elf.dir/Drivers/STM32F1xx_HAL_Driver/Src/stm32f1xx_hal_rcc.c.obj
                0x08002d78                        . = ALIGN (0x4)

.ARM.extab      0x08002d78        0x0
                0x08002d78                        . = ALIGN (0x4)
 *(.ARM.extab* .gnu.linkonce.armextab.*)
                0x08002d78                        . = ALIGN (0x4)

.ARM            0x08002d78        0x0
                0x08002d78                        . = ALIGN (0x4)
                0x08002d78                        __exidx_start = .
 *(.ARM.exidx*)
                0x08002d78                        __exidx_end = .
                0x08002d78                        . = ALIGN (0x4)

.preinit_array  0x08002d78        0x0
                0x08002d78                        . = ALIGN (0x4)
                0x08002d78                        PROVIDE (__preinit_array_start = .)
 *(.preinit_array*)
                0x08002d78                        PROVIDE (__preinit_array_end = .)
                0x08002d78                        . = ALIGN (0x4)

.init_array     0x08002d78        0x8
                0x08002d78                        . = ALIGN (0x4)
                0x08002d78                        PROVIDE (__init_array_start = .)
 *(SORT_BY_NAME(.init_array.*))
 .init_array.00000
                0x08002d78        0x4 C:/environ/arm-gnu-toolchain/arm-gnu-toolchain-13.3.rel1-mingw-w64-i686-arm-none-eabi/bin/../lib/gcc/arm-none-eabi/13.3.1/thumb/v7-m/nofp\libg.a(libc_a-__call_atexit.o)
 *(.init_array*)
 .init_array    0x08002d7c        0x4 C:/environ/arm-gnu-toolchain/arm-gnu-toolchain-13.3.rel1-mingw-w64-i686-arm-none-eabi/bin/../lib/gcc/arm-none-eabi/13.3.1/thumb/v7-m/nofp/crtbegin.o
                0x08002d80                        PROVIDE (__init_array_end = .)
                0x08002d80                        . = ALIGN (0x4)

.fini_array     0x08002d80        0x4
                0x08002d80                        . = ALIGN (0x4)
                0x08002d80                        PROVIDE (__fini_array_start = .)
 *(SORT_BY_NAME(.fini_array.*))
 *(.fini_array*)
 .fini_array    0x08002d80        0x4 C:/environ/arm-gnu-toolchain/arm-gnu-toolchain-13.3.rel1-mingw-w64-i686-arm-none-eabi/bin/../lib/gcc/arm-none-eabi/13.3.1/thumb/v7-m/nofp/crtbegin.o
                0x08002d84                        PROVIDE (__fini_array_end = .)
                0x08002d84                        . = ALIGN (0x4)
                0x08002d84                        _sidata = LOADADDR (.data)

.rel.dyn        0x08002d84        0x0
 .rel.iplt      0x08002d84        0x0 C:/environ/arm-gnu-toolchain/arm-gnu-toolchain-13.3.rel1-mingw-w64-i686-arm-none-eabi/bin/../lib/gcc/arm-none-eabi/13.3.1/thumb/v7-m/nofp/crtbegin.o

.data           0x20000000      0x220 load address 0x08002d84
                0x20000000                        . = ALIGN (0x4)
                0x20000000                        _sdata = .
 *(.data)
 *(.data*)
 .data.chess_9  0x20000000       0x30 CMakeFiles/ELE_COM.elf.dir/Core/Src/Kine.c.obj
                0x20000000                chess_9
 .data.chess_8  0x20000030       0x30 CMakeFiles/ELE_COM.elf.dir/Core/Src/Kine.c.obj
                0x20000030                chess_8
 .data.chess_7  0x20000060       0x30 CMakeFiles/ELE_COM.elf.dir/Core/Src/Kine.c.obj
                0x20000060                chess_7
 .data.chess_6  0x20000090       0x30 CMakeFiles/ELE_COM.elf.dir/Core/Src/Kine.c.obj
                0x20000090                chess_6
 .data.chess_5  0x200000c0       0x30 CMakeFiles/ELE_COM.elf.dir/Core/Src/Kine.c.obj
                0x200000c0                chess_5
 .data.chess_4  0x200000f0       0x30 CMakeFiles/ELE_COM.elf.dir/Core/Src/Kine.c.obj
                0x200000f0                chess_4
 .data.chess_3  0x20000120       0x30 CMakeFiles/ELE_COM.elf.dir/Core/Src/Kine.c.obj
                0x20000120                chess_3
 .data.chess_2  0x20000150       0x30 CMakeFiles/ELE_COM.elf.dir/Core/Src/Kine.c.obj
                0x20000150                chess_2
 .data.chess_1  0x20000180       0x30 CMakeFiles/ELE_COM.elf.dir/Core/Src/Kine.c.obj
                0x20000180                chess_1
 .data.get_chess_1
                0x200001b0       0x30 CMakeFiles/ELE_COM.elf.dir/Core/Src/Kine.c.obj
                0x200001b0                get_chess_1
 .data.get_befchess_1
                0x200001e0       0x30 CMakeFiles/ELE_COM.elf.dir/Core/Src/Kine.c.obj
                0x200001e0                get_befchess_1
 .data.SystemCoreClock
                0x20000210        0x4 CMakeFiles/ELE_COM.elf.dir/Core/Src/system_stm32f1xx.c.obj
                0x20000210                SystemCoreClock
 .data.uwTickFreq
                0x20000214        0x1 CMakeFiles/ELE_COM.elf.dir/Drivers/STM32F1xx_HAL_Driver/Src/stm32f1xx_hal.c.obj
                0x20000214                uwTickFreq
 *fill*         0x20000215        0x3 
 .data.uwTickPrio
                0x20000218        0x4 CMakeFiles/ELE_COM.elf.dir/Drivers/STM32F1xx_HAL_Driver/Src/stm32f1xx_hal.c.obj
                0x20000218                uwTickPrio
 .data.__atexit_recursive_mutex
                0x2000021c        0x4 C:/environ/arm-gnu-toolchain/arm-gnu-toolchain-13.3.rel1-mingw-w64-i686-arm-none-eabi/bin/../lib/gcc/arm-none-eabi/13.3.1/thumb/v7-m/nofp\libg.a(libc_a-__call_atexit.o)
                0x2000021c                __atexit_recursive_mutex
 *(.RamFunc)
 *(.RamFunc*)
                0x20000220                        . = ALIGN (0x4)
                0x20000220                        _edata = .

.tm_clone_table
                0x20000220        0x0 load address 0x08002fa4
 .tm_clone_table
                0x20000220        0x0 C:/environ/arm-gnu-toolchain/arm-gnu-toolchain-13.3.rel1-mingw-w64-i686-arm-none-eabi/bin/../lib/gcc/arm-none-eabi/13.3.1/thumb/v7-m/nofp/crtbegin.o
 .tm_clone_table
                0x20000220        0x0 C:/environ/arm-gnu-toolchain/arm-gnu-toolchain-13.3.rel1-mingw-w64-i686-arm-none-eabi/bin/../lib/gcc/arm-none-eabi/13.3.1/thumb/v7-m/nofp/crtend.o

.igot.plt       0x20000220        0x0 load address 0x08002fa4
 .igot.plt      0x20000220        0x0 C:/environ/arm-gnu-toolchain/arm-gnu-toolchain-13.3.rel1-mingw-w64-i686-arm-none-eabi/bin/../lib/gcc/arm-none-eabi/13.3.1/thumb/v7-m/nofp/crtbegin.o
                0x20000220                        . = ALIGN (0x4)

.bss            0x20000220      0x328 load address 0x08002fa4
                0x20000220                        _sbss = .
                0x20000220                        __bss_start__ = _sbss
 *(.bss)
 *(.bss*)
 .bss.completed.1
                0x20000220        0x1 C:/environ/arm-gnu-toolchain/arm-gnu-toolchain-13.3.rel1-mingw-w64-i686-arm-none-eabi/bin/../lib/gcc/arm-none-eabi/13.3.1/thumb/v7-m/nofp/crtbegin.o
 *fill*         0x20000221        0x3 
 .bss.object.0  0x20000224       0x18 C:/environ/arm-gnu-toolchain/arm-gnu-toolchain-13.3.rel1-mingw-w64-i686-arm-none-eabi/bin/../lib/gcc/arm-none-eabi/13.3.1/thumb/v7-m/nofp/crtbegin.o
 .bss.data      0x2000023c        0x5 CMakeFiles/ELE_COM.elf.dir/Core/Src/main.c.obj
                0x2000023c                data
 *fill*         0x20000241        0x3 
 .bss.htim4     0x20000244       0x48 CMakeFiles/ELE_COM.elf.dir/Core/Src/tim.c.obj
                0x20000244                htim4
 .bss.htim3     0x2000028c       0x48 CMakeFiles/ELE_COM.elf.dir/Core/Src/tim.c.obj
                0x2000028c                htim3
 .bss.htim2     0x200002d4       0x48 CMakeFiles/ELE_COM.elf.dir/Core/Src/tim.c.obj
                0x200002d4                htim2
 .bss.htim1     0x2000031c       0x48 CMakeFiles/ELE_COM.elf.dir/Core/Src/tim.c.obj
                0x2000031c                htim1
 .bss.huart2    0x20000364       0x48 CMakeFiles/ELE_COM.elf.dir/Core/Src/usart.c.obj
                0x20000364                huart2
 .bss.uwTick    0x200003ac        0x4 CMakeFiles/ELE_COM.elf.dir/Drivers/STM32F1xx_HAL_Driver/Src/stm32f1xx_hal.c.obj
                0x200003ac                uwTick
 .bss.__lock___atexit_recursive_mutex
                0x200003b0        0x1 C:/environ/arm-gnu-toolchain/arm-gnu-toolchain-13.3.rel1-mingw-w64-i686-arm-none-eabi/bin/../lib/gcc/arm-none-eabi/13.3.1/thumb/v7-m/nofp\libg.a(libc_a-lock.o)
                0x200003b0                __lock___atexit_recursive_mutex
 *fill*         0x200003b1        0x3 
 .bss.__atexit  0x200003b4        0x4 C:/environ/arm-gnu-toolchain/arm-gnu-toolchain-13.3.rel1-mingw-w64-i686-arm-none-eabi/bin/../lib/gcc/arm-none-eabi/13.3.1/thumb/v7-m/nofp\libg.a(libc_a-__call_atexit.o)
                0x200003b4                __atexit
 .bss.__atexit0
                0x200003b8      0x190 C:/environ/arm-gnu-toolchain/arm-gnu-toolchain-13.3.rel1-mingw-w64-i686-arm-none-eabi/bin/../lib/gcc/arm-none-eabi/13.3.1/thumb/v7-m/nofp\libg.a(libc_a-__atexit.o)
                0x200003b8                __atexit0
 *(COMMON)
                0x20000548                        . = ALIGN (0x4)
                0x20000548                        _ebss = .
                0x20000548                        __bss_end__ = _ebss

._user_heap_stack
                0x20000548      0x600 load address 0x08002fa4
                0x20000548                        . = ALIGN (0x8)
                [!provide]                        PROVIDE (end = .)
                0x20000548                        PROVIDE (_end = .)
                0x20000748                        . = (. + _Min_Heap_Size)
 *fill*         0x20000548      0x200 
                0x20000b48                        . = (. + _Min_Stack_Size)
 *fill*         0x20000748      0x400 
                0x20000b48                        . = ALIGN (0x8)

/DISCARD/
 libc.a(*)
 libm.a(*)
 libgcc.a(*)

.ARM.attributes
                0x00000000       0x29
 *(.ARM.attributes)
 .ARM.attributes
                0x00000000       0x1d C:/environ/arm-gnu-toolchain/arm-gnu-toolchain-13.3.rel1-mingw-w64-i686-arm-none-eabi/bin/../lib/gcc/arm-none-eabi/13.3.1/thumb/v7-m/nofp/crti.o
 .ARM.attributes
                0x0000001d       0x2d C:/environ/arm-gnu-toolchain/arm-gnu-toolchain-13.3.rel1-mingw-w64-i686-arm-none-eabi/bin/../lib/gcc/arm-none-eabi/13.3.1/thumb/v7-m/nofp/crtbegin.o
 .ARM.attributes
                0x0000004a       0x2d CMakeFiles/ELE_COM.elf.dir/Core/Src/Kine.c.obj
 .ARM.attributes
                0x00000077       0x2d CMakeFiles/ELE_COM.elf.dir/Core/Src/gpio.c.obj
 .ARM.attributes
                0x000000a4       0x2d CMakeFiles/ELE_COM.elf.dir/Core/Src/main.c.obj
 .ARM.attributes
                0x000000d1       0x2d CMakeFiles/ELE_COM.elf.dir/Core/Src/servo.c.obj
 .ARM.attributes
                0x000000fe       0x2d CMakeFiles/ELE_COM.elf.dir/Core/Src/stm32f1xx_hal_msp.c.obj
 .ARM.attributes
                0x0000012b       0x2d CMakeFiles/ELE_COM.elf.dir/Core/Src/stm32f1xx_it.c.obj
 .ARM.attributes
                0x00000158       0x2d CMakeFiles/ELE_COM.elf.dir/Core/Src/system_stm32f1xx.c.obj
 .ARM.attributes
                0x00000185       0x2d CMakeFiles/ELE_COM.elf.dir/Core/Src/tim.c.obj
 .ARM.attributes
                0x000001b2       0x2d CMakeFiles/ELE_COM.elf.dir/Core/Src/usart.c.obj
 .ARM.attributes
                0x000001df       0x21 CMakeFiles/ELE_COM.elf.dir/Core/Startup/startup_stm32f103c8tx.s.obj
 .ARM.attributes
                0x00000200       0x2d CMakeFiles/ELE_COM.elf.dir/Drivers/STM32F1xx_HAL_Driver/Src/stm32f1xx_hal.c.obj
 .ARM.attributes
                0x0000022d       0x2d CMakeFiles/ELE_COM.elf.dir/Drivers/STM32F1xx_HAL_Driver/Src/stm32f1xx_hal_cortex.c.obj
 .ARM.attributes
                0x0000025a       0x2d CMakeFiles/ELE_COM.elf.dir/Drivers/STM32F1xx_HAL_Driver/Src/stm32f1xx_hal_dma.c.obj
 .ARM.attributes
                0x00000287       0x2d CMakeFiles/ELE_COM.elf.dir/Drivers/STM32F1xx_HAL_Driver/Src/stm32f1xx_hal_gpio.c.obj
 .ARM.attributes
                0x000002b4       0x2d CMakeFiles/ELE_COM.elf.dir/Drivers/STM32F1xx_HAL_Driver/Src/stm32f1xx_hal_rcc.c.obj
 .ARM.attributes
                0x000002e1       0x2d CMakeFiles/ELE_COM.elf.dir/Drivers/STM32F1xx_HAL_Driver/Src/stm32f1xx_hal_tim.c.obj
 .ARM.attributes
                0x0000030e       0x2d CMakeFiles/ELE_COM.elf.dir/Drivers/STM32F1xx_HAL_Driver/Src/stm32f1xx_hal_tim_ex.c.obj
 .ARM.attributes
                0x0000033b       0x2d CMakeFiles/ELE_COM.elf.dir/Drivers/STM32F1xx_HAL_Driver/Src/stm32f1xx_hal_uart.c.obj
 .ARM.attributes
                0x00000368       0x1d C:/environ/arm-gnu-toolchain/arm-gnu-toolchain-13.3.rel1-mingw-w64-i686-arm-none-eabi/bin/../lib/gcc/arm-none-eabi/13.3.1/thumb/v7-m/nofp\libgcc.a(_arm_addsubdf3.o)
 .ARM.attributes
                0x00000385       0x1d C:/environ/arm-gnu-toolchain/arm-gnu-toolchain-13.3.rel1-mingw-w64-i686-arm-none-eabi/bin/../lib/gcc/arm-none-eabi/13.3.1/thumb/v7-m/nofp\libgcc.a(_arm_muldivdf3.o)
 .ARM.attributes
                0x000003a2       0x1d C:/environ/arm-gnu-toolchain/arm-gnu-toolchain-13.3.rel1-mingw-w64-i686-arm-none-eabi/bin/../lib/gcc/arm-none-eabi/13.3.1/thumb/v7-m/nofp\libgcc.a(_arm_fixdfsi.o)
 .ARM.attributes
                0x000003bf       0x2d C:/environ/arm-gnu-toolchain/arm-gnu-toolchain-13.3.rel1-mingw-w64-i686-arm-none-eabi/bin/../lib/gcc/arm-none-eabi/13.3.1/thumb/v7-m/nofp\libg.a(libc_a-memset.o)
 .ARM.attributes
                0x000003ec       0x2d C:/environ/arm-gnu-toolchain/arm-gnu-toolchain-13.3.rel1-mingw-w64-i686-arm-none-eabi/bin/../lib/gcc/arm-none-eabi/13.3.1/thumb/v7-m/nofp\libg.a(libc_a-init.o)
 .ARM.attributes
                0x00000419       0x2d C:/environ/arm-gnu-toolchain/arm-gnu-toolchain-13.3.rel1-mingw-w64-i686-arm-none-eabi/bin/../lib/gcc/arm-none-eabi/13.3.1/thumb/v7-m/nofp\libg.a(libc_a-lock.o)
 .ARM.attributes
                0x00000446       0x2d C:/environ/arm-gnu-toolchain/arm-gnu-toolchain-13.3.rel1-mingw-w64-i686-arm-none-eabi/bin/../lib/gcc/arm-none-eabi/13.3.1/thumb/v7-m/nofp\libg.a(libc_a-__call_atexit.o)
 .ARM.attributes
                0x00000473       0x2d C:/environ/arm-gnu-toolchain/arm-gnu-toolchain-13.3.rel1-mingw-w64-i686-arm-none-eabi/bin/../lib/gcc/arm-none-eabi/13.3.1/thumb/v7-m/nofp\libg.a(libc_a-atexit.o)
 .ARM.attributes
                0x000004a0       0x2d C:/environ/arm-gnu-toolchain/arm-gnu-toolchain-13.3.rel1-mingw-w64-i686-arm-none-eabi/bin/../lib/gcc/arm-none-eabi/13.3.1/thumb/v7-m/nofp\libg.a(libc_a-fini.o)
 .ARM.attributes
                0x000004cd       0x2d C:/environ/arm-gnu-toolchain/arm-gnu-toolchain-13.3.rel1-mingw-w64-i686-arm-none-eabi/bin/../lib/gcc/arm-none-eabi/13.3.1/thumb/v7-m/nofp\libg.a(libc_a-__atexit.o)
 .ARM.attributes
                0x000004fa       0x2d C:/environ/arm-gnu-toolchain/arm-gnu-toolchain-13.3.rel1-mingw-w64-i686-arm-none-eabi/bin/../lib/gcc/arm-none-eabi/13.3.1/thumb/v7-m/nofp/crtend.o
 .ARM.attributes
                0x00000527       0x1d C:/environ/arm-gnu-toolchain/arm-gnu-toolchain-13.3.rel1-mingw-w64-i686-arm-none-eabi/bin/../lib/gcc/arm-none-eabi/13.3.1/thumb/v7-m/nofp/crtn.o
OUTPUT(ELE_COM.elf elf32-littlearm)
LOAD linker stubs
LOAD C:/environ/arm-gnu-toolchain/arm-gnu-toolchain-13.3.rel1-mingw-w64-i686-arm-none-eabi/bin/../lib/gcc/arm-none-eabi/13.3.1/thumb/v7-m/nofp\libc.a
LOAD C:/environ/arm-gnu-toolchain/arm-gnu-toolchain-13.3.rel1-mingw-w64-i686-arm-none-eabi/bin/../lib/gcc/arm-none-eabi/13.3.1/thumb/v7-m/nofp\libm.a
LOAD C:/environ/arm-gnu-toolchain/arm-gnu-toolchain-13.3.rel1-mingw-w64-i686-arm-none-eabi/bin/../lib/gcc/arm-none-eabi/13.3.1/thumb/v7-m/nofp\libgcc.a

.debug_info     0x00000000    0x10ae1
 .debug_info    0x00000000      0xf56 CMakeFiles/ELE_COM.elf.dir/Core/Src/Kine.c.obj
 .debug_info    0x00000f56      0x345 CMakeFiles/ELE_COM.elf.dir/Core/Src/gpio.c.obj
 .debug_info    0x0000129b      0xa3b CMakeFiles/ELE_COM.elf.dir/Core/Src/main.c.obj
 .debug_info    0x00001cd6      0x7d3 CMakeFiles/ELE_COM.elf.dir/Core/Src/servo.c.obj
 .debug_info    0x000024a9      0x1f4 CMakeFiles/ELE_COM.elf.dir/Core/Src/stm32f1xx_hal_msp.c.obj
 .debug_info    0x0000269d      0x603 CMakeFiles/ELE_COM.elf.dir/Core/Src/stm32f1xx_it.c.obj
 .debug_info    0x00002ca0      0x22d CMakeFiles/ELE_COM.elf.dir/Core/Src/system_stm32f1xx.c.obj
 .debug_info    0x00002ecd      0xeb7 CMakeFiles/ELE_COM.elf.dir/Core/Src/tim.c.obj
 .debug_info    0x00003d84      0x9e5 CMakeFiles/ELE_COM.elf.dir/Core/Src/usart.c.obj
 .debug_info    0x00004769       0x30 CMakeFiles/ELE_COM.elf.dir/Core/Startup/startup_stm32f103c8tx.s.obj
 .debug_info    0x00004799      0x7a2 CMakeFiles/ELE_COM.elf.dir/Drivers/STM32F1xx_HAL_Driver/Src/stm32f1xx_hal.c.obj
 .debug_info    0x00004f3b      0xcd9 CMakeFiles/ELE_COM.elf.dir/Drivers/STM32F1xx_HAL_Driver/Src/stm32f1xx_hal_cortex.c.obj
 .debug_info    0x00005c14      0x7f2 CMakeFiles/ELE_COM.elf.dir/Drivers/STM32F1xx_HAL_Driver/Src/stm32f1xx_hal_dma.c.obj
 .debug_info    0x00006406      0x604 CMakeFiles/ELE_COM.elf.dir/Drivers/STM32F1xx_HAL_Driver/Src/stm32f1xx_hal_gpio.c.obj
 .debug_info    0x00006a0a      0x9c7 CMakeFiles/ELE_COM.elf.dir/Drivers/STM32F1xx_HAL_Driver/Src/stm32f1xx_hal_rcc.c.obj
 .debug_info    0x000073d1     0x3be7 CMakeFiles/ELE_COM.elf.dir/Drivers/STM32F1xx_HAL_Driver/Src/stm32f1xx_hal_tim.c.obj
 .debug_info    0x0000afb8     0x1aac CMakeFiles/ELE_COM.elf.dir/Drivers/STM32F1xx_HAL_Driver/Src/stm32f1xx_hal_tim_ex.c.obj
 .debug_info    0x0000ca64     0x407d CMakeFiles/ELE_COM.elf.dir/Drivers/STM32F1xx_HAL_Driver/Src/stm32f1xx_hal_uart.c.obj

.debug_abbrev   0x00000000     0x251a
 .debug_abbrev  0x00000000      0x233 CMakeFiles/ELE_COM.elf.dir/Core/Src/Kine.c.obj
 .debug_abbrev  0x00000233      0x151 CMakeFiles/ELE_COM.elf.dir/Core/Src/gpio.c.obj
 .debug_abbrev  0x00000384      0x28d CMakeFiles/ELE_COM.elf.dir/Core/Src/main.c.obj
 .debug_abbrev  0x00000611      0x20f CMakeFiles/ELE_COM.elf.dir/Core/Src/servo.c.obj
 .debug_abbrev  0x00000820       0xed CMakeFiles/ELE_COM.elf.dir/Core/Src/stm32f1xx_hal_msp.c.obj
 .debug_abbrev  0x0000090d      0x17f CMakeFiles/ELE_COM.elf.dir/Core/Src/stm32f1xx_it.c.obj
 .debug_abbrev  0x00000a8c      0x143 CMakeFiles/ELE_COM.elf.dir/Core/Src/system_stm32f1xx.c.obj
 .debug_abbrev  0x00000bcf      0x295 CMakeFiles/ELE_COM.elf.dir/Core/Src/tim.c.obj
 .debug_abbrev  0x00000e64      0x223 CMakeFiles/ELE_COM.elf.dir/Core/Src/usart.c.obj
 .debug_abbrev  0x00001087       0x24 CMakeFiles/ELE_COM.elf.dir/Core/Startup/startup_stm32f103c8tx.s.obj
 .debug_abbrev  0x000010ab      0x22d CMakeFiles/ELE_COM.elf.dir/Drivers/STM32F1xx_HAL_Driver/Src/stm32f1xx_hal.c.obj
 .debug_abbrev  0x000012d8      0x36d CMakeFiles/ELE_COM.elf.dir/Drivers/STM32F1xx_HAL_Driver/Src/stm32f1xx_hal_cortex.c.obj
 .debug_abbrev  0x00001645      0x244 CMakeFiles/ELE_COM.elf.dir/Drivers/STM32F1xx_HAL_Driver/Src/stm32f1xx_hal_dma.c.obj
 .debug_abbrev  0x00001889      0x1f7 CMakeFiles/ELE_COM.elf.dir/Drivers/STM32F1xx_HAL_Driver/Src/stm32f1xx_hal_gpio.c.obj
 .debug_abbrev  0x00001a80      0x2a0 CMakeFiles/ELE_COM.elf.dir/Drivers/STM32F1xx_HAL_Driver/Src/stm32f1xx_hal_rcc.c.obj
 .debug_abbrev  0x00001d20      0x270 CMakeFiles/ELE_COM.elf.dir/Drivers/STM32F1xx_HAL_Driver/Src/stm32f1xx_hal_tim.c.obj
 .debug_abbrev  0x00001f90      0x26e CMakeFiles/ELE_COM.elf.dir/Drivers/STM32F1xx_HAL_Driver/Src/stm32f1xx_hal_tim_ex.c.obj
 .debug_abbrev  0x000021fe      0x31c CMakeFiles/ELE_COM.elf.dir/Drivers/STM32F1xx_HAL_Driver/Src/stm32f1xx_hal_uart.c.obj

.debug_loclists
                0x00000000     0x8ffb
 .debug_loclists
                0x00000000      0x1b8 CMakeFiles/ELE_COM.elf.dir/Core/Src/Kine.c.obj
 .debug_loclists
                0x000001b8       0x40 CMakeFiles/ELE_COM.elf.dir/Core/Src/main.c.obj
 .debug_loclists
                0x000001f8       0x85 CMakeFiles/ELE_COM.elf.dir/Core/Src/servo.c.obj
 .debug_loclists
                0x0000027d       0x17 CMakeFiles/ELE_COM.elf.dir/Core/Src/stm32f1xx_hal_msp.c.obj
 .debug_loclists
                0x00000294       0xb7 CMakeFiles/ELE_COM.elf.dir/Core/Src/system_stm32f1xx.c.obj
 .debug_loclists
                0x0000034b       0x8e CMakeFiles/ELE_COM.elf.dir/Core/Src/tim.c.obj
 .debug_loclists
                0x000003d9       0x75 CMakeFiles/ELE_COM.elf.dir/Core/Src/usart.c.obj
 .debug_loclists
                0x0000044e       0xe1 CMakeFiles/ELE_COM.elf.dir/Drivers/STM32F1xx_HAL_Driver/Src/stm32f1xx_hal.c.obj
 .debug_loclists
                0x0000052f      0x530 CMakeFiles/ELE_COM.elf.dir/Drivers/STM32F1xx_HAL_Driver/Src/stm32f1xx_hal_cortex.c.obj
 .debug_loclists
                0x00000a5f      0x562 CMakeFiles/ELE_COM.elf.dir/Drivers/STM32F1xx_HAL_Driver/Src/stm32f1xx_hal_dma.c.obj
 .debug_loclists
                0x00000fc1      0x318 CMakeFiles/ELE_COM.elf.dir/Drivers/STM32F1xx_HAL_Driver/Src/stm32f1xx_hal_gpio.c.obj
 .debug_loclists
                0x000012d9      0x42e CMakeFiles/ELE_COM.elf.dir/Drivers/STM32F1xx_HAL_Driver/Src/stm32f1xx_hal_rcc.c.obj
 .debug_loclists
                0x00001707     0x37c3 CMakeFiles/ELE_COM.elf.dir/Drivers/STM32F1xx_HAL_Driver/Src/stm32f1xx_hal_tim.c.obj
 .debug_loclists
                0x00004eca     0x1398 CMakeFiles/ELE_COM.elf.dir/Drivers/STM32F1xx_HAL_Driver/Src/stm32f1xx_hal_tim_ex.c.obj
 .debug_loclists
                0x00006262     0x2d99 CMakeFiles/ELE_COM.elf.dir/Drivers/STM32F1xx_HAL_Driver/Src/stm32f1xx_hal_uart.c.obj

.debug_aranges  0x00000000      0xc90
 .debug_aranges
                0x00000000       0x60 CMakeFiles/ELE_COM.elf.dir/Core/Src/Kine.c.obj
 .debug_aranges
                0x00000060       0x20 CMakeFiles/ELE_COM.elf.dir/Core/Src/gpio.c.obj
 .debug_aranges
                0x00000080       0x38 CMakeFiles/ELE_COM.elf.dir/Core/Src/main.c.obj
 .debug_aranges
                0x000000b8       0x38 CMakeFiles/ELE_COM.elf.dir/Core/Src/servo.c.obj
 .debug_aranges
                0x000000f0       0x20 CMakeFiles/ELE_COM.elf.dir/Core/Src/stm32f1xx_hal_msp.c.obj
 .debug_aranges
                0x00000110       0x68 CMakeFiles/ELE_COM.elf.dir/Core/Src/stm32f1xx_it.c.obj
 .debug_aranges
                0x00000178       0x28 CMakeFiles/ELE_COM.elf.dir/Core/Src/system_stm32f1xx.c.obj
 .debug_aranges
                0x000001a0       0x50 CMakeFiles/ELE_COM.elf.dir/Core/Src/tim.c.obj
 .debug_aranges
                0x000001f0       0x30 CMakeFiles/ELE_COM.elf.dir/Core/Src/usart.c.obj
 .debug_aranges
                0x00000220       0x28 CMakeFiles/ELE_COM.elf.dir/Core/Startup/startup_stm32f103c8tx.s.obj
 .debug_aranges
                0x00000248       0xe0 CMakeFiles/ELE_COM.elf.dir/Drivers/STM32F1xx_HAL_Driver/Src/stm32f1xx_hal.c.obj
 .debug_aranges
                0x00000328       0xc0 CMakeFiles/ELE_COM.elf.dir/Drivers/STM32F1xx_HAL_Driver/Src/stm32f1xx_hal_cortex.c.obj
 .debug_aranges
                0x000003e8       0x80 CMakeFiles/ELE_COM.elf.dir/Drivers/STM32F1xx_HAL_Driver/Src/stm32f1xx_hal_dma.c.obj
 .debug_aranges
                0x00000468       0x58 CMakeFiles/ELE_COM.elf.dir/Drivers/STM32F1xx_HAL_Driver/Src/stm32f1xx_hal_gpio.c.obj
 .debug_aranges
                0x000004c0       0x90 CMakeFiles/ELE_COM.elf.dir/Drivers/STM32F1xx_HAL_Driver/Src/stm32f1xx_hal_rcc.c.obj
 .debug_aranges
                0x00000550      0x3d0 CMakeFiles/ELE_COM.elf.dir/Drivers/STM32F1xx_HAL_Driver/Src/stm32f1xx_hal_tim.c.obj
 .debug_aranges
                0x00000920      0x168 CMakeFiles/ELE_COM.elf.dir/Drivers/STM32F1xx_HAL_Driver/Src/stm32f1xx_hal_tim_ex.c.obj
 .debug_aranges
                0x00000a88      0x208 CMakeFiles/ELE_COM.elf.dir/Drivers/STM32F1xx_HAL_Driver/Src/stm32f1xx_hal_uart.c.obj

.debug_rnglists
                0x00000000      0x992
 .debug_rnglists
                0x00000000       0x46 CMakeFiles/ELE_COM.elf.dir/Core/Src/Kine.c.obj
 .debug_rnglists
                0x00000046       0x14 CMakeFiles/ELE_COM.elf.dir/Core/Src/gpio.c.obj
 .debug_rnglists
                0x0000005a       0x26 CMakeFiles/ELE_COM.elf.dir/Core/Src/main.c.obj
 .debug_rnglists
                0x00000080       0x25 CMakeFiles/ELE_COM.elf.dir/Core/Src/servo.c.obj
 .debug_rnglists
                0x000000a5       0x13 CMakeFiles/ELE_COM.elf.dir/Core/Src/stm32f1xx_hal_msp.c.obj
 .debug_rnglists
                0x000000b8       0x49 CMakeFiles/ELE_COM.elf.dir/Core/Src/stm32f1xx_it.c.obj
 .debug_rnglists
                0x00000101       0x1a CMakeFiles/ELE_COM.elf.dir/Core/Src/system_stm32f1xx.c.obj
 .debug_rnglists
                0x0000011b       0x3d CMakeFiles/ELE_COM.elf.dir/Core/Src/tim.c.obj
 .debug_rnglists
                0x00000158       0x20 CMakeFiles/ELE_COM.elf.dir/Core/Src/usart.c.obj
 .debug_rnglists
                0x00000178       0x19 CMakeFiles/ELE_COM.elf.dir/Core/Startup/startup_stm32f103c8tx.s.obj
 .debug_rnglists
                0x00000191       0xa3 CMakeFiles/ELE_COM.elf.dir/Drivers/STM32F1xx_HAL_Driver/Src/stm32f1xx_hal.c.obj
 .debug_rnglists
                0x00000234       0x8b CMakeFiles/ELE_COM.elf.dir/Drivers/STM32F1xx_HAL_Driver/Src/stm32f1xx_hal_cortex.c.obj
 .debug_rnglists
                0x000002bf       0x5e CMakeFiles/ELE_COM.elf.dir/Drivers/STM32F1xx_HAL_Driver/Src/stm32f1xx_hal_dma.c.obj
 .debug_rnglists
                0x0000031d       0x3f CMakeFiles/ELE_COM.elf.dir/Drivers/STM32F1xx_HAL_Driver/Src/stm32f1xx_hal_gpio.c.obj
 .debug_rnglists
                0x0000035c       0x7d CMakeFiles/ELE_COM.elf.dir/Drivers/STM32F1xx_HAL_Driver/Src/stm32f1xx_hal_rcc.c.obj
 .debug_rnglists
                0x000003d9      0x2fe CMakeFiles/ELE_COM.elf.dir/Drivers/STM32F1xx_HAL_Driver/Src/stm32f1xx_hal_tim.c.obj
 .debug_rnglists
                0x000006d7      0x11a CMakeFiles/ELE_COM.elf.dir/Drivers/STM32F1xx_HAL_Driver/Src/stm32f1xx_hal_tim_ex.c.obj
 .debug_rnglists
                0x000007f1      0x1a1 CMakeFiles/ELE_COM.elf.dir/Drivers/STM32F1xx_HAL_Driver/Src/stm32f1xx_hal_uart.c.obj

.debug_line     0x00000000     0xe55f
 .debug_line    0x00000000      0x522 CMakeFiles/ELE_COM.elf.dir/Core/Src/Kine.c.obj
 .debug_line    0x00000522      0x27e CMakeFiles/ELE_COM.elf.dir/Core/Src/gpio.c.obj
 .debug_line    0x000007a0      0x44d CMakeFiles/ELE_COM.elf.dir/Core/Src/main.c.obj
 .debug_line    0x00000bed      0x306 CMakeFiles/ELE_COM.elf.dir/Core/Src/servo.c.obj
 .debug_line    0x00000ef3      0x1e3 CMakeFiles/ELE_COM.elf.dir/Core/Src/stm32f1xx_hal_msp.c.obj
 .debug_line    0x000010d6      0x336 CMakeFiles/ELE_COM.elf.dir/Core/Src/stm32f1xx_it.c.obj
 .debug_line    0x0000140c      0x2ab CMakeFiles/ELE_COM.elf.dir/Core/Src/system_stm32f1xx.c.obj
 .debug_line    0x000016b7      0x7b8 CMakeFiles/ELE_COM.elf.dir/Core/Src/tim.c.obj
 .debug_line    0x00001e6f      0x3b8 CMakeFiles/ELE_COM.elf.dir/Core/Src/usart.c.obj
 .debug_line    0x00002227       0x78 CMakeFiles/ELE_COM.elf.dir/Core/Startup/startup_stm32f103c8tx.s.obj
 .debug_line    0x0000229f      0x5d0 CMakeFiles/ELE_COM.elf.dir/Drivers/STM32F1xx_HAL_Driver/Src/stm32f1xx_hal.c.obj
 .debug_line    0x0000286f      0x72b CMakeFiles/ELE_COM.elf.dir/Drivers/STM32F1xx_HAL_Driver/Src/stm32f1xx_hal_cortex.c.obj
 .debug_line    0x00002f9a      0xb73 CMakeFiles/ELE_COM.elf.dir/Drivers/STM32F1xx_HAL_Driver/Src/stm32f1xx_hal_dma.c.obj
 .debug_line    0x00003b0d      0x654 CMakeFiles/ELE_COM.elf.dir/Drivers/STM32F1xx_HAL_Driver/Src/stm32f1xx_hal_gpio.c.obj
 .debug_line    0x00004161      0xd2e CMakeFiles/ELE_COM.elf.dir/Drivers/STM32F1xx_HAL_Driver/Src/stm32f1xx_hal_rcc.c.obj
 .debug_line    0x00004e8f     0x4680 CMakeFiles/ELE_COM.elf.dir/Drivers/STM32F1xx_HAL_Driver/Src/stm32f1xx_hal_tim.c.obj
 .debug_line    0x0000950f     0x1a93 CMakeFiles/ELE_COM.elf.dir/Drivers/STM32F1xx_HAL_Driver/Src/stm32f1xx_hal_tim_ex.c.obj
 .debug_line    0x0000afa2     0x35bd CMakeFiles/ELE_COM.elf.dir/Drivers/STM32F1xx_HAL_Driver/Src/stm32f1xx_hal_uart.c.obj

.debug_str      0x00000000     0x3aa3
 .debug_str     0x00000000     0x3aa3 CMakeFiles/ELE_COM.elf.dir/Core/Src/Kine.c.obj
                                0x3ef (size before relaxing)
 .debug_str     0x00003aa3      0x2b5 CMakeFiles/ELE_COM.elf.dir/Core/Src/gpio.c.obj
 .debug_str     0x00003aa3      0x86d CMakeFiles/ELE_COM.elf.dir/Core/Src/main.c.obj
 .debug_str     0x00003aa3      0x766 CMakeFiles/ELE_COM.elf.dir/Core/Src/servo.c.obj
 .debug_str     0x00003aa3      0x249 CMakeFiles/ELE_COM.elf.dir/Core/Src/stm32f1xx_hal_msp.c.obj
 .debug_str     0x00003aa3      0x687 CMakeFiles/ELE_COM.elf.dir/Core/Src/stm32f1xx_it.c.obj
 .debug_str     0x00003aa3      0x27e CMakeFiles/ELE_COM.elf.dir/Core/Src/system_stm32f1xx.c.obj
 .debug_str     0x00003aa3      0x9d5 CMakeFiles/ELE_COM.elf.dir/Core/Src/tim.c.obj
 .debug_str     0x00003aa3      0xa17 CMakeFiles/ELE_COM.elf.dir/Core/Src/usart.c.obj
 .debug_str     0x00003aa3       0x8f CMakeFiles/ELE_COM.elf.dir/Core/Startup/startup_stm32f103c8tx.s.obj
 .debug_str     0x00003aa3      0x858 CMakeFiles/ELE_COM.elf.dir/Drivers/STM32F1xx_HAL_Driver/Src/stm32f1xx_hal.c.obj
 .debug_str     0x00003aa3      0x8fd CMakeFiles/ELE_COM.elf.dir/Drivers/STM32F1xx_HAL_Driver/Src/stm32f1xx_hal_cortex.c.obj
 .debug_str     0x00003aa3      0x627 CMakeFiles/ELE_COM.elf.dir/Drivers/STM32F1xx_HAL_Driver/Src/stm32f1xx_hal_dma.c.obj
 .debug_str     0x00003aa3      0x42a CMakeFiles/ELE_COM.elf.dir/Drivers/STM32F1xx_HAL_Driver/Src/stm32f1xx_hal_gpio.c.obj
 .debug_str     0x00003aa3      0x655 CMakeFiles/ELE_COM.elf.dir/Drivers/STM32F1xx_HAL_Driver/Src/stm32f1xx_hal_rcc.c.obj
 .debug_str     0x00003aa3     0x169f CMakeFiles/ELE_COM.elf.dir/Drivers/STM32F1xx_HAL_Driver/Src/stm32f1xx_hal_tim.c.obj
 .debug_str     0x00003aa3      0xebb CMakeFiles/ELE_COM.elf.dir/Drivers/STM32F1xx_HAL_Driver/Src/stm32f1xx_hal_tim_ex.c.obj
 .debug_str     0x00003aa3      0xd1e CMakeFiles/ELE_COM.elf.dir/Drivers/STM32F1xx_HAL_Driver/Src/stm32f1xx_hal_uart.c.obj

.comment        0x00000000       0x45
 .comment       0x00000000       0x45 CMakeFiles/ELE_COM.elf.dir/Core/Src/Kine.c.obj
                                 0x46 (size before relaxing)
 .comment       0x00000045       0x46 CMakeFiles/ELE_COM.elf.dir/Core/Src/gpio.c.obj
 .comment       0x00000045       0x46 CMakeFiles/ELE_COM.elf.dir/Core/Src/main.c.obj
 .comment       0x00000045       0x46 CMakeFiles/ELE_COM.elf.dir/Core/Src/servo.c.obj
 .comment       0x00000045       0x46 CMakeFiles/ELE_COM.elf.dir/Core/Src/stm32f1xx_hal_msp.c.obj
 .comment       0x00000045       0x46 CMakeFiles/ELE_COM.elf.dir/Core/Src/stm32f1xx_it.c.obj
 .comment       0x00000045       0x46 CMakeFiles/ELE_COM.elf.dir/Core/Src/system_stm32f1xx.c.obj
 .comment       0x00000045       0x46 CMakeFiles/ELE_COM.elf.dir/Core/Src/tim.c.obj
 .comment       0x00000045       0x46 CMakeFiles/ELE_COM.elf.dir/Core/Src/usart.c.obj
 .comment       0x00000045       0x46 CMakeFiles/ELE_COM.elf.dir/Drivers/STM32F1xx_HAL_Driver/Src/stm32f1xx_hal.c.obj
 .comment       0x00000045       0x46 CMakeFiles/ELE_COM.elf.dir/Drivers/STM32F1xx_HAL_Driver/Src/stm32f1xx_hal_cortex.c.obj
 .comment       0x00000045       0x46 CMakeFiles/ELE_COM.elf.dir/Drivers/STM32F1xx_HAL_Driver/Src/stm32f1xx_hal_dma.c.obj
 .comment       0x00000045       0x46 CMakeFiles/ELE_COM.elf.dir/Drivers/STM32F1xx_HAL_Driver/Src/stm32f1xx_hal_gpio.c.obj
 .comment       0x00000045       0x46 CMakeFiles/ELE_COM.elf.dir/Drivers/STM32F1xx_HAL_Driver/Src/stm32f1xx_hal_rcc.c.obj
 .comment       0x00000045       0x46 CMakeFiles/ELE_COM.elf.dir/Drivers/STM32F1xx_HAL_Driver/Src/stm32f1xx_hal_tim.c.obj
 .comment       0x00000045       0x46 CMakeFiles/ELE_COM.elf.dir/Drivers/STM32F1xx_HAL_Driver/Src/stm32f1xx_hal_tim_ex.c.obj
 .comment       0x00000045       0x46 CMakeFiles/ELE_COM.elf.dir/Drivers/STM32F1xx_HAL_Driver/Src/stm32f1xx_hal_uart.c.obj

.debug_frame    0x00000000     0x2390
 .debug_frame   0x00000000       0xf8 CMakeFiles/ELE_COM.elf.dir/Core/Src/Kine.c.obj
 .debug_frame   0x000000f8       0x38 CMakeFiles/ELE_COM.elf.dir/Core/Src/gpio.c.obj
 .debug_frame   0x00000130       0x70 CMakeFiles/ELE_COM.elf.dir/Core/Src/main.c.obj
 .debug_frame   0x000001a0       0x74 CMakeFiles/ELE_COM.elf.dir/Core/Src/servo.c.obj
 .debug_frame   0x00000214       0x28 CMakeFiles/ELE_COM.elf.dir/Core/Src/stm32f1xx_hal_msp.c.obj
 .debug_frame   0x0000023c       0xc0 CMakeFiles/ELE_COM.elf.dir/Core/Src/stm32f1xx_it.c.obj
 .debug_frame   0x000002fc       0x30 CMakeFiles/ELE_COM.elf.dir/Core/Src/system_stm32f1xx.c.obj
 .debug_frame   0x0000032c       0xe0 CMakeFiles/ELE_COM.elf.dir/Core/Src/tim.c.obj
 .debug_frame   0x0000040c       0x64 CMakeFiles/ELE_COM.elf.dir/Core/Src/usart.c.obj
 .debug_frame   0x00000470      0x1cc CMakeFiles/ELE_COM.elf.dir/Drivers/STM32F1xx_HAL_Driver/Src/stm32f1xx_hal.c.obj
 .debug_frame   0x0000063c      0x19c CMakeFiles/ELE_COM.elf.dir/Drivers/STM32F1xx_HAL_Driver/Src/stm32f1xx_hal_cortex.c.obj
 .debug_frame   0x000007d8      0x144 CMakeFiles/ELE_COM.elf.dir/Drivers/STM32F1xx_HAL_Driver/Src/stm32f1xx_hal_dma.c.obj
 .debug_frame   0x0000091c       0xe4 CMakeFiles/ELE_COM.elf.dir/Drivers/STM32F1xx_HAL_Driver/Src/stm32f1xx_hal_gpio.c.obj
 .debug_frame   0x00000a00      0x184 CMakeFiles/ELE_COM.elf.dir/Drivers/STM32F1xx_HAL_Driver/Src/stm32f1xx_hal_rcc.c.obj
 .debug_frame   0x00000b84      0xb14 CMakeFiles/ELE_COM.elf.dir/Drivers/STM32F1xx_HAL_Driver/Src/stm32f1xx_hal_tim.c.obj
 .debug_frame   0x00001698      0x418 CMakeFiles/ELE_COM.elf.dir/Drivers/STM32F1xx_HAL_Driver/Src/stm32f1xx_hal_tim_ex.c.obj
 .debug_frame   0x00001ab0      0x5d4 CMakeFiles/ELE_COM.elf.dir/Drivers/STM32F1xx_HAL_Driver/Src/stm32f1xx_hal_uart.c.obj
 .debug_frame   0x00002084       0xac C:/environ/arm-gnu-toolchain/arm-gnu-toolchain-13.3.rel1-mingw-w64-i686-arm-none-eabi/bin/../lib/gcc/arm-none-eabi/13.3.1/thumb/v7-m/nofp\libgcc.a(_arm_addsubdf3.o)
 .debug_frame   0x00002130       0x50 C:/environ/arm-gnu-toolchain/arm-gnu-toolchain-13.3.rel1-mingw-w64-i686-arm-none-eabi/bin/../lib/gcc/arm-none-eabi/13.3.1/thumb/v7-m/nofp\libgcc.a(_arm_muldivdf3.o)
 .debug_frame   0x00002180       0x24 C:/environ/arm-gnu-toolchain/arm-gnu-toolchain-13.3.rel1-mingw-w64-i686-arm-none-eabi/bin/../lib/gcc/arm-none-eabi/13.3.1/thumb/v7-m/nofp\libgcc.a(_arm_fixdfsi.o)
 .debug_frame   0x000021a4       0x2c C:/environ/arm-gnu-toolchain/arm-gnu-toolchain-13.3.rel1-mingw-w64-i686-arm-none-eabi/bin/../lib/gcc/arm-none-eabi/13.3.1/thumb/v7-m/nofp\libg.a(libc_a-memset.o)
 .debug_frame   0x000021d0       0x2c C:/environ/arm-gnu-toolchain/arm-gnu-toolchain-13.3.rel1-mingw-w64-i686-arm-none-eabi/bin/../lib/gcc/arm-none-eabi/13.3.1/thumb/v7-m/nofp\libg.a(libc_a-init.o)
 .debug_frame   0x000021fc       0xb0 C:/environ/arm-gnu-toolchain/arm-gnu-toolchain-13.3.rel1-mingw-w64-i686-arm-none-eabi/bin/../lib/gcc/arm-none-eabi/13.3.1/thumb/v7-m/nofp\libg.a(libc_a-lock.o)
 .debug_frame   0x000022ac       0x5c C:/environ/arm-gnu-toolchain/arm-gnu-toolchain-13.3.rel1-mingw-w64-i686-arm-none-eabi/bin/../lib/gcc/arm-none-eabi/13.3.1/thumb/v7-m/nofp\libg.a(libc_a-__call_atexit.o)
 .debug_frame   0x00002308       0x20 C:/environ/arm-gnu-toolchain/arm-gnu-toolchain-13.3.rel1-mingw-w64-i686-arm-none-eabi/bin/../lib/gcc/arm-none-eabi/13.3.1/thumb/v7-m/nofp\libg.a(libc_a-atexit.o)
 .debug_frame   0x00002328       0x34 C:/environ/arm-gnu-toolchain/arm-gnu-toolchain-13.3.rel1-mingw-w64-i686-arm-none-eabi/bin/../lib/gcc/arm-none-eabi/13.3.1/thumb/v7-m/nofp\libg.a(libc_a-fini.o)
 .debug_frame   0x0000235c       0x34 C:/environ/arm-gnu-toolchain/arm-gnu-toolchain-13.3.rel1-mingw-w64-i686-arm-none-eabi/bin/../lib/gcc/arm-none-eabi/13.3.1/thumb/v7-m/nofp\libg.a(libc_a-__atexit.o)

.debug_line_str
                0x00000000      0x13d
 .debug_line_str
                0x00000000      0x13d CMakeFiles/ELE_COM.elf.dir/Core/Startup/startup_stm32f103c8tx.s.obj
                                 0x73 (size before relaxing)
 .debug_line_str
                0x0000013d       0xca C:/environ/arm-gnu-toolchain/arm-gnu-toolchain-13.3.rel1-mingw-w64-i686-arm-none-eabi/bin/../lib/gcc/arm-none-eabi/13.3.1/thumb/v7-m/nofp\libgcc.a(_arm_addsubdf3.o)
 .debug_line_str
                0x0000013d       0xca C:/environ/arm-gnu-toolchain/arm-gnu-toolchain-13.3.rel1-mingw-w64-i686-arm-none-eabi/bin/../lib/gcc/arm-none-eabi/13.3.1/thumb/v7-m/nofp\libgcc.a(_arm_muldivdf3.o)
 .debug_line_str
                0x0000013d       0xca C:/environ/arm-gnu-toolchain/arm-gnu-toolchain-13.3.rel1-mingw-w64-i686-arm-none-eabi/bin/../lib/gcc/arm-none-eabi/13.3.1/thumb/v7-m/nofp\libgcc.a(_arm_fixdfsi.o)
