Archive member included to satisfy reference by file (symbol)

E:/Arm_GNU_ToolChain/13.2 Rel1/bin/../lib/gcc/arm-none-eabi/13.2.1/thumb/v7-m/nofp\libgcc.a(_arm_muldf3.o)
                              CMakeFiles/ele_com.elf.dir/Core/Src/servo.c.obj (__aeabi_dmul)
E:/Arm_GNU_ToolChain/13.2 Rel1/bin/../lib/gcc/arm-none-eabi/13.2.1/thumb/v7-m/nofp\libgcc.a(_arm_addsubdf3.o)
                              CMakeFiles/ele_com.elf.dir/Core/Src/servo.c.obj (__aeabi_dadd)
E:/Arm_GNU_ToolChain/13.2 Rel1/bin/../lib/gcc/arm-none-eabi/13.2.1/thumb/v7-m/nofp\libgcc.a(_arm_muldivdf3.o)
                              CMakeFiles/ele_com.elf.dir/Core/Src/servo.c.obj (__aeabi_ddiv)
E:/Arm_GNU_ToolChain/13.2 Rel1/bin/../lib/gcc/arm-none-eabi/13.2.1/thumb/v7-m/nofp\libgcc.a(_arm_fixdfsi.o)
                              CMakeFiles/ele_com.elf.dir/Core/Src/servo.c.obj (__aeabi_d2iz)
E:/Arm_GNU_ToolChain/13.2 Rel1/bin/../lib/gcc/arm-none-eabi/13.2.1/thumb/v7-m/nofp\libg.a(libc_a-exit.o)
                              E:/Arm_GNU_ToolChain/13.2 Rel1/bin/../lib/gcc/arm-none-eabi/13.2.1/thumb/v7-m/nofp/crt0.o (exit)
E:/Arm_GNU_ToolChain/13.2 Rel1/bin/../lib/gcc/arm-none-eabi/13.2.1/thumb/v7-m/nofp\libg.a(libc_a-findfp.o)
                              E:/Arm_GNU_ToolChain/13.2 Rel1/bin/../lib/gcc/arm-none-eabi/13.2.1/thumb/v7-m/nofp\libg.a(libc_a-exit.o) (__stdio_exit_handler)
E:/Arm_GNU_ToolChain/13.2 Rel1/bin/../lib/gcc/arm-none-eabi/13.2.1/thumb/v7-m/nofp\libg.a(libc_a-fwalk.o)
                              E:/Arm_GNU_ToolChain/13.2 Rel1/bin/../lib/gcc/arm-none-eabi/13.2.1/thumb/v7-m/nofp\libg.a(libc_a-findfp.o) (_fwalk_sglue)
E:/Arm_GNU_ToolChain/13.2 Rel1/bin/../lib/gcc/arm-none-eabi/13.2.1/thumb/v7-m/nofp\libg.a(libc_a-stdio.o)
                              E:/Arm_GNU_ToolChain/13.2 Rel1/bin/../lib/gcc/arm-none-eabi/13.2.1/thumb/v7-m/nofp\libg.a(libc_a-findfp.o) (__sread)
E:/Arm_GNU_ToolChain/13.2 Rel1/bin/../lib/gcc/arm-none-eabi/13.2.1/thumb/v7-m/nofp\libg.a(libc_a-memset.o)
                              E:/Arm_GNU_ToolChain/13.2 Rel1/bin/../lib/gcc/arm-none-eabi/13.2.1/thumb/v7-m/nofp/crt0.o (memset)
E:/Arm_GNU_ToolChain/13.2 Rel1/bin/../lib/gcc/arm-none-eabi/13.2.1/thumb/v7-m/nofp\libg.a(libc_a-closer.o)
                              E:/Arm_GNU_ToolChain/13.2 Rel1/bin/../lib/gcc/arm-none-eabi/13.2.1/thumb/v7-m/nofp\libg.a(libc_a-stdio.o) (_close_r)
E:/Arm_GNU_ToolChain/13.2 Rel1/bin/../lib/gcc/arm-none-eabi/13.2.1/thumb/v7-m/nofp\libg.a(libc_a-reent.o)
                              E:/Arm_GNU_ToolChain/13.2 Rel1/bin/../lib/gcc/arm-none-eabi/13.2.1/thumb/v7-m/nofp\libg.a(libc_a-closer.o) (errno)
E:/Arm_GNU_ToolChain/13.2 Rel1/bin/../lib/gcc/arm-none-eabi/13.2.1/thumb/v7-m/nofp\libg.a(libc_a-impure.o)
                              E:/Arm_GNU_ToolChain/13.2 Rel1/bin/../lib/gcc/arm-none-eabi/13.2.1/thumb/v7-m/nofp\libg.a(libc_a-reent.o) (_impure_ptr)
E:/Arm_GNU_ToolChain/13.2 Rel1/bin/../lib/gcc/arm-none-eabi/13.2.1/thumb/v7-m/nofp\libg.a(libc_a-lseekr.o)
                              E:/Arm_GNU_ToolChain/13.2 Rel1/bin/../lib/gcc/arm-none-eabi/13.2.1/thumb/v7-m/nofp\libg.a(libc_a-stdio.o) (_lseek_r)
E:/Arm_GNU_ToolChain/13.2 Rel1/bin/../lib/gcc/arm-none-eabi/13.2.1/thumb/v7-m/nofp\libg.a(libc_a-readr.o)
                              E:/Arm_GNU_ToolChain/13.2 Rel1/bin/../lib/gcc/arm-none-eabi/13.2.1/thumb/v7-m/nofp\libg.a(libc_a-stdio.o) (_read_r)
E:/Arm_GNU_ToolChain/13.2 Rel1/bin/../lib/gcc/arm-none-eabi/13.2.1/thumb/v7-m/nofp\libg.a(libc_a-writer.o)
                              E:/Arm_GNU_ToolChain/13.2 Rel1/bin/../lib/gcc/arm-none-eabi/13.2.1/thumb/v7-m/nofp\libg.a(libc_a-stdio.o) (_write_r)
E:/Arm_GNU_ToolChain/13.2 Rel1/bin/../lib/gcc/arm-none-eabi/13.2.1/thumb/v7-m/nofp\libg.a(libc_a-errno.o)
                              CMakeFiles/ele_com.elf.dir/Core/Src/syscalls.c.obj (__errno)
E:/Arm_GNU_ToolChain/13.2 Rel1/bin/../lib/gcc/arm-none-eabi/13.2.1/thumb/v7-m/nofp\libg.a(libc_a-init.o)
                              E:/Arm_GNU_ToolChain/13.2 Rel1/bin/../lib/gcc/arm-none-eabi/13.2.1/thumb/v7-m/nofp/crt0.o (__libc_init_array)
E:/Arm_GNU_ToolChain/13.2 Rel1/bin/../lib/gcc/arm-none-eabi/13.2.1/thumb/v7-m/nofp\libg.a(libc_a-lock.o)
                              E:/Arm_GNU_ToolChain/13.2 Rel1/bin/../lib/gcc/arm-none-eabi/13.2.1/thumb/v7-m/nofp\libg.a(libc_a-findfp.o) (__retarget_lock_init_recursive)
E:/Arm_GNU_ToolChain/13.2 Rel1/bin/../lib/gcc/arm-none-eabi/13.2.1/thumb/v7-m/nofp\libg.a(libc_a-__call_atexit.o)
                              E:/Arm_GNU_ToolChain/13.2 Rel1/bin/../lib/gcc/arm-none-eabi/13.2.1/thumb/v7-m/nofp\libg.a(libc_a-exit.o) (__call_exitprocs)
E:/Arm_GNU_ToolChain/13.2 Rel1/bin/../lib/gcc/arm-none-eabi/13.2.1/thumb/v7-m/nofp\libg.a(libc_a-atexit.o)
                              E:/Arm_GNU_ToolChain/13.2 Rel1/bin/../lib/gcc/arm-none-eabi/13.2.1/thumb/v7-m/nofp\libg.a(libc_a-__call_atexit.o) (atexit)
E:/Arm_GNU_ToolChain/13.2 Rel1/bin/../lib/gcc/arm-none-eabi/13.2.1/thumb/v7-m/nofp\libg.a(libc_a-freer.o)
[...]
Memory Configuration

Name             Origin             Length             Attributes
RAM              0x20000000         0x00005000         xrw
FLASH            0x08000000         0x00010000         xr
*default*        0x00000000         0xffffffff

Linker script and memory map

LOAD E:/Arm_GNU_ToolChain/13.2 Rel1/bin/../lib/gcc/arm-none-eabi/13.2.1/thumb/v7-m/nofp/crti.o
LOAD E:/Arm_GNU_ToolChain/13.2 Rel1/bin/../lib/gcc/arm-none-eabi/13.2.1/thumb/v7-m/nofp/crtbegin.o
LOAD E:/Arm_GNU_ToolChain/13.2 Rel1/bin/../lib/gcc/arm-none-eabi/13.2.1/thumb/v7-m/nofp/crt0.o
LOAD CMakeFiles/ele_com.elf.dir/Core/Src/Kine.c.obj
LOAD CMakeFiles/ele_com.elf.dir/Core/Src/gpio.c.obj
LOAD CMakeFiles/ele_com.elf.dir/Core/Src/main.c.obj
LOAD CMakeFiles/ele_com.elf.dir/Core/Src/servo.c.obj
LOAD CMakeFiles/ele_com.elf.dir/Core/Src/stm32f1xx_hal_msp.c.obj
LOAD CMakeFiles/ele_com.elf.dir/Core/Src/stm32f1xx_it.c.obj
LOAD CMakeFiles/ele_com.elf.dir/Core/Src/syscalls.c.obj
LOAD CMakeFiles/ele_com.elf.dir/Core/Src/sysmem.c.obj
LOAD CMakeFiles/ele_com.elf.dir/Core/Src/system_stm32f1xx.c.obj
LOAD CMakeFiles/ele_com.elf.dir/Core/Src/tim.c.obj
LOAD CMakeFiles/ele_com.elf.dir/Core/Startup/startup_stm32f103c8tx.s.obj
LOAD CMakeFiles/ele_com.elf.dir/Drivers/STM32F1xx_HAL_Driver/Src/stm32f1xx_hal.c.obj
LOAD CMakeFiles/ele_com.elf.dir/Drivers/STM32F1xx_HAL_Driver/Src/stm32f1xx_hal_cortex.c.obj
LOAD CMakeFiles/ele_com.elf.dir/Drivers/STM32F1xx_HAL_Driver/Src/stm32f1xx_hal_dma.c.obj
LOAD CMakeFiles/ele_com.elf.dir/Drivers/STM32F1xx_HAL_Driver/Src/stm32f1xx_hal_exti.c.obj
LOAD CMakeFiles/ele_com.elf.dir/Drivers/STM32F1xx_HAL_Driver/Src/stm32f1xx_hal_flash.c.obj
LOAD CMakeFiles/ele_com.elf.dir/Drivers/STM32F1xx_HAL_Driver/Src/stm32f1xx_hal_flash_ex.c.obj
LOAD CMakeFiles/ele_com.elf.dir/Drivers/STM32F1xx_HAL_Driver/Src/stm32f1xx_hal_gpio.c.obj
LOAD CMakeFiles/ele_com.elf.dir/Drivers/STM32F1xx_HAL_Driver/Src/stm32f1xx_hal_gpio_ex.c.obj
LOAD CMakeFiles/ele_com.elf.dir/Drivers/STM32F1xx_HAL_Driver/Src/stm32f1xx_hal_pwr.c.obj
LOAD CMakeFiles/ele_com.elf.dir/Drivers/STM32F1xx_HAL_Driver/Src/stm32f1xx_hal_rcc.c.obj
LOAD CMakeFiles/ele_com.elf.dir/Drivers/STM32F1xx_HAL_Driver/Src/stm32f1xx_hal_rcc_ex.c.obj
LOAD CMakeFiles/ele_com.elf.dir/Drivers/STM32F1xx_HAL_Driver/Src/stm32f1xx_hal_tim.c.obj
LOAD CMakeFiles/ele_com.elf.dir/Drivers/STM32F1xx_HAL_Driver/Src/stm32f1xx_hal_tim_ex.c.obj
START GROUP
LOAD E:/Arm_GNU_ToolChain/13.2 Rel1/bin/../lib/gcc/arm-none-eabi/13.2.1/thumb/v7-m/nofp\libgcc.a
LOAD E:/Arm_GNU_ToolChain/13.2 Rel1/bin/../lib/gcc/arm-none-eabi/13.2.1/thumb/v7-m/nofp\libg.a
LOAD E:/Arm_GNU_ToolChain/13.2 Rel1/bin/../lib/gcc/arm-none-eabi/13.2.1/thumb/v7-m/nofp\libc.a
END GROUP
LOAD E:/Arm_GNU_ToolChain/13.2 Rel1/bin/../lib/gcc/arm-none-eabi/13.2.1/thumb/v7-m/nofp/crtend.o
LOAD E:/Arm_GNU_ToolChain/13.2 Rel1/bin/../lib/gcc/arm-none-eabi/13.2.1/thumb/v7-m/nofp/crtn.o
                0x20005000                        _estack = (ORIGIN (RAM) + LENGTH (RAM))
                0x00000200                        _Min_Heap_Size = 0x200
                0x00000400                        _Min_Stack_Size = 0x400

.isr_vector     0x08000000      0x10c
                0x08000000                        . = ALIGN (0x4)
 *(.isr_vector)
 .isr_vector    0x08000000      0x10c CMakeFiles/ele_com.elf.dir/Core/Startup/startup_stm32f103c8tx.s.obj
                0x08000000                g_pfnVectors
                0x0800010c                        . = ALIGN (0x4)

.text           0x0800010c     0x12a8
                0x0800010c                        . = ALIGN (0x4)
 *(.text)
 *(.text*)
 .text.deregister_tm_clones
                0x0800010c       0x1c E:/Arm_GNU_ToolChain/13.2 Rel1/bin/../lib/gcc/arm-none-eabi/13.2.1/thumb/v7-m/nofp/crtbegin.o
 .text.register_tm_clones
                0x08000128       0x24 E:/Arm_GNU_ToolChain/13.2 Rel1/bin/../lib/gcc/arm-none-eabi/13.2.1/thumb/v7-m/nofp/crtbegin.o
 .text.__do_global_dtors_aux
                0x0800014c       0x28 E:/Arm_GNU_ToolChain/13.2 Rel1/bin/../lib/gcc/arm-none-eabi/13.2.1/thumb/v7-m/nofp/crtbegin.o
 .text.frame_dummy
                0x08000174       0x24 E:/Arm_GNU_ToolChain/13.2 Rel1/bin/../lib/gcc/arm-none-eabi/13.2.1/thumb/v7-m/nofp/crtbegin.o
 .text.MX_GPIO_Init
                0x08000198       0x78 CMakeFiles/ele_com.elf.dir/Core/Src/gpio.c.obj
                0x08000198                MX_GPIO_Init
 .text.Error_Handler
                0x08000210        0x4 CMakeFiles/ele_com.elf.dir/Core/Src/main.c.obj
                0x08000210                Error_Handler
 .text.SystemClock_Config
                0x08000214       0x64 CMakeFiles/ele_com.elf.dir/Core/Src/main.c.obj
                0x08000214                SystemClock_Config
 .text.main     0x08000278       0x14 CMakeFiles/ele_com.elf.dir/Core/Src/main.c.obj
                0x08000278                main
 .text.HAL_MspInit
                0x0800028c       0x44 CMakeFiles/ele_com.elf.dir/Core/Src/stm32f1xx_hal_msp.c.obj
                0x0800028c                HAL_MspInit
 .text.NMI_Handler
                0x080002d0        0x2 CMakeFiles/ele_com.elf.dir/Core/Src/stm32f1xx_it.c.obj
                0x080002d0                NMI_Handler
 .text.HardFault_Handler
                0x080002d2        0x2 CMakeFiles/ele_com.elf.dir/Core/Src/stm32f1xx_it.c.obj
                0x080002d2                HardFault_Handler
 .text.MemManage_Handler
                0x080002d4        0x2 CMakeFiles/ele_com.elf.dir/Core/Src/stm32f1xx_it.c.obj
                0x080002d4                MemManage_Handler
 .text.BusFault_Handler
                0x080002d6        0x2 CMakeFiles/ele_com.elf.dir/Core/Src/stm32f1xx_it.c.obj
                0x080002d6                BusFault_Handler
 .text.UsageFault_Handler
                0x080002d8        0x2 CMakeFiles/ele_com.elf.dir/Core/Src/stm32f1xx_it.c.obj
                0x080002d8                UsageFault_Handler
 .text.SVC_Handler
                0x080002da        0x2 CMakeFiles/ele_com.elf.dir/Core/Src/stm32f1xx_it.c.obj
                0x080002da                SVC_Handler
 .text.DebugMon_Handler
                0x080002dc        0x2 CMakeFiles/ele_com.elf.dir/Core/Src/stm32f1xx_it.c.obj
                0x080002dc                DebugMon_Handler
 .text.PendSV_Handler
                0x080002de        0x2 CMakeFiles/ele_com.elf.dir/Core/Src/stm32f1xx_it.c.obj
                0x080002de                PendSV_Handler
 .text.SysTick_Handler
                0x080002e0        0x8 CMakeFiles/ele_com.elf.dir/Core/Src/stm32f1xx_it.c.obj
                0x080002e0                SysTick_Handler
 .text.SystemInit
                0x080002e8        0x2 CMakeFiles/ele_com.elf.dir/Core/Src/system_stm32f1xx.c.obj
                0x080002e8                SystemInit
 *fill*         0x080002ea        0x2 
 .text.HAL_TIM_PWM_MspInit
                0x080002ec       0x2c CMakeFiles/ele_com.elf.dir/Core/Src/tim.c.obj
                0x080002ec                HAL_TIM_PWM_MspInit
 .text.HAL_TIM_MspPostInit
                0x08000318       0x50 CMakeFiles/ele_com.elf.dir/Core/Src/tim.c.obj
                0x08000318                HAL_TIM_MspPostInit
 .text.MX_TIM1_Init
                0x08000368       0xe0 CMakeFiles/ele_com.elf.dir/Core/Src/tim.c.obj
                0x08000368                MX_TIM1_Init
 .text.Reset_Handler
                0x08000448       0x48 CMakeFiles/ele_com.elf.dir/Core/Startup/startup_stm32f103c8tx.s.obj
                0x08000448                Reset_Handler
 .text.Default_Handler
                0x08000490        0x2 CMakeFiles/ele_com.elf.dir/Core/Startup/startup_stm32f103c8tx.s.obj
                0x08000490                RTC_Alarm_IRQHandler
                0x08000490                EXTI2_IRQHandler
                0x08000490                TIM1_CC_IRQHandler
                0x08000490                PVD_IRQHandler
                0x08000490                EXTI3_IRQHandler
                0x08000490                EXTI0_IRQHandler
                0x08000490                I2C2_EV_IRQHandler
                0x08000490                ADC1_2_IRQHandler
                0x08000490                SPI1_IRQHandler
                0x08000490                TAMPER_IRQHandler
                0x08000490                DMA1_Channel4_IRQHandler
                0x08000490                USART3_IRQHandler
                0x08000490                RTC_IRQHandler
                0x08000490                DMA1_Channel7_IRQHandler
                0x08000490                CAN1_RX1_IRQHandler
                0x08000490                TIM4_IRQHandler
                0x08000490                I2C1_EV_IRQHandler
                0x08000490                DMA1_Channel6_IRQHandler
                0x08000490                TIM3_IRQHandler
                0x08000490                RCC_IRQHandler
                0x08000490                TIM1_TRG_COM_IRQHandler
                0x08000490                DMA1_Channel1_IRQHandler
                0x08000490                Default_Handler
                0x08000490                EXTI15_10_IRQHandler
                0x08000490                EXTI9_5_IRQHandler
                0x08000490                SPI2_IRQHandler
                0x08000490                DMA1_Channel5_IRQHandler
                0x08000490                EXTI4_IRQHandler
                0x08000490                USB_LP_CAN1_RX0_IRQHandler
                0x08000490                USB_HP_CAN1_TX_IRQHandler
                0x08000490                DMA1_Channel3_IRQHandler
                0x08000490                TIM1_UP_IRQHandler
                0x08000490                WWDG_IRQHandler
                0x08000490                TIM2_IRQHandler
                0x08000490                TIM1_BRK_IRQHandler
                0x08000490                EXTI1_IRQHandler
                0x08000490                USART2_IRQHandler
                0x08000490                I2C2_ER_IRQHandler
                0x08000490                DMA1_Channel2_IRQHandler
                0x08000490                CAN1_SCE_IRQHandler
                0x08000490                FLASH_IRQHandler
                0x08000490                USART1_IRQHandler
                0x08000490                I2C1_ER_IRQHandler
                0x08000490                USBWakeUp_IRQHandler
 *fill*         0x08000492        0x2 
 .text.HAL_InitTick
                0x08000494       0x4c CMakeFiles/ele_com.elf.dir/Drivers/STM32F1xx_HAL_Driver/Src/stm32f1xx_hal.c.obj
                0x08000494                HAL_InitTick
 .text.HAL_Init
                0x080004e0       0x24 CMakeFiles/ele_com.elf.dir/Drivers/STM32F1xx_HAL_Driver/Src/stm32f1xx_hal.c.obj
                0x080004e0                HAL_Init
 .text.HAL_IncTick
                0x08000504       0x18 CMakeFiles/ele_com.elf.dir/Drivers/STM32F1xx_HAL_Driver/Src/stm32f1xx_hal.c.obj
                0x08000504                HAL_IncTick
 .text.HAL_GetTick
                0x0800051c        0xc CMakeFiles/ele_com.elf.dir/Drivers/STM32F1xx_HAL_Driver/Src/stm32f1xx_hal.c.obj
                0x0800051c                HAL_GetTick
 .text.__NVIC_SetPriority
                0x08000528       0x28 CMakeFiles/ele_com.elf.dir/Drivers/STM32F1xx_HAL_Driver/Src/stm32f1xx_hal_cortex.c.obj
 .text.NVIC_EncodePriority
                0x08000550       0x3e CMakeFiles/ele_com.elf.dir/Drivers/STM32F1xx_HAL_Driver/Src/stm32f1xx_hal_cortex.c.obj
 *fill*         0x0800058e        0x2 
 .text.HAL_NVIC_SetPriorityGrouping
                0x08000590       0x24 CMakeFiles/ele_com.elf.dir/Drivers/STM32F1xx_HAL_Driver/Src/stm32f1xx_hal_cortex.c.obj
                0x08000590                HAL_NVIC_SetPriorityGrouping
 .text.HAL_NVIC_SetPriority
                0x080005b4       0x20 CMakeFiles/ele_com.elf.dir/Drivers/STM32F1xx_HAL_Driver/Src/stm32f1xx_hal_cortex.c.obj
                0x080005b4                HAL_NVIC_SetPriority
 .text.HAL_SYSTICK_Config
                0x080005d4       0x28 CMakeFiles/ele_com.elf.dir/Drivers/STM32F1xx_HAL_Driver/Src/stm32f1xx_hal_cortex.c.obj
                0x080005d4                HAL_SYSTICK_Config
 .text.HAL_GPIO_Init
                0x080005fc      0x21c CMakeFiles/ele_com.elf.dir/Drivers/STM32F1xx_HAL_Driver/Src/stm32f1xx_hal_gpio.c.obj
                0x080005fc                HAL_GPIO_Init
 .text.HAL_GPIO_WritePin
                0x08000818        0xc CMakeFiles/ele_com.elf.dir/Drivers/STM32F1xx_HAL_Driver/Src/stm32f1xx_hal_gpio.c.obj
                0x08000818                HAL_GPIO_WritePin
 .text.RCC_Delay
                0x08000824       0x2c CMakeFiles/ele_com.elf.dir/Drivers/STM32F1xx_HAL_Driver/Src/stm32f1xx_hal_rcc.c.obj
 .text.HAL_RCC_OscConfig
                0x08000850      0x410 CMakeFiles/ele_com.elf.dir/Drivers/STM32F1xx_HAL_Driver/Src/stm32f1xx_hal_rcc.c.obj
                0x08000850                HAL_RCC_OscConfig
 .text.HAL_RCC_GetSysClockFreq
                0x08000c60       0x54 CMakeFiles/ele_com.elf.dir/Drivers/STM32F1xx_HAL_Driver/Src/stm32f1xx_hal_rcc.c.obj
                0x08000c60                HAL_RCC_GetSysClockFreq
 .text.HAL_RCC_ClockConfig
                0x08000cb4      0x16c CMakeFiles/ele_com.elf.dir/Drivers/STM32F1xx_HAL_Driver/Src/stm32f1xx_hal_rcc.c.obj
                0x08000cb4                HAL_RCC_ClockConfig
 .text.TIM_OC1_SetConfig
                0x08000e20       0x54 CMakeFiles/ele_com.elf.dir/Drivers/STM32F1xx_HAL_Driver/Src/stm32f1xx_hal_tim.c.obj
 .text.TIM_OC3_SetConfig
                0x08000e74       0x5c CMakeFiles/ele_com.elf.dir/Drivers/STM32F1xx_HAL_Driver/Src/stm32f1xx_hal_tim.c.obj
 .text.TIM_OC4_SetConfig
                0x08000ed0       0x48 CMakeFiles/ele_com.elf.dir/Drivers/STM32F1xx_HAL_Driver/Src/stm32f1xx_hal_tim.c.obj
 .text.TIM_Base_SetConfig
                0x08000f18       0x74 CMakeFiles/ele_com.elf.dir/Drivers/STM32F1xx_HAL_Driver/Src/stm32f1xx_hal_tim.c.obj
                0x08000f18                TIM_Base_SetConfig
 .text.HAL_TIM_PWM_Init
                0x08000f8c       0x58 CMakeFiles/ele_com.elf.dir/Drivers/STM32F1xx_HAL_Driver/Src/stm32f1xx_hal_tim.c.obj
                0x08000f8c                HAL_TIM_PWM_Init
 .text.TIM_OC2_SetConfig
                0x08000fe4       0x5c CMakeFiles/ele_com.elf.dir/Drivers/STM32F1xx_HAL_Driver/Src/stm32f1xx_hal_tim.c.obj
                0x08000fe4                TIM_OC2_SetConfig
 .text.HAL_TIM_PWM_ConfigChannel
                0x08001040       0xdc CMakeFiles/ele_com.elf.dir/Drivers/STM32F1xx_HAL_Driver/Src/stm32f1xx_hal_tim.c.obj
                0x08001040                HAL_TIM_PWM_ConfigChannel
 .text.HAL_TIMEx_MasterConfigSynchronization
                0x0800111c       0x6c CMakeFiles/ele_com.elf.dir/Drivers/STM32F1xx_HAL_Driver/Src/stm32f1xx_hal_tim_ex.c.obj
                0x0800111c                HAL_TIMEx_MasterConfigSynchronization
 .text.HAL_TIMEx_ConfigBreakDeadTime
                0x08001188       0x52 CMakeFiles/ele_com.elf.dir/Drivers/STM32F1xx_HAL_Driver/Src/stm32f1xx_hal_tim_ex.c.obj
                0x08001188                HAL_TIMEx_ConfigBreakDeadTime
 *fill*         0x080011da        0x2 
 .text.memset   0x080011dc       0xa0 E:/Arm_GNU_ToolChain/13.2 Rel1/bin/../lib/gcc/arm-none-eabi/13.2.1/thumb/v7-m/nofp\libg.a(libc_a-memset.o)
                0x080011dc                memset
 .text.__libc_init_array
                0x0800127c       0x50 E:/Arm_GNU_ToolChain/13.2 Rel1/bin/../lib/gcc/arm-none-eabi/13.2.1/thumb/v7-m/nofp\libg.a(libc_a-init.o)
                0x0800127c                __libc_init_array
 .text.__retarget_lock_acquire_recursive
                0x080012cc        0x4 E:/Arm_GNU_ToolChain/13.2 Rel1/bin/../lib/gcc/arm-none-eabi/13.2.1/thumb/v7-m/nofp\libg.a(libc_a-lock.o)
                0x080012cc                __retarget_lock_acquire_recursive
 .text.__retarget_lock_release_recursive
                0x080012d0        0x4 E:/Arm_GNU_ToolChain/13.2 Rel1/bin/../lib/gcc/arm-none-eabi/13.2.1/thumb/v7-m/nofp\libg.a(libc_a-lock.o)
                0x080012d0                __retarget_lock_release_recursive
 .text.startup.register_fini
                0x080012d4       0x14 E:/Arm_GNU_ToolChain/13.2 Rel1/bin/../lib/gcc/arm-none-eabi/13.2.1/thumb/v7-m/nofp\libg.a(libc_a-__call_atexit.o)
 .text.atexit   0x080012e8        0xc E:/Arm_GNU_ToolChain/13.2 Rel1/bin/../lib/gcc/arm-none-eabi/13.2.1/thumb/v7-m/nofp\libg.a(libc_a-atexit.o)
                0x080012e8                atexit
 .text.__libc_fini_array
                0x080012f4       0x28 E:/Arm_GNU_ToolChain/13.2 Rel1/bin/../lib/gcc/arm-none-eabi/13.2.1/thumb/v7-m/nofp\libg.a(libc_a-fini.o)
                0x080012f4                __libc_fini_array
 .text.__register_exitproc
                0x0800131c       0x80 E:/Arm_GNU_ToolChain/13.2 Rel1/bin/../lib/gcc/arm-none-eabi/13.2.1/thumb/v7-m/nofp\libg.a(libc_a-__atexit.o)
                0x0800131c                __register_exitproc
 *(.glue_7)
 .glue_7        0x0800139c        0x0 linker stubs
 *(.glue_7t)
 .glue_7t       0x0800139c        0x0 linker stubs
 *(.eh_frame)
 .eh_frame      0x0800139c        0x0 E:/Arm_GNU_ToolChain/13.2 Rel1/bin/../lib/gcc/arm-none-eabi/13.2.1/thumb/v7-m/nofp/crtbegin.o
 *(.init)
 .init          0x0800139c        0x4 E:/Arm_GNU_ToolChain/13.2 Rel1/bin/../lib/gcc/arm-none-eabi/13.2.1/thumb/v7-m/nofp/crti.o
                0x0800139c                _init
 .init          0x080013a0        0x8 E:/Arm_GNU_ToolChain/13.2 Rel1/bin/../lib/gcc/arm-none-eabi/13.2.1/thumb/v7-m/nofp/crtn.o
 *(.fini)
 .fini          0x080013a8        0x4 E:/Arm_GNU_ToolChain/13.2 Rel1/bin/../lib/gcc/arm-none-eabi/13.2.1/thumb/v7-m/nofp/crti.o
                0x080013a8                _fini
 .fini          0x080013ac        0x8 E:/Arm_GNU_ToolChain/13.2 Rel1/bin/../lib/gcc/arm-none-eabi/13.2.1/thumb/v7-m/nofp/crtn.o
                0x080013b4                        . = ALIGN (0x4)
                0x080013b4                        _etext = .

.vfp11_veneer   0x080013b4        0x0
 .vfp11_veneer  0x080013b4        0x0 linker stubs

.v4_bx          0x080013b4        0x0
 .v4_bx         0x080013b4        0x0 linker stubs

.iplt           0x080013b4        0x0
 .iplt          0x080013b4        0x0 E:/Arm_GNU_ToolChain/13.2 Rel1/bin/../lib/gcc/arm-none-eabi/13.2.1/thumb/v7-m/nofp/crtbegin.o

.rodata         0x080013b4       0x24
                0x080013b4                        . = ALIGN (0x4)
 *(.rodata)
 *(.rodata*)
 .rodata.AHBPrescTable
                0x080013b4       0x10 CMakeFiles/ele_com.elf.dir/Core/Src/system_stm32f1xx.c.obj
                0x080013b4                AHBPrescTable
 .rodata.aPredivFactorTable.0
                0x080013c4        0x2 CMakeFiles/ele_com.elf.dir/Drivers/STM32F1xx_HAL_Driver/Src/stm32f1xx_hal_rcc.c.obj
 *fill*         0x080013c6        0x2 
 .rodata.aPLLMULFactorTable.1
                0x080013c8       0x10 CMakeFiles/ele_com.elf.dir/Drivers/STM32F1xx_HAL_Driver/Src/stm32f1xx_hal_rcc.c.obj
                0x080013d8                        . = ALIGN (0x4)

.ARM.extab      0x080013d8        0x0
                0x080013d8                        . = ALIGN (0x4)
 *(.ARM.extab* .gnu.linkonce.armextab.*)
                0x080013d8                        . = ALIGN (0x4)

.ARM            0x080013d8        0x0
                0x080013d8                        . = ALIGN (0x4)
                0x080013d8                        __exidx_start = .
 *(.ARM.exidx*)
                0x080013d8                        __exidx_end = .
                0x080013d8                        . = ALIGN (0x4)

.preinit_array  0x080013d8        0x0
                0x080013d8                        . = ALIGN (0x4)
                0x080013d8                        PROVIDE (__preinit_array_start = .)
 *(.preinit_array*)
                0x080013d8                        PROVIDE (__preinit_array_end = .)
                0x080013d8                        . = ALIGN (0x4)

.init_array     0x080013d8        0x8
                0x080013d8                        . = ALIGN (0x4)
                0x080013d8                        PROVIDE (__init_array_start = .)
 *(SORT_BY_NAME(.init_array.*))
 .init_array.00000
                0x080013d8        0x4 E:/Arm_GNU_ToolChain/13.2 Rel1/bin/../lib/gcc/arm-none-eabi/13.2.1/thumb/v7-m/nofp\libg.a(libc_a-__call_atexit.o)
 *(.init_array*)
 .init_array    0x080013dc        0x4 E:/Arm_GNU_ToolChain/13.2 Rel1/bin/../lib/gcc/arm-none-eabi/13.2.1/thumb/v7-m/nofp/crtbegin.o
                0x080013e0                        PROVIDE (__init_array_end = .)
                0x080013e0                        . = ALIGN (0x4)

.fini_array     0x080013e0        0x4
                0x080013e0                        . = ALIGN (0x4)
                0x080013e0                        PROVIDE (__fini_array_start = .)
 *(SORT_BY_NAME(.fini_array.*))
 *(.fini_array*)
 .fini_array    0x080013e0        0x4 E:/Arm_GNU_ToolChain/13.2 Rel1/bin/../lib/gcc/arm-none-eabi/13.2.1/thumb/v7-m/nofp/crtbegin.o
                0x080013e4                        PROVIDE (__fini_array_end = .)
                0x080013e4                        . = ALIGN (0x4)
                0x080013e4                        _sidata = LOADADDR (.data)

.rel.dyn        0x080013e4        0x0
 .rel.iplt      0x080013e4        0x0 E:/Arm_GNU_ToolChain/13.2 Rel1/bin/../lib/gcc/arm-none-eabi/13.2.1/thumb/v7-m/nofp/crtbegin.o

.data           0x20000000       0x10 load address 0x080013e4
                0x20000000                        . = ALIGN (0x4)
                0x20000000                        _sdata = .
 *(.data)
 *(.data*)
 .data.SystemCoreClock
                0x20000000        0x4 CMakeFiles/ele_com.elf.dir/Core/Src/system_stm32f1xx.c.obj
                0x20000000                SystemCoreClock
 .data.uwTickFreq
                0x20000004        0x1 CMakeFiles/ele_com.elf.dir/Drivers/STM32F1xx_HAL_Driver/Src/stm32f1xx_hal.c.obj
                0x20000004                uwTickFreq
 *fill*         0x20000005        0x3 
 .data.uwTickPrio
                0x20000008        0x4 CMakeFiles/ele_com.elf.dir/Drivers/STM32F1xx_HAL_Driver/Src/stm32f1xx_hal.c.obj
                0x20000008                uwTickPrio
 .data.__atexit_recursive_mutex
                0x2000000c        0x4 E:/Arm_GNU_ToolChain/13.2 Rel1/bin/../lib/gcc/arm-none-eabi/13.2.1/thumb/v7-m/nofp\libg.a(libc_a-__call_atexit.o)
                0x2000000c                __atexit_recursive_mutex
 *(.RamFunc)
 *(.RamFunc*)
                0x20000010                        . = ALIGN (0x4)
                0x20000010                        _edata = .

.tm_clone_table
                0x20000010        0x0 load address 0x080013f4
 .tm_clone_table
                0x20000010        0x0 E:/Arm_GNU_ToolChain/13.2 Rel1/bin/../lib/gcc/arm-none-eabi/13.2.1/thumb/v7-m/nofp/crtbegin.o
 .tm_clone_table
                0x20000010        0x0 E:/Arm_GNU_ToolChain/13.2 Rel1/bin/../lib/gcc/arm-none-eabi/13.2.1/thumb/v7-m/nofp/crtend.o

.igot.plt       0x20000010        0x0 load address 0x080013f4
 .igot.plt      0x20000010        0x0 E:/Arm_GNU_ToolChain/13.2 Rel1/bin/../lib/gcc/arm-none-eabi/13.2.1/thumb/v7-m/nofp/crtbegin.o
                0x20000010                        . = ALIGN (0x4)

.bss            0x20000010      0x200 load address 0x080013f4
                0x20000010                        _sbss = .
                0x20000010                        __bss_start__ = _sbss
 *(.bss)
 *(.bss*)
 .bss.completed.1
                0x20000010        0x1 E:/Arm_GNU_ToolChain/13.2 Rel1/bin/../lib/gcc/arm-none-eabi/13.2.1/thumb/v7-m/nofp/crtbegin.o
 *fill*         0x20000011        0x3 
 .bss.object.0  0x20000014       0x18 E:/Arm_GNU_ToolChain/13.2 Rel1/bin/../lib/gcc/arm-none-eabi/13.2.1/thumb/v7-m/nofp/crtbegin.o
 .bss.htim1     0x2000002c       0x48 CMakeFiles/ele_com.elf.dir/Core/Src/tim.c.obj
                0x2000002c                htim1
 .bss.uwTick    0x20000074        0x4 CMakeFiles/ele_com.elf.dir/Drivers/STM32F1xx_HAL_Driver/Src/stm32f1xx_hal.c.obj
                0x20000074                uwTick
 .bss.__lock___atexit_recursive_mutex
                0x20000078        0x1 E:/Arm_GNU_ToolChain/13.2 Rel1/bin/../lib/gcc/arm-none-eabi/13.2.1/thumb/v7-m/nofp\libg.a(libc_a-lock.o)
                0x20000078                __lock___atexit_recursive_mutex
 *fill*         0x20000079        0x3 
 .bss.__atexit  0x2000007c        0x4 E:/Arm_GNU_ToolChain/13.2 Rel1/bin/../lib/gcc/arm-none-eabi/13.2.1/thumb/v7-m/nofp\libg.a(libc_a-__call_atexit.o)
                0x2000007c                __atexit
 .bss.__atexit0
                0x20000080      0x190 E:/Arm_GNU_ToolChain/13.2 Rel1/bin/../lib/gcc/arm-none-eabi/13.2.1/thumb/v7-m/nofp\libg.a(libc_a-__atexit.o)
                0x20000080                __atexit0
 *(COMMON)
                0x20000210                        . = ALIGN (0x4)
                0x20000210                        _ebss = .
                0x20000210                        __bss_end__ = _ebss

._user_heap_stack
                0x20000210      0x600 load address 0x080013f4
                0x20000210                        . = ALIGN (0x8)
                [!provide]                        PROVIDE (end = .)
                0x20000210                        PROVIDE (_end = .)
                0x20000410                        . = (. + _Min_Heap_Size)
 *fill*         0x20000210      0x200 
                0x20000810                        . = (. + _Min_Stack_Size)
 *fill*         0x20000410      0x400 
                0x20000810                        . = ALIGN (0x8)

/DISCARD/
 libc.a(*)
 libm.a(*)
 libgcc.a(*)

.ARM.attributes
                0x00000000       0x29
 *(.ARM.attributes)
 .ARM.attributes
                0x00000000       0x1d E:/Arm_GNU_ToolChain/13.2 Rel1/bin/../lib/gcc/arm-none-eabi/13.2.1/thumb/v7-m/nofp/crti.o
 .ARM.attributes
                0x0000001d       0x2d E:/Arm_GNU_ToolChain/13.2 Rel1/bin/../lib/gcc/arm-none-eabi/13.2.1/thumb/v7-m/nofp/crtbegin.o
 .ARM.attributes
                0x0000004a       0x2d CMakeFiles/ele_com.elf.dir/Core/Src/gpio.c.obj
 .ARM.attributes
                0x00000077       0x2d CMakeFiles/ele_com.elf.dir/Core/Src/main.c.obj
 .ARM.attributes
                0x000000a4       0x2d CMakeFiles/ele_com.elf.dir/Core/Src/stm32f1xx_hal_msp.c.obj
 .ARM.attributes
                0x000000d1       0x2d CMakeFiles/ele_com.elf.dir/Core/Src/stm32f1xx_it.c.obj
 .ARM.attributes
                0x000000fe       0x2d CMakeFiles/ele_com.elf.dir/Core/Src/system_stm32f1xx.c.obj
 .ARM.attributes
                0x0000012b       0x2d CMakeFiles/ele_com.elf.dir/Core/Src/tim.c.obj
 .ARM.attributes
                0x00000158       0x21 CMakeFiles/ele_com.elf.dir/Core/Startup/startup_stm32f103c8tx.s.obj
 .ARM.attributes
                0x00000179       0x2d CMakeFiles/ele_com.elf.dir/Drivers/STM32F1xx_HAL_Driver/Src/stm32f1xx_hal.c.obj
 .ARM.attributes
                0x000001a6       0x2d CMakeFiles/ele_com.elf.dir/Drivers/STM32F1xx_HAL_Driver/Src/stm32f1xx_hal_cortex.c.obj
 .ARM.attributes
                0x000001d3       0x2d CMakeFiles/ele_com.elf.dir/Drivers/STM32F1xx_HAL_Driver/Src/stm32f1xx_hal_gpio.c.obj
 .ARM.attributes
                0x00000200       0x2d CMakeFiles/ele_com.elf.dir/Drivers/STM32F1xx_HAL_Driver/Src/stm32f1xx_hal_rcc.c.obj
 .ARM.attributes
                0x0000022d       0x2d CMakeFiles/ele_com.elf.dir/Drivers/STM32F1xx_HAL_Driver/Src/stm32f1xx_hal_tim.c.obj
 .ARM.attributes
                0x0000025a       0x2d CMakeFiles/ele_com.elf.dir/Drivers/STM32F1xx_HAL_Driver/Src/stm32f1xx_hal_tim_ex.c.obj
 .ARM.attributes
                0x00000287       0x2d E:/Arm_GNU_ToolChain/13.2 Rel1/bin/../lib/gcc/arm-none-eabi/13.2.1/thumb/v7-m/nofp\libg.a(libc_a-memset.o)
 .ARM.attributes
                0x000002b4       0x2d E:/Arm_GNU_ToolChain/13.2 Rel1/bin/../lib/gcc/arm-none-eabi/13.2.1/thumb/v7-m/nofp\libg.a(libc_a-init.o)
 .ARM.attributes
                0x000002e1       0x2d E:/Arm_GNU_ToolChain/13.2 Rel1/bin/../lib/gcc/arm-none-eabi/13.2.1/thumb/v7-m/nofp\libg.a(libc_a-lock.o)
 .ARM.attributes
                0x0000030e       0x2d E:/Arm_GNU_ToolChain/13.2 Rel1/bin/../lib/gcc/arm-none-eabi/13.2.1/thumb/v7-m/nofp\libg.a(libc_a-__call_atexit.o)
 .ARM.attributes
                0x0000033b       0x2d E:/Arm_GNU_ToolChain/13.2 Rel1/bin/../lib/gcc/arm-none-eabi/13.2.1/thumb/v7-m/nofp\libg.a(libc_a-atexit.o)
 .ARM.attributes
                0x00000368       0x2d E:/Arm_GNU_ToolChain/13.2 Rel1/bin/../lib/gcc/arm-none-eabi/13.2.1/thumb/v7-m/nofp\libg.a(libc_a-fini.o)
 .ARM.attributes
                0x00000395       0x2d E:/Arm_GNU_ToolChain/13.2 Rel1/bin/../lib/gcc/arm-none-eabi/13.2.1/thumb/v7-m/nofp\libg.a(libc_a-__atexit.o)
 .ARM.attributes
                0x000003c2       0x2d E:/Arm_GNU_ToolChain/13.2 Rel1/bin/../lib/gcc/arm-none-eabi/13.2.1/thumb/v7-m/nofp/crtend.o
 .ARM.attributes
                0x000003ef       0x1d E:/Arm_GNU_ToolChain/13.2 Rel1/bin/../lib/gcc/arm-none-eabi/13.2.1/thumb/v7-m/nofp/crtn.o
OUTPUT(ele_com.elf elf32-littlearm)
LOAD linker stubs
LOAD E:/Arm_GNU_ToolChain/13.2 Rel1/bin/../lib/gcc/arm-none-eabi/13.2.1/thumb/v7-m/nofp\libc.a
LOAD E:/Arm_GNU_ToolChain/13.2 Rel1/bin/../lib/gcc/arm-none-eabi/13.2.1/thumb/v7-m/nofp\libm.a
LOAD E:/Arm_GNU_ToolChain/13.2 Rel1/bin/../lib/gcc/arm-none-eabi/13.2.1/thumb/v7-m/nofp\libgcc.a

.debug_info     0x00000000     0x91ed
 .debug_info    0x00000000      0x2ee CMakeFiles/ele_com.elf.dir/Core/Src/gpio.c.obj
 .debug_info    0x000002ee      0x320 CMakeFiles/ele_com.elf.dir/Core/Src/main.c.obj
 .debug_info    0x0000060e      0x1f4 CMakeFiles/ele_com.elf.dir/Core/Src/stm32f1xx_hal_msp.c.obj
 .debug_info    0x00000802      0x11d CMakeFiles/ele_com.elf.dir/Core/Src/stm32f1xx_it.c.obj
 .debug_info    0x0000091f      0x22d CMakeFiles/ele_com.elf.dir/Core/Src/system_stm32f1xx.c.obj
 .debug_info    0x00000b4c      0xb98 CMakeFiles/ele_com.elf.dir/Core/Src/tim.c.obj
 .debug_info    0x000016e4       0x30 CMakeFiles/ele_com.elf.dir/Core/Startup/startup_stm32f103c8tx.s.obj
 .debug_info    0x00001714      0x7a2 CMakeFiles/ele_com.elf.dir/Drivers/STM32F1xx_HAL_Driver/Src/stm32f1xx_hal.c.obj
 .debug_info    0x00001eb6      0xcd9 CMakeFiles/ele_com.elf.dir/Drivers/STM32F1xx_HAL_Driver/Src/stm32f1xx_hal_cortex.c.obj
 .debug_info    0x00002b8f      0x604 CMakeFiles/ele_com.elf.dir/Drivers/STM32F1xx_HAL_Driver/Src/stm32f1xx_hal_gpio.c.obj
 .debug_info    0x00003193      0x9c7 CMakeFiles/ele_com.elf.dir/Drivers/STM32F1xx_HAL_Driver/Src/stm32f1xx_hal_rcc.c.obj
 .debug_info    0x00003b5a     0x3be7 CMakeFiles/ele_com.elf.dir/Drivers/STM32F1xx_HAL_Driver/Src/stm32f1xx_hal_tim.c.obj
 .debug_info    0x00007741     0x1aac CMakeFiles/ele_com.elf.dir/Drivers/STM32F1xx_HAL_Driver/Src/stm32f1xx_hal_tim_ex.c.obj

.debug_abbrev   0x00000000     0x170e
 .debug_abbrev  0x00000000      0x151 CMakeFiles/ele_com.elf.dir/Core/Src/gpio.c.obj
 .debug_abbrev  0x00000151      0x18c CMakeFiles/ele_com.elf.dir/Core/Src/main.c.obj
 .debug_abbrev  0x000002dd       0xed CMakeFiles/ele_com.elf.dir/Core/Src/stm32f1xx_hal_msp.c.obj
 .debug_abbrev  0x000003ca       0x7c CMakeFiles/ele_com.elf.dir/Core/Src/stm32f1xx_it.c.obj
 .debug_abbrev  0x00000446      0x143 CMakeFiles/ele_com.elf.dir/Core/Src/system_stm32f1xx.c.obj
 .debug_abbrev  0x00000589      0x252 CMakeFiles/ele_com.elf.dir/Core/Src/tim.c.obj
 .debug_abbrev  0x000007db       0x24 CMakeFiles/ele_com.elf.dir/Core/Startup/startup_stm32f103c8tx.s.obj
 .debug_abbrev  0x000007ff      0x22d CMakeFiles/ele_com.elf.dir/Drivers/STM32F1xx_HAL_Driver/Src/stm32f1xx_hal.c.obj
 .debug_abbrev  0x00000a2c      0x36d CMakeFiles/ele_com.elf.dir/Drivers/STM32F1xx_HAL_Driver/Src/stm32f1xx_hal_cortex.c.obj
 .debug_abbrev  0x00000d99      0x1f7 CMakeFiles/ele_com.elf.dir/Drivers/STM32F1xx_HAL_Driver/Src/stm32f1xx_hal_gpio.c.obj
 .debug_abbrev  0x00000f90      0x2a0 CMakeFiles/ele_com.elf.dir/Drivers/STM32F1xx_HAL_Driver/Src/stm32f1xx_hal_rcc.c.obj
 .debug_abbrev  0x00001230      0x270 CMakeFiles/ele_com.elf.dir/Drivers/STM32F1xx_HAL_Driver/Src/stm32f1xx_hal_tim.c.obj
 .debug_abbrev  0x000014a0      0x26e CMakeFiles/ele_com.elf.dir/Drivers/STM32F1xx_HAL_Driver/Src/stm32f1xx_hal_tim_ex.c.obj

.debug_aranges  0x00000000      0x918
 .debug_aranges
                0x00000000       0x20 CMakeFiles/ele_com.elf.dir/Core/Src/gpio.c.obj
 .debug_aranges
                0x00000020       0x30 CMakeFiles/ele_com.elf.dir/Core/Src/main.c.obj
 .debug_aranges
                0x00000050       0x20 CMakeFiles/ele_com.elf.dir/Core/Src/stm32f1xx_hal_msp.c.obj
 .debug_aranges
                0x00000070       0x60 CMakeFiles/ele_com.elf.dir/Core/Src/stm32f1xx_it.c.obj
 .debug_aranges
                0x000000d0       0x28 CMakeFiles/ele_com.elf.dir/Core/Src/system_stm32f1xx.c.obj
 .debug_aranges
                0x000000f8       0x38 CMakeFiles/ele_com.elf.dir/Core/Src/tim.c.obj
 .debug_aranges
                0x00000130       0x28 CMakeFiles/ele_com.elf.dir/Core/Startup/startup_stm32f103c8tx.s.obj
 .debug_aranges
                0x00000158       0xe0 CMakeFiles/ele_com.elf.dir/Drivers/STM32F1xx_HAL_Driver/Src/stm32f1xx_hal.c.obj
 .debug_aranges
                0x00000238       0xc0 CMakeFiles/ele_com.elf.dir/Drivers/STM32F1xx_HAL_Driver/Src/stm32f1xx_hal_cortex.c.obj
 .debug_aranges
                0x000002f8       0x58 CMakeFiles/ele_com.elf.dir/Drivers/STM32F1xx_HAL_Driver/Src/stm32f1xx_hal_gpio.c.obj
 .debug_aranges
                0x00000350       0x90 CMakeFiles/ele_com.elf.dir/Drivers/STM32F1xx_HAL_Driver/Src/stm32f1xx_hal_rcc.c.obj
 .debug_aranges
                0x000003e0      0x3d0 CMakeFiles/ele_com.elf.dir/Drivers/STM32F1xx_HAL_Driver/Src/stm32f1xx_hal_tim.c.obj
 .debug_aranges
                0x000007b0      0x168 CMakeFiles/ele_com.elf.dir/Drivers/STM32F1xx_HAL_Driver/Src/stm32f1xx_hal_tim_ex.c.obj

.debug_rnglists
                0x00000000      0x6e3
 .debug_rnglists
                0x00000000       0x13 CMakeFiles/ele_com.elf.dir/Core/Src/gpio.c.obj
 .debug_rnglists
                0x00000013       0x1f CMakeFiles/ele_com.elf.dir/Core/Src/main.c.obj
 .debug_rnglists
                0x00000032       0x13 CMakeFiles/ele_com.elf.dir/Core/Src/stm32f1xx_hal_msp.c.obj
 .debug_rnglists
                0x00000045       0x43 CMakeFiles/ele_com.elf.dir/Core/Src/stm32f1xx_it.c.obj
 .debug_rnglists
                0x00000088       0x1a CMakeFiles/ele_com.elf.dir/Core/Src/system_stm32f1xx.c.obj
 .debug_rnglists
                0x000000a2       0x26 CMakeFiles/ele_com.elf.dir/Core/Src/tim.c.obj
 .debug_rnglists
                0x000000c8       0x19 CMakeFiles/ele_com.elf.dir/Core/Startup/startup_stm32f103c8tx.s.obj
 .debug_rnglists
                0x000000e1       0xa3 CMakeFiles/ele_com.elf.dir/Drivers/STM32F1xx_HAL_Driver/Src/stm32f1xx_hal.c.obj
 .debug_rnglists
                0x00000184       0x8b CMakeFiles/ele_com.elf.dir/Drivers/STM32F1xx_HAL_Driver/Src/stm32f1xx_hal_cortex.c.obj
 .debug_rnglists
                0x0000020f       0x3f CMakeFiles/ele_com.elf.dir/Drivers/STM32F1xx_HAL_Driver/Src/stm32f1xx_hal_gpio.c.obj
 .debug_rnglists
                0x0000024e       0x7d CMakeFiles/ele_com.elf.dir/Drivers/STM32F1xx_HAL_Driver/Src/stm32f1xx_hal_rcc.c.obj
 .debug_rnglists
                0x000002cb      0x2fe CMakeFiles/ele_com.elf.dir/Drivers/STM32F1xx_HAL_Driver/Src/stm32f1xx_hal_tim.c.obj
 .debug_rnglists
                0x000005c9      0x11a CMakeFiles/ele_com.elf.dir/Drivers/STM32F1xx_HAL_Driver/Src/stm32f1xx_hal_tim_ex.c.obj

.debug_line     0x00000000     0x8d26
 .debug_line    0x00000000      0x1dc CMakeFiles/ele_com.elf.dir/Core/Src/gpio.c.obj
 .debug_line    0x000001dc      0x2e5 CMakeFiles/ele_com.elf.dir/Core/Src/main.c.obj
 .debug_line    0x000004c1      0x16d CMakeFiles/ele_com.elf.dir/Core/Src/stm32f1xx_hal_msp.c.obj
 .debug_line    0x0000062e      0x171 CMakeFiles/ele_com.elf.dir/Core/Src/stm32f1xx_it.c.obj
 .debug_line    0x0000079f      0x235 CMakeFiles/ele_com.elf.dir/Core/Src/system_stm32f1xx.c.obj
 .debug_line    0x000009d4      0x42a CMakeFiles/ele_com.elf.dir/Core/Src/tim.c.obj
 .debug_line    0x00000dfe       0x78 CMakeFiles/ele_com.elf.dir/Core/Startup/startup_stm32f103c8tx.s.obj
 .debug_line    0x00000e76      0x552 CMakeFiles/ele_com.elf.dir/Drivers/STM32F1xx_HAL_Driver/Src/stm32f1xx_hal.c.obj
 .debug_line    0x000013c8      0x6b1 CMakeFiles/ele_com.elf.dir/Drivers/STM32F1xx_HAL_Driver/Src/stm32f1xx_hal_cortex.c.obj
 .debug_line    0x00001a79      0x5da CMakeFiles/ele_com.elf.dir/Drivers/STM32F1xx_HAL_Driver/Src/stm32f1xx_hal_gpio.c.obj
 .debug_line    0x00002053      0xcb4 CMakeFiles/ele_com.elf.dir/Drivers/STM32F1xx_HAL_Driver/Src/stm32f1xx_hal_rcc.c.obj
 .debug_line    0x00002d07     0x4606 CMakeFiles/ele_com.elf.dir/Drivers/STM32F1xx_HAL_Driver/Src/stm32f1xx_hal_tim.c.obj
 .debug_line    0x0000730d     0x1a19 CMakeFiles/ele_com.elf.dir/Drivers/STM32F1xx_HAL_Driver/Src/stm32f1xx_hal_tim_ex.c.obj

.debug_str      0x00000000     0x2d4c
 .debug_str     0x00000000     0x2d4c CMakeFiles/ele_com.elf.dir/Core/Src/gpio.c.obj
                                0x2ad (size before relaxing)
 .debug_str     0x00002d4c      0x391 CMakeFiles/ele_com.elf.dir/Core/Src/main.c.obj
 .debug_str     0x00002d4c      0x241 CMakeFiles/ele_com.elf.dir/Core/Src/stm32f1xx_hal_msp.c.obj
 .debug_str     0x00002d4c      0x244 CMakeFiles/ele_com.elf.dir/Core/Src/stm32f1xx_it.c.obj
 .debug_str     0x00002d4c      0x276 CMakeFiles/ele_com.elf.dir/Core/Src/system_stm32f1xx.c.obj
 .debug_str     0x00002d4c      0x994 CMakeFiles/ele_com.elf.dir/Core/Src/tim.c.obj
 .debug_str     0x00002d4c       0x87 CMakeFiles/ele_com.elf.dir/Core/Startup/startup_stm32f103c8tx.s.obj
 .debug_str     0x00002d4c      0x850 CMakeFiles/ele_com.elf.dir/Drivers/STM32F1xx_HAL_Driver/Src/stm32f1xx_hal.c.obj
 .debug_str     0x00002d4c      0x8f5 CMakeFiles/ele_com.elf.dir/Drivers/STM32F1xx_HAL_Driver/Src/stm32f1xx_hal_cortex.c.obj
 .debug_str     0x00002d4c      0x422 CMakeFiles/ele_com.elf.dir/Drivers/STM32F1xx_HAL_Driver/Src/stm32f1xx_hal_gpio.c.obj
 .debug_str     0x00002d4c      0x64d CMakeFiles/ele_com.elf.dir/Drivers/STM32F1xx_HAL_Driver/Src/stm32f1xx_hal_rcc.c.obj
 .debug_str     0x00002d4c     0x1697 CMakeFiles/ele_com.elf.dir/Drivers/STM32F1xx_HAL_Driver/Src/stm32f1xx_hal_tim.c.obj
 .debug_str     0x00002d4c      0xeb3 CMakeFiles/ele_com.elf.dir/Drivers/STM32F1xx_HAL_Driver/Src/stm32f1xx_hal_tim_ex.c.obj

.comment        0x00000000       0x44
 .comment       0x00000000       0x44 CMakeFiles/ele_com.elf.dir/Core/Src/gpio.c.obj
                                 0x45 (size before relaxing)
 .comment       0x00000044       0x45 CMakeFiles/ele_com.elf.dir/Core/Src/main.c.obj
 .comment       0x00000044       0x45 CMakeFiles/ele_com.elf.dir/Core/Src/stm32f1xx_hal_msp.c.obj
 .comment       0x00000044       0x45 CMakeFiles/ele_com.elf.dir/Core/Src/stm32f1xx_it.c.obj
 .comment       0x00000044       0x45 CMakeFiles/ele_com.elf.dir/Core/Src/system_stm32f1xx.c.obj
 .comment       0x00000044       0x45 CMakeFiles/ele_com.elf.dir/Core/Src/tim.c.obj
 .comment       0x00000044       0x45 CMakeFiles/ele_com.elf.dir/Drivers/STM32F1xx_HAL_Driver/Src/stm32f1xx_hal.c.obj
 .comment       0x00000044       0x45 CMakeFiles/ele_com.elf.dir/Drivers/STM32F1xx_HAL_Driver/Src/stm32f1xx_hal_cortex.c.obj
 .comment       0x00000044       0x45 CMakeFiles/ele_com.elf.dir/Drivers/STM32F1xx_HAL_Driver/Src/stm32f1xx_hal_gpio.c.obj
 .comment       0x00000044       0x45 CMakeFiles/ele_com.elf.dir/Drivers/STM32F1xx_HAL_Driver/Src/stm32f1xx_hal_rcc.c.obj
 .comment       0x00000044       0x45 CMakeFiles/ele_com.elf.dir/Drivers/STM32F1xx_HAL_Driver/Src/stm32f1xx_hal_tim.c.obj
 .comment       0x00000044       0x45 CMakeFiles/ele_com.elf.dir/Drivers/STM32F1xx_HAL_Driver/Src/stm32f1xx_hal_tim_ex.c.obj

.debug_frame    0x00000000     0x18ec
 .debug_frame   0x00000000       0x30 CMakeFiles/ele_com.elf.dir/Core/Src/gpio.c.obj
 .debug_frame   0x00000030       0x58 CMakeFiles/ele_com.elf.dir/Core/Src/main.c.obj
 .debug_frame   0x00000088       0x28 CMakeFiles/ele_com.elf.dir/Core/Src/stm32f1xx_hal_msp.c.obj
 .debug_frame   0x000000b0       0xa8 CMakeFiles/ele_com.elf.dir/Core/Src/stm32f1xx_it.c.obj
 .debug_frame   0x00000158       0x30 CMakeFiles/ele_com.elf.dir/Core/Src/system_stm32f1xx.c.obj
 .debug_frame   0x00000188       0x7c CMakeFiles/ele_com.elf.dir/Core/Src/tim.c.obj
 .debug_frame   0x00000204      0x1cc CMakeFiles/ele_com.elf.dir/Drivers/STM32F1xx_HAL_Driver/Src/stm32f1xx_hal.c.obj
 .debug_frame   0x000003d0      0x19c CMakeFiles/ele_com.elf.dir/Drivers/STM32F1xx_HAL_Driver/Src/stm32f1xx_hal_cortex.c.obj
 .debug_frame   0x0000056c       0xe4 CMakeFiles/ele_com.elf.dir/Drivers/STM32F1xx_HAL_Driver/Src/stm32f1xx_hal_gpio.c.obj
 .debug_frame   0x00000650      0x184 CMakeFiles/ele_com.elf.dir/Drivers/STM32F1xx_HAL_Driver/Src/stm32f1xx_hal_rcc.c.obj
 .debug_frame   0x000007d4      0xb14 CMakeFiles/ele_com.elf.dir/Drivers/STM32F1xx_HAL_Driver/Src/stm32f1xx_hal_tim.c.obj
 .debug_frame   0x000012e8      0x418 CMakeFiles/ele_com.elf.dir/Drivers/STM32F1xx_HAL_Driver/Src/stm32f1xx_hal_tim_ex.c.obj
 .debug_frame   0x00001700       0x2c E:/Arm_GNU_ToolChain/13.2 Rel1/bin/../lib/gcc/arm-none-eabi/13.2.1/thumb/v7-m/nofp\libg.a(libc_a-memset.o)
 .debug_frame   0x0000172c       0x2c E:/Arm_GNU_ToolChain/13.2 Rel1/bin/../lib/gcc/arm-none-eabi/13.2.1/thumb/v7-m/nofp\libg.a(libc_a-init.o)
 .debug_frame   0x00001758       0xb0 E:/Arm_GNU_ToolChain/13.2 Rel1/bin/../lib/gcc/arm-none-eabi/13.2.1/thumb/v7-m/nofp\libg.a(libc_a-lock.o)
 .debug_frame   0x00001808       0x5c E:/Arm_GNU_ToolChain/13.2 Rel1/bin/../lib/gcc/arm-none-eabi/13.2.1/thumb/v7-m/nofp\libg.a(libc_a-__call_atexit.o)
 .debug_frame   0x00001864       0x20 E:/Arm_GNU_ToolChain/13.2 Rel1/bin/../lib/gcc/arm-none-eabi/13.2.1/thumb/v7-m/nofp\libg.a(libc_a-atexit.o)
 .debug_frame   0x00001884       0x34 E:/Arm_GNU_ToolChain/13.2 Rel1/bin/../lib/gcc/arm-none-eabi/13.2.1/thumb/v7-m/nofp\libg.a(libc_a-fini.o)
 .debug_frame   0x000018b8       0x34 E:/Arm_GNU_ToolChain/13.2 Rel1/bin/../lib/gcc/arm-none-eabi/13.2.1/thumb/v7-m/nofp\libg.a(libc_a-__atexit.o)

.debug_loclists
                0x00000000     0x59c0
 .debug_loclists
                0x00000000       0x17 CMakeFiles/ele_com.elf.dir/Core/Src/stm32f1xx_hal_msp.c.obj
 .debug_loclists
                0x00000017       0xb7 CMakeFiles/ele_com.elf.dir/Core/Src/system_stm32f1xx.c.obj
 .debug_loclists
                0x000000ce       0x40 CMakeFiles/ele_com.elf.dir/Core/Src/tim.c.obj
 .debug_loclists
                0x0000010e       0xe1 CMakeFiles/ele_com.elf.dir/Drivers/STM32F1xx_HAL_Driver/Src/stm32f1xx_hal.c.obj
 .debug_loclists
                0x000001ef      0x530 CMakeFiles/ele_com.elf.dir/Drivers/STM32F1xx_HAL_Driver/Src/stm32f1xx_hal_cortex.c.obj
 .debug_loclists
                0x0000071f      0x318 CMakeFiles/ele_com.elf.dir/Drivers/STM32F1xx_HAL_Driver/Src/stm32f1xx_hal_gpio.c.obj
 .debug_loclists
                0x00000a37      0x42e CMakeFiles/ele_com.elf.dir/Drivers/STM32F1xx_HAL_Driver/Src/stm32f1xx_hal_rcc.c.obj
 .debug_loclists
                0x00000e65     0x37c3 CMakeFiles/ele_com.elf.dir/Drivers/STM32F1xx_HAL_Driver/Src/stm32f1xx_hal_tim.c.obj
 .debug_loclists
                0x00004628     0x1398 CMakeFiles/ele_com.elf.dir/Drivers/STM32F1xx_HAL_Driver/Src/stm32f1xx_hal_tim_ex.c.obj

.debug_line_str
                0x00000000       0x6b
 .debug_line_str
                0x00000000       0x6b CMakeFiles/ele_com.elf.dir/Core/Startup/startup_stm32f103c8tx.s.obj
